******************************************************************************
                  TI ARM Linker PC v20.2.6                     
******************************************************************************
>> Linked Wed Jan 25 16:22:32 2023

OUTPUT FILE NAME:   <lab2_template_eel4742.out>
ENTRY POINT SYMBOL: "_c_int00_noinit_noargs"  address: 00000459


MEMORY CONFIGURATION

         name            origin    length      used     unused   attr    fill
----------------------  --------  ---------  --------  --------  ----  --------
  MAIN                  00000000   00040000  0000049a  0003fb66  R  X
  INFO                  00200000   00004000  00000000  00004000  R  X
  SRAM_CODE             01000000   00010000  00000200  0000fe00  RW X
  SRAM_DATA             20000000   00010000  00000200  0000fe00  RW  


SEGMENT ALLOCATION MAP

run origin  load origin   length   init length attrs members
----------  ----------- ---------- ----------- ----- -------
00000000    00000000    0000049a   0000049a    r-x
  00000000    00000000    000000e4   000000e4    r-- .intvecs
  000000e4    000000e4    000003b6   000003b6    r-x .text
2000fe00    2000fe00    00000200   00000000    rw-
  2000fe00    2000fe00    00000200   00000000    rw- .stack


SECTION ALLOCATION MAP

 output                                  attributes/
section   page    origin      length       input sections
--------  ----  ----------  ----------   ----------------
.intvecs   0    00000000    000000e4     
                  00000000    000000e4     startup_msp432p401r_ccs.obj (.intvecs:retain)

.text      0    000000e4    000003b6     
                  000000e4    000002c4     lab2_5.obj (.text:main)
                  000003a8    00000078     system_msp432p401r.obj (.text:SystemInit)
                  00000420    00000038     lab2_5.obj (.text:myTimeDelay)
                  00000458    0000002c     rtsv7M4_T_le_v4SPD16_eabi.lib : boot_cortex_m.c.obj (.text:_c_int00_noinit_noargs:_c_int00_noinit_noargs)
                  00000484    0000000c     startup_msp432p401r_ccs.obj (.text:Reset_Handler)
                  00000490    00000004     rtsv7M4_T_le_v4SPD16_eabi.lib : pre_init.c.obj (.text:_system_pre_init)
                  00000494    00000004                                   : exit.c.obj (.text:abort:abort)
                  00000498    00000002     startup_msp432p401r_ccs.obj (.text:Default_Handler)

.cinit     0    00000000    00000000     UNINITIALIZED

.init_array 
*          0    00000000    00000000     UNINITIALIZED

.binit     0    00000000    00000000     

.stack     0    2000fe00    00000200     UNINITIALIZED
                  2000fe00    00000004     rtsv7M4_T_le_v4SPD16_eabi.lib : boot_cortex_m.c.obj (.stack)
                  2000fe04    000001fc     --HOLE--

__llvm_prf_cnts 
*          0    20000000    00000000     UNINITIALIZED

MODULE SUMMARY

       Module                        code   ro data   rw data
       ------                        ----   -------   -------
    .\
       lab2_5.obj                    764    0         0      
       system_msp432p401r.obj        120    0         0      
    +--+-----------------------------+------+---------+---------+
       Total:                        884    0         0      
                                                             
    .\ccs\
       startup_msp432p401r_ccs.obj   14     228       0      
    +--+-----------------------------+------+---------+---------+
       Total:                        14     228       0      
                                                             
    C:\ti\ccs1200\ccs\tools\compiler\ti-cgt-arm_20.2.6.LTS\lib\rtsv7M4_T_le_v4SPD16_eabi.lib
       boot_cortex_m.c.obj           44     0         0      
       exit.c.obj                    4      0         0      
       pre_init.c.obj                4      0         0      
    +--+-----------------------------+------+---------+---------+
       Total:                        52     0         0      
                                                             
       Stack:                        0      0         1024   
    +--+-----------------------------+------+---------+---------+
       Grand Total:                  950    228       1024   


GLOBAL SYMBOLS: SORTED ALPHABETICALLY BY Name 

address   name                   
-------   ----                   
00000499  ADC14_IRQHandler       
00000499  AES256_IRQHandler      
00000499  BusFault_Handler       
00000495  C$$EXIT                
00000499  COMP_E0_IRQHandler     
00000499  COMP_E1_IRQHandler     
00000499  CS_IRQHandler          
00000499  DMA_ERR_IRQHandler     
00000499  DMA_INT0_IRQHandler    
00000499  DMA_INT1_IRQHandler    
00000499  DMA_INT2_IRQHandler    
00000499  DMA_INT3_IRQHandler    
00000499  DebugMon_Handler       
00000499  Default_Handler        
00000499  EUSCIA0_IRQHandler     
00000499  EUSCIA1_IRQHandler     
00000499  EUSCIA2_IRQHandler     
00000499  EUSCIA3_IRQHandler     
00000499  EUSCIB0_IRQHandler     
00000499  EUSCIB1_IRQHandler     
00000499  EUSCIB2_IRQHandler     
00000499  EUSCIB3_IRQHandler     
00000499  FLCTL_IRQHandler       
00000499  FPU_IRQHandler         
00000499  HardFault_Handler      
00000499  MemManage_Handler      
00000499  NMI_Handler            
00000499  PCM_IRQHandler         
00000499  PORT1_IRQHandler       
00000499  PORT2_IRQHandler       
00000499  PORT3_IRQHandler       
00000499  PORT4_IRQHandler       
00000499  PORT5_IRQHandler       
00000499  PORT6_IRQHandler       
00000499  PSS_IRQHandler         
00000499  PendSV_Handler         
00000499  RTC_C_IRQHandler       
00000485  Reset_Handler          
00000499  SVC_Handler            
00000499  SysTick_Handler        
000003a9  SystemInit             
00000499  T32_INT1_IRQHandler    
00000499  T32_INT2_IRQHandler    
00000499  T32_INTC_IRQHandler    
00000499  TA0_0_IRQHandler       
00000499  TA0_N_IRQHandler       
00000499  TA1_0_IRQHandler       
00000499  TA1_N_IRQHandler       
00000499  TA2_0_IRQHandler       
00000499  TA2_N_IRQHandler       
00000499  TA3_0_IRQHandler       
00000499  TA3_N_IRQHandler       
00000499  UsageFault_Handler     
4000480c  WDTCTL_SYM             
00000499  WDT_A_IRQHandler       
20010000  __STACK_END            
00000200  __STACK_SIZE           
ffffffff  __TI_pprof_out_hndl    
ffffffff  __TI_prof_data_size    
ffffffff  __TI_prof_data_start   
00000000  __TI_static_base__     
ffffffff  __binit__              
ffffffff  __c_args__             
UNDEFED   __mpu_init             
2000fe00  __stack                
20000000  __start___llvm_prf_cnts
20000000  __stop___llvm_prf_cnts 
00000459  _c_int00_noinit_noargs 
00000491  _system_pre_init       
00000495  abort                  
ffffffff  binit                  
00000000  interruptVectors       
000000e5  main                   
00000421  myTimeDelay            


GLOBAL SYMBOLS: SORTED BY Symbol Address 

address   name                   
-------   ----                   
00000000  __TI_static_base__     
00000000  interruptVectors       
000000e5  main                   
00000200  __STACK_SIZE           
000003a9  SystemInit             
00000421  myTimeDelay            
00000459  _c_int00_noinit_noargs 
00000485  Reset_Handler          
00000491  _system_pre_init       
00000495  C$$EXIT                
00000495  abort                  
00000499  ADC14_IRQHandler       
00000499  AES256_IRQHandler      
00000499  BusFault_Handler       
00000499  COMP_E0_IRQHandler     
00000499  COMP_E1_IRQHandler     
00000499  CS_IRQHandler          
00000499  DMA_ERR_IRQHandler     
00000499  DMA_INT0_IRQHandler    
00000499  DMA_INT1_IRQHandler    
00000499  DMA_INT2_IRQHandler    
00000499  DMA_INT3_IRQHandler    
00000499  DebugMon_Handler       
00000499  Default_Handler        
00000499  EUSCIA0_IRQHandler     
00000499  EUSCIA1_IRQHandler     
00000499  EUSCIA2_IRQHandler     
00000499  EUSCIA3_IRQHandler     
00000499  EUSCIB0_IRQHandler     
00000499  EUSCIB1_IRQHandler     
00000499  EUSCIB2_IRQHandler     
00000499  EUSCIB3_IRQHandler     
00000499  FLCTL_IRQHandler       
00000499  FPU_IRQHandler         
00000499  HardFault_Handler      
00000499  MemManage_Handler      
00000499  NMI_Handler            
00000499  PCM_IRQHandler         
00000499  PORT1_IRQHandler       
00000499  PORT2_IRQHandler       
00000499  PORT3_IRQHandler       
00000499  PORT4_IRQHandler       
00000499  PORT5_IRQHandler       
00000499  PORT6_IRQHandler       
00000499  PSS_IRQHandler         
00000499  PendSV_Handler         
00000499  RTC_C_IRQHandler       
00000499  SVC_Handler            
00000499  SysTick_Handler        
00000499  T32_INT1_IRQHandler    
00000499  T32_INT2_IRQHandler    
00000499  T32_INTC_IRQHandler    
00000499  TA0_0_IRQHandler       
00000499  TA0_N_IRQHandler       
00000499  TA1_0_IRQHandler       
00000499  TA1_N_IRQHandler       
00000499  TA2_0_IRQHandler       
00000499  TA2_N_IRQHandler       
00000499  TA3_0_IRQHandler       
00000499  TA3_N_IRQHandler       
00000499  UsageFault_Handler     
00000499  WDT_A_IRQHandler       
20000000  __start___llvm_prf_cnts
20000000  __stop___llvm_prf_cnts 
2000fe00  __stack                
20010000  __STACK_END            
4000480c  WDTCTL_SYM             
ffffffff  __TI_pprof_out_hndl    
ffffffff  __TI_prof_data_size    
ffffffff  __TI_prof_data_start   
ffffffff  __binit__              
ffffffff  __c_args__             
ffffffff  binit                  
UNDEFED   __mpu_init             

[74 symbols]
