******************************************************************************
                  TI ARM Linker PC v20.2.6                     
******************************************************************************
>> Linked Wed Feb  1 16:14:57 2023

OUTPUT FILE NAME:   <lab3.out>
ENTRY POINT SYMBOL: "_c_int00_noargs"  address: 00000a21


MEMORY CONFIGURATION

         name            origin    length      used     unused   attr    fill
----------------------  --------  ---------  --------  --------  ----  --------
  MAIN                  00000000   00040000  00000b7a  0003f486  R  X
  INFO                  00200000   00004000  00000000  00004000  R  X
  SRAM_CODE             01000000   00010000  0000030c  0000fcf4  RW X
  SRAM_DATA             20000000   00010000  0000030c  0000fcf4  RW  


SEGMENT ALLOCATION MAP

run origin  load origin   length   init length attrs members
----------  ----------- ---------- ----------- ----- -------
00000000    00000000    00000b80   00000b80    r-x
  00000000    00000000    000000e4   000000e4    r-- .intvecs
  000000e4    000000e4    00000a2a   00000a2a    r-x .text
  00000b10    00000b10    00000024   00000024    r-- .const
  00000b38    00000b38    00000048   00000048    r-- .cinit
20000000    20000000    0000010c   00000000    rw-
  20000000    20000000    000000e8   00000000    rw- .vtable
  200000e8    200000e8    0000001a   00000000    rw- .bss
  20000102    20000102    0000000a   00000000    rw- .data
2000fe00    2000fe00    00000200   00000000    rw-
  2000fe00    2000fe00    00000200   00000000    rw- .stack


SECTION ALLOCATION MAP

 output                                  attributes/
section   page    origin      length       input sections
--------  ----  ----------  ----------   ----------------
.intvecs   0    00000000    000000e4     
                  00000000    000000e4     startup_msp432p401r_ccs.obj (.intvecs:retain)

.text      0    000000e4    00000a2a     
                  000000e4    00000144     msp432p4xx_driverlib.lib : timer_a.o (.text:privateTimer_AProcessClockSourceDivider)
                  00000228    000000e4     lab3_2.obj (.text:toggleLED2)
                  0000030c    000000d2     msp432p4xx_driverlib.lib : timer_a.o (.text:Timer_A_registerInterrupt)
                  000003de    00000002     startup_msp432p401r_ccs.obj (.text:Default_Handler)
                  000003e0    000000d0     lab3_2.obj (.text:configIO)
                  000004b0    000000ac     lab3_2.obj (.text:pushButtons)
                  0000055c    0000009c     rtsv7M4_T_le_v4SPD16_eabi.lib : memcpy_t2.asm.obj (.text)
                  000005f8    00000080     msp432p4xx_driverlib.lib : interrupt.o (.text:Interrupt_enableInterrupt)
                  00000678    00000078     system_msp432p401r.obj (.text:SystemInit)
                  000006f0    00000074     lab3_2.obj (.text:main)
                  00000764    00000074     lab3_2.obj (.text:toggleLED1)
                  000007d8    0000006c     lab3_2.obj (.text:configTimer2)
                  00000844    0000006c     lab3_2.obj (.text:configTimer)
                  000008b0    00000068     msp432p4xx_driverlib.lib : timer_a.o (.text:Timer_A_configureUpMode)
                  00000918    00000068     rtsv7M4_T_le_v4SPD16_eabi.lib : copy_decompress_lzss.c.obj (.text:decompress:lzss:__TI_decompress_lzss)
                  00000980    0000005c     msp432p4xx_driverlib.lib : interrupt.o (.text:Interrupt_registerInterrupt)
                  000009dc    00000044     rtsv7M4_T_le_v4SPD16_eabi.lib : autoinit.c.obj (.text:__TI_auto_init_nobinit_nopinit:__TI_auto_init_nobinit_nopinit)
                  00000a20    00000034                                   : boot_cortex_m.c.obj (.text:_c_int00_noargs:_c_int00_noargs)
                  00000a54    00000024     msp432p4xx_driverlib.lib : gpio.o (.text:GPIO_registerInterrupt)
                  00000a78    0000001c     rtsv7M4_T_le_v4SPD16_eabi.lib : copy_zero_init.c.obj (.text:decompress:ZI:__TI_zero_init_nomemset:__TI_zero_init_nomemset)
                  00000a94    00000018     msp432p4xx_driverlib.lib : timer_a.o (.text:Timer_A_enableInterrupt)
                  00000aac    00000016                              : timer_a.o (.text:Timer_A_clearInterruptFlag)
                  00000ac2    00000016                              : timer_a.o (.text:Timer_A_startCounter)
                  00000ad8    00000014                              : timer_a.o (.text:Timer_A_stopTimer)
                  00000aec    0000000e     rtsv7M4_T_le_v4SPD16_eabi.lib : copy_decompress_none.c.obj (.text:decompress:none:__TI_decompress_none)
                  00000afa    0000000c     startup_msp432p401r_ccs.obj (.text:Reset_Handler)
                  00000b06    00000004     rtsv7M4_T_le_v4SPD16_eabi.lib : pre_init.c.obj (.text:_system_pre_init)
                  00000b0a    00000004                                   : exit.c.obj (.text:abort:abort)

.const     0    00000b10    00000024     
                  00000b10    0000001c     msp432p4xx_driverlib.lib : gpio.o (.const:GPIO_PORT_TO_INT)
                  00000b2c    00000008                              : interrupt.o (.const:g_pulEnRegs)

.cinit     0    00000b38    00000048     
                  00000b38    0000000f     (.cinit..data.load) [load image, compression = lzss]
                  00000b47    00000001     --HOLE-- [fill = 0]
                  00000b48    0000000c     (__TI_handler_table)
                  00000b54    00000004     --HOLE-- [fill = 0]
                  00000b58    00000008     (.cinit..bss.load) [load image, compression = zero_init]
                  00000b60    00000008     (.cinit..vtable.load) [load image, compression = zero_init]
                  00000b68    00000018     (__TI_cinit_table)

.init_array 
*          0    00000000    00000000     UNINITIALIZED

.binit     0    00000000    00000000     

.vtable    0    20000000    000000e8     UNINITIALIZED
                  20000000    000000e8     msp432p4xx_driverlib.lib : interrupt.o (.vtable)

.bss       0    200000e8    0000001a     UNINITIALIZED
                  200000e8    00000018     (.common:timerConfig)
                  20000100    00000001     (.common:state1)
                  20000101    00000001     (.common:state2)

.data      0    20000102    0000000a     UNINITIALIZED
                  20000102    00000008     lab3_2.obj (.data:clockPeriodArray)
                  2000010a    00000002     lab3_2.obj (.data)

.stack     0    2000fe00    00000200     UNINITIALIZED
                  2000fe00    00000004     rtsv7M4_T_le_v4SPD16_eabi.lib : boot_cortex_m.c.obj (.stack)
                  2000fe04    000001fc     --HOLE--

__llvm_prf_cnts 
*          0    20000000    00000000     UNINITIALIZED

MODULE SUMMARY

       Module                        code   ro data   rw data
       ------                        ----   -------   -------
    .\
       lab3_2.obj                    1056   0         72     
       system_msp432p401r.obj        120    0         0      
    +--+-----------------------------+------+---------+---------+
       Total:                        1176   0         72     
                                                             
    .\ccs\
       startup_msp432p401r_ccs.obj   14     228       0      
    +--+-----------------------------+------+---------+---------+
       Total:                        14     228       0      
                                                             
    C:/ti/simplelink_msp432p4_sdk_3_40_01_02/source/ti/devices/msp432p4xx/driverlib/ccs/msp432p4xx_driverlib.lib
       timer_a.o                     726    0         0      
       interrupt.o                   220    8         464    
       gpio.o                        36     28        0      
    +--+-----------------------------+------+---------+---------+
       Total:                        982    36        464    
                                                             
    C:\ti\ccs1200\ccs\tools\compiler\ti-cgt-arm_20.2.6.LTS\lib\rtsv7M4_T_le_v4SPD16_eabi.lib
       memcpy_t2.asm.obj             156    0         0      
       copy_decompress_lzss.c.obj    104    0         0      
       autoinit.c.obj                68     0         0      
       boot_cortex_m.c.obj           52     0         0      
       copy_zero_init.c.obj          28     0         0      
       copy_decompress_none.c.obj    14     0         0      
       exit.c.obj                    4      0         0      
       pre_init.c.obj                4      0         0      
    +--+-----------------------------+------+---------+---------+
       Total:                        430    0         0      
                                                             
       Stack:                        0      0         1024   
       Linker Generated:             0      67        0      
    +--+-----------------------------+------+---------+---------+
       Grand Total:                  2602   331       1560   


LINKER GENERATED COPY TABLES

__TI_cinit_table @ 00000b68 records: 3, size/record: 8, table size: 24
	.data: load addr=00000b38, load size=0000000f bytes, run addr=20000102, run size=0000000a bytes, compression=lzss
	.bss: load addr=00000b58, load size=00000008 bytes, run addr=200000e8, run size=0000001a bytes, compression=zero_init
	.vtable: load addr=00000b60, load size=00000008 bytes, run addr=20000000, run size=000000e8 bytes, compression=zero_init


LINKER GENERATED HANDLER TABLE

__TI_handler_table @ 00000b48 records: 3, size/record: 4, table size: 12
	index: 0, handler: __TI_zero_init
	index: 1, handler: __TI_decompress_lzss
	index: 2, handler: __TI_decompress_none


GLOBAL SYMBOLS: SORTED ALPHABETICALLY BY Name 

address   name                          
-------   ----                          
000003df  ADC14_IRQHandler              
000003df  AES256_IRQHandler             
000003df  BusFault_Handler              
00000b0b  C$$EXIT                       
000003df  COMP_E0_IRQHandler            
000003df  COMP_E1_IRQHandler            
000003df  CS_IRQHandler                 
000003df  DMA_ERR_IRQHandler            
000003df  DMA_INT0_IRQHandler           
000003df  DMA_INT1_IRQHandler           
000003df  DMA_INT2_IRQHandler           
000003df  DMA_INT3_IRQHandler           
000003df  DebugMon_Handler              
000003df  Default_Handler               
000003df  EUSCIA0_IRQHandler            
000003df  EUSCIA1_IRQHandler            
000003df  EUSCIA2_IRQHandler            
000003df  EUSCIA3_IRQHandler            
000003df  EUSCIB0_IRQHandler            
000003df  EUSCIB1_IRQHandler            
000003df  EUSCIB2_IRQHandler            
000003df  EUSCIB3_IRQHandler            
000003df  FLCTL_IRQHandler              
000003df  FPU_IRQHandler                
00000a55  GPIO_registerInterrupt        
000003df  HardFault_Handler             
000005f9  Interrupt_enableInterrupt     
00000981  Interrupt_registerInterrupt   
000003df  MemManage_Handler             
000003df  NMI_Handler                   
000003df  PCM_IRQHandler                
000003df  PORT1_IRQHandler              
000003df  PORT2_IRQHandler              
000003df  PORT3_IRQHandler              
000003df  PORT4_IRQHandler              
000003df  PORT5_IRQHandler              
000003df  PORT6_IRQHandler              
000003df  PSS_IRQHandler                
000003df  PendSV_Handler                
000003df  RTC_C_IRQHandler              
00000afb  Reset_Handler                 
000003df  SVC_Handler                   
000003df  SysTick_Handler               
00000679  SystemInit                    
000003df  T32_INT1_IRQHandler           
000003df  T32_INT2_IRQHandler           
000003df  T32_INTC_IRQHandler           
000003df  TA0_0_IRQHandler              
000003df  TA0_N_IRQHandler              
000003df  TA1_0_IRQHandler              
000003df  TA1_N_IRQHandler              
000003df  TA2_0_IRQHandler              
000003df  TA2_N_IRQHandler              
000003df  TA3_0_IRQHandler              
000003df  TA3_N_IRQHandler              
00000aad  Timer_A_clearInterruptFlag    
000008b1  Timer_A_configureUpMode       
00000a95  Timer_A_enableInterrupt       
0000030d  Timer_A_registerInterrupt     
00000ac3  Timer_A_startCounter          
00000ad9  Timer_A_stopTimer             
000003df  UsageFault_Handler            
4000480c  WDTCTL_SYM                    
000003df  WDT_A_IRQHandler              
20010000  __STACK_END                   
00000200  __STACK_SIZE                  
00000b68  __TI_CINIT_Base               
00000b80  __TI_CINIT_Limit              
00000b48  __TI_Handler_Table_Base       
00000b54  __TI_Handler_Table_Limit      
000009dd  __TI_auto_init_nobinit_nopinit
00000919  __TI_decompress_lzss          
00000aed  __TI_decompress_none          
ffffffff  __TI_pprof_out_hndl           
ffffffff  __TI_prof_data_size           
ffffffff  __TI_prof_data_start          
00000000  __TI_static_base__            
00000a79  __TI_zero_init_nomemset       
0000055d  __aeabi_memcpy                
0000055d  __aeabi_memcpy4               
0000055d  __aeabi_memcpy8               
ffffffff  __binit__                     
ffffffff  __c_args__                    
UNDEFED   __mpu_init                    
2000fe00  __stack                       
20000000  __start___llvm_prf_cnts       
20000000  __stop___llvm_prf_cnts        
00000a21  _c_int00_noargs               
UNDEFED   _system_post_cinit            
00000b07  _system_pre_init              
00000b0b  abort                         
ffffffff  binit                         
2000010a  clockDividerVal               
20000102  clockPeriodArray              
000003e1  configIO                      
00000845  configTimer                   
000007d9  configTimer2                  
20000000  g_pfnRAMVectors               
00000000  interruptVectors              
000006f1  main                          
0000055d  memcpy                        
000004b1  pushButtons                   
20000100  state1                        
20000101  state2                        
200000e8  timerConfig                   
00000765  toggleLED1                    
00000229  toggleLED2                    


GLOBAL SYMBOLS: SORTED BY Symbol Address 

address   name                          
-------   ----                          
00000000  __TI_static_base__            
00000000  interruptVectors              
00000200  __STACK_SIZE                  
00000229  toggleLED2                    
0000030d  Timer_A_registerInterrupt     
000003df  ADC14_IRQHandler              
000003df  AES256_IRQHandler             
000003df  BusFault_Handler              
000003df  COMP_E0_IRQHandler            
000003df  COMP_E1_IRQHandler            
000003df  CS_IRQHandler                 
000003df  DMA_ERR_IRQHandler            
000003df  DMA_INT0_IRQHandler           
000003df  DMA_INT1_IRQHandler           
000003df  DMA_INT2_IRQHandler           
000003df  DMA_INT3_IRQHandler           
000003df  DebugMon_Handler              
000003df  Default_Handler               
000003df  EUSCIA0_IRQHandler            
000003df  EUSCIA1_IRQHandler            
000003df  EUSCIA2_IRQHandler            
000003df  EUSCIA3_IRQHandler            
000003df  EUSCIB0_IRQHandler            
000003df  EUSCIB1_IRQHandler            
000003df  EUSCIB2_IRQHandler            
000003df  EUSCIB3_IRQHandler            
000003df  FLCTL_IRQHandler              
000003df  FPU_IRQHandler                
000003df  HardFault_Handler             
000003df  MemManage_Handler             
000003df  NMI_Handler                   
000003df  PCM_IRQHandler                
000003df  PORT1_IRQHandler              
000003df  PORT2_IRQHandler              
000003df  PORT3_IRQHandler              
000003df  PORT4_IRQHandler              
000003df  PORT5_IRQHandler              
000003df  PORT6_IRQHandler              
000003df  PSS_IRQHandler                
000003df  PendSV_Handler                
000003df  RTC_C_IRQHandler              
000003df  SVC_Handler                   
000003df  SysTick_Handler               
000003df  T32_INT1_IRQHandler           
000003df  T32_INT2_IRQHandler           
000003df  T32_INTC_IRQHandler           
000003df  TA0_0_IRQHandler              
000003df  TA0_N_IRQHandler              
000003df  TA1_0_IRQHandler              
000003df  TA1_N_IRQHandler              
000003df  TA2_0_IRQHandler              
000003df  TA2_N_IRQHandler              
000003df  TA3_0_IRQHandler              
000003df  TA3_N_IRQHandler              
000003df  UsageFault_Handler            
000003df  WDT_A_IRQHandler              
000003e1  configIO                      
000004b1  pushButtons                   
0000055d  __aeabi_memcpy                
0000055d  __aeabi_memcpy4               
0000055d  __aeabi_memcpy8               
0000055d  memcpy                        
000005f9  Interrupt_enableInterrupt     
00000679  SystemInit                    
000006f1  main                          
00000765  toggleLED1                    
000007d9  configTimer2                  
00000845  configTimer                   
000008b1  Timer_A_configureUpMode       
00000919  __TI_decompress_lzss          
00000981  Interrupt_registerInterrupt   
000009dd  __TI_auto_init_nobinit_nopinit
00000a21  _c_int00_noargs               
00000a55  GPIO_registerInterrupt        
00000a79  __TI_zero_init_nomemset       
00000a95  Timer_A_enableInterrupt       
00000aad  Timer_A_clearInterruptFlag    
00000ac3  Timer_A_startCounter          
00000ad9  Timer_A_stopTimer             
00000aed  __TI_decompress_none          
00000afb  Reset_Handler                 
00000b07  _system_pre_init              
00000b0b  C$$EXIT                       
00000b0b  abort                         
00000b48  __TI_Handler_Table_Base       
00000b54  __TI_Handler_Table_Limit      
00000b68  __TI_CINIT_Base               
00000b80  __TI_CINIT_Limit              
20000000  __start___llvm_prf_cnts       
20000000  __stop___llvm_prf_cnts        
20000000  g_pfnRAMVectors               
200000e8  timerConfig                   
20000100  state1                        
20000101  state2                        
20000102  clockPeriodArray              
2000010a  clockDividerVal               
2000fe00  __stack                       
20010000  __STACK_END                   
4000480c  WDTCTL_SYM                    
ffffffff  __TI_pprof_out_hndl           
ffffffff  __TI_prof_data_size           
ffffffff  __TI_prof_data_start          
ffffffff  __binit__                     
ffffffff  __c_args__                    
ffffffff  binit                         
UNDEFED   __mpu_init                    
UNDEFED   _system_post_cinit            

[107 symbols]
