******************************************************************************
                  TI ARM Linker PC v20.2.6                     
******************************************************************************
>> Linked Wed Feb  8 17:06:19 2023

OUTPUT FILE NAME:   <lab4.out>
ENTRY POINT SYMBOL: "_c_int00_noargs"  address: 00000731


MEMORY CONFIGURATION

         name            origin    length      used     unused   attr    fill
----------------------  --------  ---------  --------  --------  ----  --------
  MAIN                  00000000   00040000  000007c0  0003f840  R  X
  INFO                  00200000   00004000  00000000  00004000  R  X
  SRAM_CODE             01000000   00010000  00000219  0000fde7  RW X
  SRAM_DATA             20000000   00010000  00000219  0000fde7  RW  


SEGMENT ALLOCATION MAP

run origin  load origin   length   init length attrs members
----------  ----------- ---------- ----------- ----- -------
00000000    00000000    000007c4   000007c4    r-x
  00000000    00000000    000000e4   000000e4    r-- .intvecs
  000000e4    000000e4    000006c8   000006c8    r-x .text
  000007b0    000007b0    00000014   00000014    r-- .cinit
20000000    20000000    00000019   00000000    rw-
  20000000    20000000    00000019   00000000    rw- .bss
2000fe00    2000fe00    00000200   00000000    rw-
  2000fe00    2000fe00    00000200   00000000    rw- .stack


SECTION ALLOCATION MAP

 output                                  attributes/
section   page    origin      length       input sections
--------  ----  ----------  ----------   ----------------
.intvecs   0    00000000    000000e4     
                  00000000    000000e4     startup_msp432p401r_ccs.obj (.intvecs:retain)

.text      0    000000e4    000006c8     
                  000000e4    0000022c     lab4.obj (.text:readBumperSwitches)
                  00000310    00000124     lab4.obj (.text:configRobotIO)
                  00000434    00000110     lab4.obj (.text:main)
                  00000544    0000009c     lab4.obj (.text:configPWMTimer)
                  000005e0    00000094     lab4.obj (.text:config432IO)
                  00000674    00000078     system_msp432p401r.obj (.text:SystemInit)
                  000006ec    00000044     rtsv7M4_T_le_v4SPD16_eabi.lib : autoinit.c.obj (.text:__TI_auto_init_nobinit_nopinit:__TI_auto_init_nobinit_nopinit)
                  00000730    00000034                                   : boot_cortex_m.c.obj (.text:_c_int00_noargs:_c_int00_noargs)
                  00000764    0000001c                                   : copy_zero_init.c.obj (.text:decompress:ZI:__TI_zero_init_nomemset:__TI_zero_init_nomemset)
                  00000780    00000016     msp432p4xx_driverlib.lib : timer_a.o (.text:Timer_A_startCounter)
                  00000796    0000000c     startup_msp432p401r_ccs.obj (.text:Reset_Handler)
                  000007a2    00000004     rtsv7M4_T_le_v4SPD16_eabi.lib : pre_init.c.obj (.text:_system_pre_init)
                  000007a6    00000004                                   : exit.c.obj (.text:abort:abort)
                  000007aa    00000002     startup_msp432p401r_ccs.obj (.text:Default_Handler)

.cinit     0    000007b0    00000014     
                  000007b0    00000008     (.cinit..bss.load) [load image, compression = zero_init]
                  000007b8    00000004     (__TI_handler_table)
                  000007bc    00000008     (__TI_cinit_table)

.init_array 
*          0    00000000    00000000     UNINITIALIZED

.binit     0    00000000    00000000     

.bss       0    20000000    00000019     UNINITIALIZED
                  20000000    00000018     (.common:timerPWMConfig)
                  20000018    00000001     (.common:motorState)

.stack     0    2000fe00    00000200     UNINITIALIZED
                  2000fe00    00000004     rtsv7M4_T_le_v4SPD16_eabi.lib : boot_cortex_m.c.obj (.stack)
                  2000fe04    000001fc     --HOLE--

__llvm_prf_cnts 
*          0    20000000    00000000     UNINITIALIZED

MODULE SUMMARY

       Module                        code   ro data   rw data
       ------                        ----   -------   -------
    .\
       lab4.obj                      1424   0         50     
       system_msp432p401r.obj        120    0         0      
    +--+-----------------------------+------+---------+---------+
       Total:                        1544   0         50     
                                                             
    .\ccs\
       startup_msp432p401r_ccs.obj   14     228       0      
    +--+-----------------------------+------+---------+---------+
       Total:                        14     228       0      
                                                             
    C:/ti/simplelink_msp432p4_sdk_3_40_01_02/source/ti/devices/msp432p4xx/driverlib/ccs/msp432p4xx_driverlib.lib
       timer_a.o                     22     0         0      
    +--+-----------------------------+------+---------+---------+
       Total:                        22     0         0      
                                                             
    C:\ti\ccs1200\ccs\tools\compiler\ti-cgt-arm_20.2.6.LTS\lib\rtsv7M4_T_le_v4SPD16_eabi.lib
       autoinit.c.obj                68     0         0      
       boot_cortex_m.c.obj           52     0         0      
       copy_zero_init.c.obj          28     0         0      
       exit.c.obj                    4      0         0      
       pre_init.c.obj                4      0         0      
    +--+-----------------------------+------+---------+---------+
       Total:                        156    0         0      
                                                             
       Stack:                        0      0         1024   
       Linker Generated:             0      20        0      
    +--+-----------------------------+------+---------+---------+
       Grand Total:                  1736   248       1074   


LINKER GENERATED COPY TABLES

__TI_cinit_table @ 000007bc records: 1, size/record: 8, table size: 8
	.bss: load addr=000007b0, load size=00000008 bytes, run addr=20000000, run size=00000019 bytes, compression=zero_init


LINKER GENERATED HANDLER TABLE

__TI_handler_table @ 000007b8 records: 1, size/record: 4, table size: 4
	index: 0, handler: __TI_zero_init


GLOBAL SYMBOLS: SORTED ALPHABETICALLY BY Name 

address   name                          
-------   ----                          
000007ab  ADC14_IRQHandler              
000007ab  AES256_IRQHandler             
000007ab  BusFault_Handler              
000007a7  C$$EXIT                       
000007ab  COMP_E0_IRQHandler            
000007ab  COMP_E1_IRQHandler            
000007ab  CS_IRQHandler                 
000007ab  DMA_ERR_IRQHandler            
000007ab  DMA_INT0_IRQHandler           
000007ab  DMA_INT1_IRQHandler           
000007ab  DMA_INT2_IRQHandler           
000007ab  DMA_INT3_IRQHandler           
000007ab  DebugMon_Handler              
000007ab  Default_Handler               
000007ab  EUSCIA0_IRQHandler            
000007ab  EUSCIA1_IRQHandler            
000007ab  EUSCIA2_IRQHandler            
000007ab  EUSCIA3_IRQHandler            
000007ab  EUSCIB0_IRQHandler            
000007ab  EUSCIB1_IRQHandler            
000007ab  EUSCIB2_IRQHandler            
000007ab  EUSCIB3_IRQHandler            
000007ab  FLCTL_IRQHandler              
000007ab  FPU_IRQHandler                
000007ab  HardFault_Handler             
000007ab  MemManage_Handler             
000007ab  NMI_Handler                   
000007ab  PCM_IRQHandler                
000007ab  PORT1_IRQHandler              
000007ab  PORT2_IRQHandler              
000007ab  PORT3_IRQHandler              
000007ab  PORT4_IRQHandler              
000007ab  PORT5_IRQHandler              
000007ab  PORT6_IRQHandler              
000007ab  PSS_IRQHandler                
000007ab  PendSV_Handler                
000007ab  RTC_C_IRQHandler              
00000797  Reset_Handler                 
000007ab  SVC_Handler                   
000007ab  SysTick_Handler               
00000675  SystemInit                    
000007ab  T32_INT1_IRQHandler           
000007ab  T32_INT2_IRQHandler           
000007ab  T32_INTC_IRQHandler           
000007ab  TA0_0_IRQHandler              
000007ab  TA0_N_IRQHandler              
000007ab  TA1_0_IRQHandler              
000007ab  TA1_N_IRQHandler              
000007ab  TA2_0_IRQHandler              
000007ab  TA2_N_IRQHandler              
000007ab  TA3_0_IRQHandler              
000007ab  TA3_N_IRQHandler              
00000781  Timer_A_startCounter          
000007ab  UsageFault_Handler            
4000480c  WDTCTL_SYM                    
000007ab  WDT_A_IRQHandler              
20010000  __STACK_END                   
00000200  __STACK_SIZE                  
000007bc  __TI_CINIT_Base               
000007c4  __TI_CINIT_Limit              
000007b8  __TI_Handler_Table_Base       
000007bc  __TI_Handler_Table_Limit      
000006ed  __TI_auto_init_nobinit_nopinit
ffffffff  __TI_pprof_out_hndl           
ffffffff  __TI_prof_data_size           
ffffffff  __TI_prof_data_start          
00000000  __TI_static_base__            
00000765  __TI_zero_init_nomemset       
ffffffff  __binit__                     
ffffffff  __c_args__                    
UNDEFED   __mpu_init                    
2000fe00  __stack                       
20000000  __start___llvm_prf_cnts       
20000000  __stop___llvm_prf_cnts        
00000731  _c_int00_noargs               
UNDEFED   _system_post_cinit            
000007a3  _system_pre_init              
000007a7  abort                         
ffffffff  binit                         
000005e1  config432IO                   
00000545  configPWMTimer                
00000311  configRobotIO                 
00000000  interruptVectors              
00000435  main                          
20000018  motorState                    
000000e5  readBumperSwitches            
20000000  timerPWMConfig                


GLOBAL SYMBOLS: SORTED BY Symbol Address 

address   name                          
-------   ----                          
00000000  __TI_static_base__            
00000000  interruptVectors              
000000e5  readBumperSwitches            
00000200  __STACK_SIZE                  
00000311  configRobotIO                 
00000435  main                          
00000545  configPWMTimer                
000005e1  config432IO                   
00000675  SystemInit                    
000006ed  __TI_auto_init_nobinit_nopinit
00000731  _c_int00_noargs               
00000765  __TI_zero_init_nomemset       
00000781  Timer_A_startCounter          
00000797  Reset_Handler                 
000007a3  _system_pre_init              
000007a7  C$$EXIT                       
000007a7  abort                         
000007ab  ADC14_IRQHandler              
000007ab  AES256_IRQHandler             
000007ab  BusFault_Handler              
000007ab  COMP_E0_IRQHandler            
000007ab  COMP_E1_IRQHandler            
000007ab  CS_IRQHandler                 
000007ab  DMA_ERR_IRQHandler            
000007ab  DMA_INT0_IRQHandler           
000007ab  DMA_INT1_IRQHandler           
000007ab  DMA_INT2_IRQHandler           
000007ab  DMA_INT3_IRQHandler           
000007ab  DebugMon_Handler              
000007ab  Default_Handler               
000007ab  EUSCIA0_IRQHandler            
000007ab  EUSCIA1_IRQHandler            
000007ab  EUSCIA2_IRQHandler            
000007ab  EUSCIA3_IRQHandler            
000007ab  EUSCIB0_IRQHandler            
000007ab  EUSCIB1_IRQHandler            
000007ab  EUSCIB2_IRQHandler            
000007ab  EUSCIB3_IRQHandler            
000007ab  FLCTL_IRQHandler              
000007ab  FPU_IRQHandler                
000007ab  HardFault_Handler             
000007ab  MemManage_Handler             
000007ab  NMI_Handler                   
000007ab  PCM_IRQHandler                
000007ab  PORT1_IRQHandler              
000007ab  PORT2_IRQHandler              
000007ab  PORT3_IRQHandler              
000007ab  PORT4_IRQHandler              
000007ab  PORT5_IRQHandler              
000007ab  PORT6_IRQHandler              
000007ab  PSS_IRQHandler                
000007ab  PendSV_Handler                
000007ab  RTC_C_IRQHandler              
000007ab  SVC_Handler                   
000007ab  SysTick_Handler               
000007ab  T32_INT1_IRQHandler           
000007ab  T32_INT2_IRQHandler           
000007ab  T32_INTC_IRQHandler           
000007ab  TA0_0_IRQHandler              
000007ab  TA0_N_IRQHandler              
000007ab  TA1_0_IRQHandler              
000007ab  TA1_N_IRQHandler              
000007ab  TA2_0_IRQHandler              
000007ab  TA2_N_IRQHandler              
000007ab  TA3_0_IRQHandler              
000007ab  TA3_N_IRQHandler              
000007ab  UsageFault_Handler            
000007ab  WDT_A_IRQHandler              
000007b8  __TI_Handler_Table_Base       
000007bc  __TI_CINIT_Base               
000007bc  __TI_Handler_Table_Limit      
000007c4  __TI_CINIT_Limit              
20000000  __start___llvm_prf_cnts       
20000000  __stop___llvm_prf_cnts        
20000000  timerPWMConfig                
20000018  motorState                    
2000fe00  __stack                       
20010000  __STACK_END                   
4000480c  WDTCTL_SYM                    
ffffffff  __TI_pprof_out_hndl           
ffffffff  __TI_prof_data_size           
ffffffff  __TI_prof_data_start          
ffffffff  __binit__                     
ffffffff  __c_args__                    
ffffffff  binit                         
UNDEFED   __mpu_init                    
UNDEFED   _system_post_cinit            

[87 symbols]
