******************************************************************************
                  TI ARM Linker PC v20.2.6                     
******************************************************************************
>> Linked Wed Feb 15 16:59:43 2023

OUTPUT FILE NAME:   <lab5.out>
ENTRY POINT SYMBOL: "_c_int00_noargs"  address: 00000b05


MEMORY CONFIGURATION

         name            origin    length      used     unused   attr    fill
----------------------  --------  ---------  --------  --------  ----  --------
  MAIN                  00000000   00040000  00000bec  0003f414  R  X
  INFO                  00200000   00004000  00000000  00004000  R  X
  SRAM_CODE             01000000   00010000  00000304  0000fcfc  RW X
  SRAM_DATA             20000000   00010000  00000304  0000fcfc  RW  


SEGMENT ALLOCATION MAP

run origin  load origin   length   init length attrs members
----------  ----------- ---------- ----------- ----- -------
00000000    00000000    00000bec   00000bec    r-x
  00000000    00000000    000000e4   000000e4    r-- .intvecs
  000000e4    000000e4    00000ac0   00000ac0    r-x .text
  00000ba4    00000ba4    00000024   00000024    r-- .const
  00000bc8    00000bc8    00000024   00000024    r-- .cinit
20000000    20000000    00000104   00000000    rw-
  20000000    20000000    000000e8   00000000    rw- .vtable
  200000e8    200000e8    0000001c   00000000    rw- .bss
2000fe00    2000fe00    00000200   00000000    rw-
  2000fe00    2000fe00    00000200   00000000    rw- .stack


SECTION ALLOCATION MAP

 output                                  attributes/
section   page    origin      length       input sections
--------  ----  ----------  ----------   ----------------
.intvecs   0    00000000    000000e4     
                  00000000    000000e4     startup_msp432p401r_ccs.obj (.intvecs:retain)

.text      0    000000e4    00000ac0     
                  000000e4    000002a8     lab5.obj (.text:configRobotIO)
                  0000038c    00000180     lab5.obj (.text:main)
                  0000050c    00000104     lab5.obj (.text:allLEDs)
                  00000610    000000f0     lab5.obj (.text:motorControl)
                  00000700    000000c8     lab5.obj (.text:RSLKLEDControl)
                  000007c8    0000009c     lab5.obj (.text:configPWMTimer)
                  00000864    00000094     lab5.obj (.text:config432IO)
                  000008f8    00000080     msp432p4xx_driverlib.lib : interrupt.o (.text:Interrupt_enableInterrupt)
                  00000978    00000078     system_msp432p401r.obj (.text:SystemInit)
                  000009f0    00000074     lab5.obj (.text:bumperSwitchesHandler)
                  00000a64    0000005c     msp432p4xx_driverlib.lib : interrupt.o (.text:Interrupt_registerInterrupt)
                  00000ac0    00000044     rtsv7M4_T_le_v4SPD16_eabi.lib : autoinit.c.obj (.text:__TI_auto_init_nobinit_nopinit:__TI_auto_init_nobinit_nopinit)
                  00000b04    00000034                                   : boot_cortex_m.c.obj (.text:_c_int00_noargs:_c_int00_noargs)
                  00000b38    00000024     msp432p4xx_driverlib.lib : gpio.o (.text:GPIO_registerInterrupt)
                  00000b5c    0000001c     rtsv7M4_T_le_v4SPD16_eabi.lib : copy_zero_init.c.obj (.text:decompress:ZI:__TI_zero_init_nomemset:__TI_zero_init_nomemset)
                  00000b78    00000016     msp432p4xx_driverlib.lib : timer_a.o (.text:Timer_A_startCounter)
                  00000b8e    0000000c     startup_msp432p401r_ccs.obj (.text:Reset_Handler)
                  00000b9a    00000004     rtsv7M4_T_le_v4SPD16_eabi.lib : pre_init.c.obj (.text:_system_pre_init)
                  00000b9e    00000004                                   : exit.c.obj (.text:abort:abort)
                  00000ba2    00000002     startup_msp432p401r_ccs.obj (.text:Default_Handler)

.const     0    00000ba4    00000024     
                  00000ba4    0000001c     msp432p4xx_driverlib.lib : gpio.o (.const:GPIO_PORT_TO_INT)
                  00000bc0    00000008                              : interrupt.o (.const:g_pulEnRegs)

.cinit     0    00000bc8    00000024     
                  00000bc8    00000008     (.cinit..bss.load) [load image, compression = zero_init]
                  00000bd0    00000008     (.cinit..vtable.load) [load image, compression = zero_init]
                  00000bd8    00000004     (__TI_handler_table)
                  00000bdc    00000010     (__TI_cinit_table)

.init_array 
*          0    00000000    00000000     UNINITIALIZED

.binit     0    00000000    00000000     

.vtable    0    20000000    000000e8     UNINITIALIZED
                  20000000    000000e8     msp432p4xx_driverlib.lib : interrupt.o (.vtable)

.bss       0    200000e8    0000001c     UNINITIALIZED
                  200000e8    00000018     (.common:timerPWMConfig)
                  20000100    00000001     (.common:b0)
                  20000101    00000001     (.common:bn)
                  20000102    00000001     (.common:leftState)
                  20000103    00000001     (.common:rightState)

.stack     0    2000fe00    00000200     UNINITIALIZED
                  2000fe00    00000004     rtsv7M4_T_le_v4SPD16_eabi.lib : boot_cortex_m.c.obj (.stack)
                  2000fe04    000001fc     --HOLE--

__llvm_prf_cnts 
*          0    20000000    00000000     UNINITIALIZED

MODULE SUMMARY

       Module                        code   ro data   rw data
       ------                        ----   -------   -------
    .\
       lab5.obj                      2184   0         56     
       system_msp432p401r.obj        120    0         0      
    +--+-----------------------------+------+---------+---------+
       Total:                        2304   0         56     
                                                             
    .\ccs\
       startup_msp432p401r_ccs.obj   14     228       0      
    +--+-----------------------------+------+---------+---------+
       Total:                        14     228       0      
                                                             
    C:/ti/simplelink_msp432p4_sdk_3_40_01_02/source/ti/devices/msp432p4xx/driverlib/ccs/msp432p4xx_driverlib.lib
       interrupt.o                   220    8         464    
       gpio.o                        36     28        0      
       timer_a.o                     22     0         0      
    +--+-----------------------------+------+---------+---------+
       Total:                        278    36        464    
                                                             
    C:\ti\ccs1200\ccs\tools\compiler\ti-cgt-arm_20.2.6.LTS\lib\rtsv7M4_T_le_v4SPD16_eabi.lib
       autoinit.c.obj                68     0         0      
       boot_cortex_m.c.obj           52     0         0      
       copy_zero_init.c.obj          28     0         0      
       exit.c.obj                    4      0         0      
       pre_init.c.obj                4      0         0      
    +--+-----------------------------+------+---------+---------+
       Total:                        156    0         0      
                                                             
       Stack:                        0      0         1024   
       Linker Generated:             0      36        0      
    +--+-----------------------------+------+---------+---------+
       Grand Total:                  2752   300       1544   


LINKER GENERATED COPY TABLES

__TI_cinit_table @ 00000bdc records: 2, size/record: 8, table size: 16
	.bss: load addr=00000bc8, load size=00000008 bytes, run addr=200000e8, run size=0000001c bytes, compression=zero_init
	.vtable: load addr=00000bd0, load size=00000008 bytes, run addr=20000000, run size=000000e8 bytes, compression=zero_init


LINKER GENERATED HANDLER TABLE

__TI_handler_table @ 00000bd8 records: 1, size/record: 4, table size: 4
	index: 0, handler: __TI_zero_init


GLOBAL SYMBOLS: SORTED ALPHABETICALLY BY Name 

address   name                          
-------   ----                          
00000ba3  ADC14_IRQHandler              
00000ba3  AES256_IRQHandler             
00000ba3  BusFault_Handler              
00000b9f  C$$EXIT                       
00000ba3  COMP_E0_IRQHandler            
00000ba3  COMP_E1_IRQHandler            
00000ba3  CS_IRQHandler                 
00000ba3  DMA_ERR_IRQHandler            
00000ba3  DMA_INT0_IRQHandler           
00000ba3  DMA_INT1_IRQHandler           
00000ba3  DMA_INT2_IRQHandler           
00000ba3  DMA_INT3_IRQHandler           
00000ba3  DebugMon_Handler              
00000ba3  Default_Handler               
00000ba3  EUSCIA0_IRQHandler            
00000ba3  EUSCIA1_IRQHandler            
00000ba3  EUSCIA2_IRQHandler            
00000ba3  EUSCIA3_IRQHandler            
00000ba3  EUSCIB0_IRQHandler            
00000ba3  EUSCIB1_IRQHandler            
00000ba3  EUSCIB2_IRQHandler            
00000ba3  EUSCIB3_IRQHandler            
00000ba3  FLCTL_IRQHandler              
00000ba3  FPU_IRQHandler                
00000b39  GPIO_registerInterrupt        
00000ba3  HardFault_Handler             
000008f9  Interrupt_enableInterrupt     
00000a65  Interrupt_registerInterrupt   
00000ba3  MemManage_Handler             
00000ba3  NMI_Handler                   
00000ba3  PCM_IRQHandler                
00000ba3  PORT1_IRQHandler              
00000ba3  PORT2_IRQHandler              
00000ba3  PORT3_IRQHandler              
00000ba3  PORT4_IRQHandler              
00000ba3  PORT5_IRQHandler              
00000ba3  PORT6_IRQHandler              
00000ba3  PSS_IRQHandler                
00000ba3  PendSV_Handler                
00000701  RSLKLEDControl                
00000ba3  RTC_C_IRQHandler              
00000b8f  Reset_Handler                 
00000ba3  SVC_Handler                   
00000ba3  SysTick_Handler               
00000979  SystemInit                    
00000ba3  T32_INT1_IRQHandler           
00000ba3  T32_INT2_IRQHandler           
00000ba3  T32_INTC_IRQHandler           
00000ba3  TA0_0_IRQHandler              
00000ba3  TA0_N_IRQHandler              
00000ba3  TA1_0_IRQHandler              
00000ba3  TA1_N_IRQHandler              
00000ba3  TA2_0_IRQHandler              
00000ba3  TA2_N_IRQHandler              
00000ba3  TA3_0_IRQHandler              
00000ba3  TA3_N_IRQHandler              
00000b79  Timer_A_startCounter          
00000ba3  UsageFault_Handler            
4000480c  WDTCTL_SYM                    
00000ba3  WDT_A_IRQHandler              
20010000  __STACK_END                   
00000200  __STACK_SIZE                  
00000bdc  __TI_CINIT_Base               
00000bec  __TI_CINIT_Limit              
00000bd8  __TI_Handler_Table_Base       
00000bdc  __TI_Handler_Table_Limit      
00000ac1  __TI_auto_init_nobinit_nopinit
ffffffff  __TI_pprof_out_hndl           
ffffffff  __TI_prof_data_size           
ffffffff  __TI_prof_data_start          
00000000  __TI_static_base__            
00000b5d  __TI_zero_init_nomemset       
ffffffff  __binit__                     
ffffffff  __c_args__                    
UNDEFED   __mpu_init                    
2000fe00  __stack                       
20000000  __start___llvm_prf_cnts       
20000000  __stop___llvm_prf_cnts        
00000b05  _c_int00_noargs               
UNDEFED   _system_post_cinit            
00000b9b  _system_pre_init              
00000b9f  abort                         
0000050d  allLEDs                       
20000100  b0                            
ffffffff  binit                         
20000101  bn                            
000009f1  bumperSwitchesHandler         
00000865  config432IO                   
000007c9  configPWMTimer                
000000e5  configRobotIO                 
20000000  g_pfnRAMVectors               
00000000  interruptVectors              
20000102  leftState                     
0000038d  main                          
00000611  motorControl                  
20000103  rightState                    
200000e8  timerPWMConfig                


GLOBAL SYMBOLS: SORTED BY Symbol Address 

address   name                          
-------   ----                          
00000000  __TI_static_base__            
00000000  interruptVectors              
000000e5  configRobotIO                 
00000200  __STACK_SIZE                  
0000038d  main                          
0000050d  allLEDs                       
00000611  motorControl                  
00000701  RSLKLEDControl                
000007c9  configPWMTimer                
00000865  config432IO                   
000008f9  Interrupt_enableInterrupt     
00000979  SystemInit                    
000009f1  bumperSwitchesHandler         
00000a65  Interrupt_registerInterrupt   
00000ac1  __TI_auto_init_nobinit_nopinit
00000b05  _c_int00_noargs               
00000b39  GPIO_registerInterrupt        
00000b5d  __TI_zero_init_nomemset       
00000b79  Timer_A_startCounter          
00000b8f  Reset_Handler                 
00000b9b  _system_pre_init              
00000b9f  C$$EXIT                       
00000b9f  abort                         
00000ba3  ADC14_IRQHandler              
00000ba3  AES256_IRQHandler             
00000ba3  BusFault_Handler              
00000ba3  COMP_E0_IRQHandler            
00000ba3  COMP_E1_IRQHandler            
00000ba3  CS_IRQHandler                 
00000ba3  DMA_ERR_IRQHandler            
00000ba3  DMA_INT0_IRQHandler           
00000ba3  DMA_INT1_IRQHandler           
00000ba3  DMA_INT2_IRQHandler           
00000ba3  DMA_INT3_IRQHandler           
00000ba3  DebugMon_Handler              
00000ba3  Default_Handler               
00000ba3  EUSCIA0_IRQHandler            
00000ba3  EUSCIA1_IRQHandler            
00000ba3  EUSCIA2_IRQHandler            
00000ba3  EUSCIA3_IRQHandler            
00000ba3  EUSCIB0_IRQHandler            
00000ba3  EUSCIB1_IRQHandler            
00000ba3  EUSCIB2_IRQHandler            
00000ba3  EUSCIB3_IRQHandler            
00000ba3  FLCTL_IRQHandler              
00000ba3  FPU_IRQHandler                
00000ba3  HardFault_Handler             
00000ba3  MemManage_Handler             
00000ba3  NMI_Handler                   
00000ba3  PCM_IRQHandler                
00000ba3  PORT1_IRQHandler              
00000ba3  PORT2_IRQHandler              
00000ba3  PORT3_IRQHandler              
00000ba3  PORT4_IRQHandler              
00000ba3  PORT5_IRQHandler              
00000ba3  PORT6_IRQHandler              
00000ba3  PSS_IRQHandler                
00000ba3  PendSV_Handler                
00000ba3  RTC_C_IRQHandler              
00000ba3  SVC_Handler                   
00000ba3  SysTick_Handler               
00000ba3  T32_INT1_IRQHandler           
00000ba3  T32_INT2_IRQHandler           
00000ba3  T32_INTC_IRQHandler           
00000ba3  TA0_0_IRQHandler              
00000ba3  TA0_N_IRQHandler              
00000ba3  TA1_0_IRQHandler              
00000ba3  TA1_N_IRQHandler              
00000ba3  TA2_0_IRQHandler              
00000ba3  TA2_N_IRQHandler              
00000ba3  TA3_0_IRQHandler              
00000ba3  TA3_N_IRQHandler              
00000ba3  UsageFault_Handler            
00000ba3  WDT_A_IRQHandler              
00000bd8  __TI_Handler_Table_Base       
00000bdc  __TI_CINIT_Base               
00000bdc  __TI_Handler_Table_Limit      
00000bec  __TI_CINIT_Limit              
20000000  __start___llvm_prf_cnts       
20000000  __stop___llvm_prf_cnts        
20000000  g_pfnRAMVectors               
200000e8  timerPWMConfig                
20000100  b0                            
20000101  bn                            
20000102  leftState                     
20000103  rightState                    
2000fe00  __stack                       
20010000  __STACK_END                   
4000480c  WDTCTL_SYM                    
ffffffff  __TI_pprof_out_hndl           
ffffffff  __TI_prof_data_size           
ffffffff  __TI_prof_data_start          
ffffffff  __binit__                     
ffffffff  __c_args__                    
ffffffff  binit                         
UNDEFED   __mpu_init                    
UNDEFED   _system_post_cinit            

[97 symbols]
