******************************************************************************
                  TI ARM Linker PC v20.2.6                     
******************************************************************************
>> Linked Wed Mar  1 17:14:19 2023

OUTPUT FILE NAME:   <lab7.out>
ENTRY POINT SYMBOL: "_c_int00_noargs"  address: 00000f2d


MEMORY CONFIGURATION

         name            origin    length      used     unused   attr    fill
----------------------  --------  ---------  --------  --------  ----  --------
  MAIN                  00000000   00040000  00001014  0003efec  R  X
  INFO                  00200000   00004000  00000000  00004000  R  X
  SRAM_CODE             01000000   00010000  00000306  0000fcfa  RW X
  SRAM_DATA             20000000   00010000  00000306  0000fcfa  RW  


SEGMENT ALLOCATION MAP

run origin  load origin   length   init length attrs members
----------  ----------- ---------- ----------- ----- -------
00000000    00000000    00001014   00001014    r-x
  00000000    00000000    000000e4   000000e4    r-- .intvecs
  000000e4    000000e4    00000ee8   00000ee8    r-x .text
  00000fcc    00000fcc    00000024   00000024    r-- .const
  00000ff0    00000ff0    00000024   00000024    r-- .cinit
20000000    20000000    00000106   00000000    rw-
  20000000    20000000    000000e8   00000000    rw- .vtable
  200000e8    200000e8    0000001e   00000000    rw- .bss
2000fe00    2000fe00    00000200   00000000    rw-
  2000fe00    2000fe00    00000200   00000000    rw- .stack


SECTION ALLOCATION MAP

 output                                  attributes/
section   page    origin      length       input sections
--------  ----  ----------  ----------   ----------------
.intvecs   0    00000000    000000e4     
                  00000000    000000e4     startup_msp432p401r_ccs.obj (.intvecs:retain)

.text      0    000000e4    00000ee8     
                  000000e4    000002e0     lab7.obj (.text:configRobotIO)
                  000003c4    00000290     lab7.obj (.text:readSensors)
                  00000654    00000168     lab7.obj (.text:led2Control)
                  000007bc    00000138     lab7.obj (.text:main)
                  000008f4    00000104     lab7.obj (.text:allLEDs)
                  000009f8    000000f0     lab7.obj (.text:motorControl)
                  00000ae8    000000e8     lab7.obj (.text:ledControl)
                  00000bd0    0000009c     lab7.obj (.text:configPWMTimer)
                  00000c6c    00000094     lab7.obj (.text:bumperSwitchesHandler)
                  00000d00    00000094     lab7.obj (.text:config432IO)
                  00000d94    00000080     msp432p4xx_driverlib.lib : interrupt.o (.text:Interrupt_enableInterrupt)
                  00000e14    00000078     system_msp432p401r.obj (.text:SystemInit)
                  00000e8c    0000005c     msp432p4xx_driverlib.lib : interrupt.o (.text:Interrupt_registerInterrupt)
                  00000ee8    00000044     rtsv7M4_T_le_v4SPD16_eabi.lib : autoinit.c.obj (.text:__TI_auto_init_nobinit_nopinit:__TI_auto_init_nobinit_nopinit)
                  00000f2c    00000034                                   : boot_cortex_m.c.obj (.text:_c_int00_noargs:_c_int00_noargs)
                  00000f60    00000024     msp432p4xx_driverlib.lib : gpio.o (.text:GPIO_registerInterrupt)
                  00000f84    0000001c     rtsv7M4_T_le_v4SPD16_eabi.lib : copy_zero_init.c.obj (.text:decompress:ZI:__TI_zero_init_nomemset:__TI_zero_init_nomemset)
                  00000fa0    00000016     msp432p4xx_driverlib.lib : timer_a.o (.text:Timer_A_startCounter)
                  00000fb6    0000000c     startup_msp432p401r_ccs.obj (.text:Reset_Handler)
                  00000fc2    00000004     rtsv7M4_T_le_v4SPD16_eabi.lib : pre_init.c.obj (.text:_system_pre_init)
                  00000fc6    00000004                                   : exit.c.obj (.text:abort:abort)
                  00000fca    00000002     startup_msp432p401r_ccs.obj (.text:Default_Handler)

.const     0    00000fcc    00000024     
                  00000fcc    0000001c     msp432p4xx_driverlib.lib : gpio.o (.const:GPIO_PORT_TO_INT)
                  00000fe8    00000008                              : interrupt.o (.const:g_pulEnRegs)

.cinit     0    00000ff0    00000024     
                  00000ff0    00000008     (.cinit..bss.load) [load image, compression = zero_init]
                  00000ff8    00000008     (.cinit..vtable.load) [load image, compression = zero_init]
                  00001000    00000004     (__TI_handler_table)
                  00001004    00000010     (__TI_cinit_table)

.init_array 
*          0    00000000    00000000     UNINITIALIZED

.binit     0    00000000    00000000     

.vtable    0    20000000    000000e8     UNINITIALIZED
                  20000000    000000e8     msp432p4xx_driverlib.lib : interrupt.o (.vtable)

.bss       0    200000e8    0000001e     UNINITIALIZED
                  200000e8    00000018     (.common:timerPWMConfig)
                  20000100    00000001     (.common:lCount)
                  20000101    00000001     (.common:leftState)
                  20000102    00000001     (.common:pState)
                  20000103    00000001     (.common:rCount)
                  20000104    00000001     (.common:rightState)
                  20000105    00000001     (.common:tState)

.stack     0    2000fe00    00000200     UNINITIALIZED
                  2000fe00    00000004     rtsv7M4_T_le_v4SPD16_eabi.lib : boot_cortex_m.c.obj (.stack)
                  2000fe04    000001fc     --HOLE--

__llvm_prf_cnts 
*          0    20000000    00000000     UNINITIALIZED

MODULE SUMMARY

       Module                        code   ro data   rw data
       ------                        ----   -------   -------
    .\
       lab7.obj                      3248   0         60     
       system_msp432p401r.obj        120    0         0      
    +--+-----------------------------+------+---------+---------+
       Total:                        3368   0         60     
                                                             
    .\ccs\
       startup_msp432p401r_ccs.obj   14     228       0      
    +--+-----------------------------+------+---------+---------+
       Total:                        14     228       0      
                                                             
    C:/ti/simplelink_msp432p4_sdk_3_40_01_02/source/ti/devices/msp432p4xx/driverlib/ccs/msp432p4xx_driverlib.lib
       interrupt.o                   220    8         464    
       gpio.o                        36     28        0      
       timer_a.o                     22     0         0      
    +--+-----------------------------+------+---------+---------+
       Total:                        278    36        464    
                                                             
    C:\ti\ccs1200\ccs\tools\compiler\ti-cgt-arm_20.2.6.LTS\lib\rtsv7M4_T_le_v4SPD16_eabi.lib
       autoinit.c.obj                68     0         0      
       boot_cortex_m.c.obj           52     0         0      
       copy_zero_init.c.obj          28     0         0      
       exit.c.obj                    4      0         0      
       pre_init.c.obj                4      0         0      
    +--+-----------------------------+------+---------+---------+
       Total:                        156    0         0      
                                                             
       Stack:                        0      0         1024   
       Linker Generated:             0      36        0      
    +--+-----------------------------+------+---------+---------+
       Grand Total:                  3816   300       1548   


LINKER GENERATED COPY TABLES

__TI_cinit_table @ 00001004 records: 2, size/record: 8, table size: 16
	.bss: load addr=00000ff0, load size=00000008 bytes, run addr=200000e8, run size=0000001e bytes, compression=zero_init
	.vtable: load addr=00000ff8, load size=00000008 bytes, run addr=20000000, run size=000000e8 bytes, compression=zero_init


LINKER GENERATED HANDLER TABLE

__TI_handler_table @ 00001000 records: 1, size/record: 4, table size: 4
	index: 0, handler: __TI_zero_init


GLOBAL SYMBOLS: SORTED ALPHABETICALLY BY Name 

address   name                          
-------   ----                          
00000fcb  ADC14_IRQHandler              
00000fcb  AES256_IRQHandler             
00000fcb  BusFault_Handler              
00000fc7  C$$EXIT                       
00000fcb  COMP_E0_IRQHandler            
00000fcb  COMP_E1_IRQHandler            
00000fcb  CS_IRQHandler                 
00000fcb  DMA_ERR_IRQHandler            
00000fcb  DMA_INT0_IRQHandler           
00000fcb  DMA_INT1_IRQHandler           
00000fcb  DMA_INT2_IRQHandler           
00000fcb  DMA_INT3_IRQHandler           
00000fcb  DebugMon_Handler              
00000fcb  Default_Handler               
00000fcb  EUSCIA0_IRQHandler            
00000fcb  EUSCIA1_IRQHandler            
00000fcb  EUSCIA2_IRQHandler            
00000fcb  EUSCIA3_IRQHandler            
00000fcb  EUSCIB0_IRQHandler            
00000fcb  EUSCIB1_IRQHandler            
00000fcb  EUSCIB2_IRQHandler            
00000fcb  EUSCIB3_IRQHandler            
00000fcb  FLCTL_IRQHandler              
00000fcb  FPU_IRQHandler                
00000f61  GPIO_registerInterrupt        
00000fcb  HardFault_Handler             
00000d95  Interrupt_enableInterrupt     
00000e8d  Interrupt_registerInterrupt   
00000fcb  MemManage_Handler             
00000fcb  NMI_Handler                   
00000fcb  PCM_IRQHandler                
00000fcb  PORT1_IRQHandler              
00000fcb  PORT2_IRQHandler              
00000fcb  PORT3_IRQHandler              
00000fcb  PORT4_IRQHandler              
00000fcb  PORT5_IRQHandler              
00000fcb  PORT6_IRQHandler              
00000fcb  PSS_IRQHandler                
00000fcb  PendSV_Handler                
00000fcb  RTC_C_IRQHandler              
00000fb7  Reset_Handler                 
00000fcb  SVC_Handler                   
00000fcb  SysTick_Handler               
00000e15  SystemInit                    
00000fcb  T32_INT1_IRQHandler           
00000fcb  T32_INT2_IRQHandler           
00000fcb  T32_INTC_IRQHandler           
00000fcb  TA0_0_IRQHandler              
00000fcb  TA0_N_IRQHandler              
00000fcb  TA1_0_IRQHandler              
00000fcb  TA1_N_IRQHandler              
00000fcb  TA2_0_IRQHandler              
00000fcb  TA2_N_IRQHandler              
00000fcb  TA3_0_IRQHandler              
00000fcb  TA3_N_IRQHandler              
00000fa1  Timer_A_startCounter          
00000fcb  UsageFault_Handler            
4000480c  WDTCTL_SYM                    
00000fcb  WDT_A_IRQHandler              
20010000  __STACK_END                   
00000200  __STACK_SIZE                  
00001004  __TI_CINIT_Base               
00001014  __TI_CINIT_Limit              
00001000  __TI_Handler_Table_Base       
00001004  __TI_Handler_Table_Limit      
00000ee9  __TI_auto_init_nobinit_nopinit
ffffffff  __TI_pprof_out_hndl           
ffffffff  __TI_prof_data_size           
ffffffff  __TI_prof_data_start          
00000000  __TI_static_base__            
00000f85  __TI_zero_init_nomemset       
ffffffff  __binit__                     
ffffffff  __c_args__                    
UNDEFED   __mpu_init                    
2000fe00  __stack                       
20000000  __start___llvm_prf_cnts       
20000000  __stop___llvm_prf_cnts        
00000f2d  _c_int00_noargs               
UNDEFED   _system_post_cinit            
00000fc3  _system_pre_init              
00000fc7  abort                         
000008f5  allLEDs                       
ffffffff  binit                         
00000c6d  bumperSwitchesHandler         
00000d01  config432IO                   
00000bd1  configPWMTimer                
000000e5  configRobotIO                 
20000000  g_pfnRAMVectors               
00000000  interruptVectors              
20000100  lCount                        
00000655  led2Control                   
00000ae9  ledControl                    
20000101  leftState                     
000007bd  main                          
000009f9  motorControl                  
20000102  pState                        
20000103  rCount                        
000003c5  readSensors                   
20000104  rightState                    
20000105  tState                        
200000e8  timerPWMConfig                


GLOBAL SYMBOLS: SORTED BY Symbol Address 

address   name                          
-------   ----                          
00000000  __TI_static_base__            
00000000  interruptVectors              
000000e5  configRobotIO                 
00000200  __STACK_SIZE                  
000003c5  readSensors                   
00000655  led2Control                   
000007bd  main                          
000008f5  allLEDs                       
000009f9  motorControl                  
00000ae9  ledControl                    
00000bd1  configPWMTimer                
00000c6d  bumperSwitchesHandler         
00000d01  config432IO                   
00000d95  Interrupt_enableInterrupt     
00000e15  SystemInit                    
00000e8d  Interrupt_registerInterrupt   
00000ee9  __TI_auto_init_nobinit_nopinit
00000f2d  _c_int00_noargs               
00000f61  GPIO_registerInterrupt        
00000f85  __TI_zero_init_nomemset       
00000fa1  Timer_A_startCounter          
00000fb7  Reset_Handler                 
00000fc3  _system_pre_init              
00000fc7  C$$EXIT                       
00000fc7  abort                         
00000fcb  ADC14_IRQHandler              
00000fcb  AES256_IRQHandler             
00000fcb  BusFault_Handler              
00000fcb  COMP_E0_IRQHandler            
00000fcb  COMP_E1_IRQHandler            
00000fcb  CS_IRQHandler                 
00000fcb  DMA_ERR_IRQHandler            
00000fcb  DMA_INT0_IRQHandler           
00000fcb  DMA_INT1_IRQHandler           
00000fcb  DMA_INT2_IRQHandler           
00000fcb  DMA_INT3_IRQHandler           
00000fcb  DebugMon_Handler              
00000fcb  Default_Handler               
00000fcb  EUSCIA0_IRQHandler            
00000fcb  EUSCIA1_IRQHandler            
00000fcb  EUSCIA2_IRQHandler            
00000fcb  EUSCIA3_IRQHandler            
00000fcb  EUSCIB0_IRQHandler            
00000fcb  EUSCIB1_IRQHandler            
00000fcb  EUSCIB2_IRQHandler            
00000fcb  EUSCIB3_IRQHandler            
00000fcb  FLCTL_IRQHandler              
00000fcb  FPU_IRQHandler                
00000fcb  HardFault_Handler             
00000fcb  MemManage_Handler             
00000fcb  NMI_Handler                   
00000fcb  PCM_IRQHandler                
00000fcb  PORT1_IRQHandler              
00000fcb  PORT2_IRQHandler              
00000fcb  PORT3_IRQHandler              
00000fcb  PORT4_IRQHandler              
00000fcb  PORT5_IRQHandler              
00000fcb  PORT6_IRQHandler              
00000fcb  PSS_IRQHandler                
00000fcb  PendSV_Handler                
00000fcb  RTC_C_IRQHandler              
00000fcb  SVC_Handler                   
00000fcb  SysTick_Handler               
00000fcb  T32_INT1_IRQHandler           
00000fcb  T32_INT2_IRQHandler           
00000fcb  T32_INTC_IRQHandler           
00000fcb  TA0_0_IRQHandler              
00000fcb  TA0_N_IRQHandler              
00000fcb  TA1_0_IRQHandler              
00000fcb  TA1_N_IRQHandler              
00000fcb  TA2_0_IRQHandler              
00000fcb  TA2_N_IRQHandler              
00000fcb  TA3_0_IRQHandler              
00000fcb  TA3_N_IRQHandler              
00000fcb  UsageFault_Handler            
00000fcb  WDT_A_IRQHandler              
00001000  __TI_Handler_Table_Base       
00001004  __TI_CINIT_Base               
00001004  __TI_Handler_Table_Limit      
00001014  __TI_CINIT_Limit              
20000000  __start___llvm_prf_cnts       
20000000  __stop___llvm_prf_cnts        
20000000  g_pfnRAMVectors               
200000e8  timerPWMConfig                
20000100  lCount                        
20000101  leftState                     
20000102  pState                        
20000103  rCount                        
20000104  rightState                    
20000105  tState                        
2000fe00  __stack                       
20010000  __STACK_END                   
4000480c  WDTCTL_SYM                    
ffffffff  __TI_pprof_out_hndl           
ffffffff  __TI_prof_data_size           
ffffffff  __TI_prof_data_start          
ffffffff  __binit__                     
ffffffff  __c_args__                    
ffffffff  binit                         
UNDEFED   __mpu_init                    
UNDEFED   _system_post_cinit            

[101 symbols]
