<?xml version="1.0" encoding="ISO-8859-1" ?>
<link_info>
   <banner>TI ARM Linker PC v20.2.6.LTS</banner>
   <copyright>Copyright (c) 1996-2018 Texas Instruments Incorporated</copyright>
   <link_time>0x641b593e</link_time>
   <link_errors>0x0</link_errors>
   <output_file>lab8.out</output_file>
   <entry_point>
      <name>_c_int00_noargs</name>
      <address>0x1631</address>
   </entry_point>
   <input_file_list>
      <input_file id="fl-2">
         <path>.\</path>
         <kind>object</kind>
         <file>lab8.obj</file>
         <name>lab8.obj</name>
      </input_file>
      <input_file id="fl-3">
         <path>.\</path>
         <kind>object</kind>
         <file>system_msp432p401r.obj</file>
         <name>system_msp432p401r.obj</name>
      </input_file>
      <input_file id="fl-4">
         <path>.\ccs\</path>
         <kind>object</kind>
         <file>startup_msp432p401r_ccs.obj</file>
         <name>startup_msp432p401r_ccs.obj</name>
      </input_file>
      <input_file id="fl-e">
         <kind>object</kind>
         <file>&lt;internal&gt;</file>
         <name>&lt;internal&gt;</name>
      </input_file>
      <input_file id="fl-f">
         <path>C:\ti\simplelink_msp432p4_sdk_3_40_01_02\source\ti\devices\msp432p4xx\driverlib\ccs\</path>
         <kind>archive</kind>
         <file>msp432p4xx_driverlib.lib</file>
         <name>gpio.o</name>
      </input_file>
      <input_file id="fl-10">
         <path>C:\ti\simplelink_msp432p4_sdk_3_40_01_02\source\ti\devices\msp432p4xx\driverlib\ccs\</path>
         <kind>archive</kind>
         <file>msp432p4xx_driverlib.lib</file>
         <name>interrupt.o</name>
      </input_file>
      <input_file id="fl-11">
         <path>C:\ti\simplelink_msp432p4_sdk_3_40_01_02\source\ti\devices\msp432p4xx\driverlib\ccs\</path>
         <kind>archive</kind>
         <file>msp432p4xx_driverlib.lib</file>
         <name>timer_a.o</name>
      </input_file>
      <input_file id="fl-12">
         <path>C:\ti\simplelink_msp432p4_sdk_3_40_01_02\source\ti\devices\msp432p4xx\driverlib\ccs\</path>
         <kind>archive</kind>
         <file>msp432p4xx_driverlib.lib</file>
         <name>cpu.o</name>
      </input_file>
      <input_file id="fl-c8">
         <path>C:\ti\ccs1200\ccs\tools\compiler\ti-cgt-arm_20.2.6.LTS\lib\</path>
         <kind>archive</kind>
         <file>rtsv7M4_T_le_v4SPD16_eabi.lib</file>
         <name>copy_zero_init.c.obj</name>
      </input_file>
      <input_file id="fl-c9">
         <path>C:\ti\ccs1200\ccs\tools\compiler\ti-cgt-arm_20.2.6.LTS\lib\</path>
         <kind>archive</kind>
         <file>rtsv7M4_T_le_v4SPD16_eabi.lib</file>
         <name>copy_decompress_none.c.obj</name>
      </input_file>
      <input_file id="fl-ca">
         <path>C:\ti\ccs1200\ccs\tools\compiler\ti-cgt-arm_20.2.6.LTS\lib\</path>
         <kind>archive</kind>
         <file>rtsv7M4_T_le_v4SPD16_eabi.lib</file>
         <name>copy_decompress_lzss.c.obj</name>
      </input_file>
      <input_file id="fl-cb">
         <path>C:\ti\ccs1200\ccs\tools\compiler\ti-cgt-arm_20.2.6.LTS\lib\</path>
         <kind>archive</kind>
         <file>rtsv7M4_T_le_v4SPD16_eabi.lib</file>
         <name>boot_cortex_m.c.obj</name>
      </input_file>
      <input_file id="fl-cc">
         <path>C:\ti\ccs1200\ccs\tools\compiler\ti-cgt-arm_20.2.6.LTS\lib\</path>
         <kind>archive</kind>
         <file>rtsv7M4_T_le_v4SPD16_eabi.lib</file>
         <name>memcpy_t2.asm.obj</name>
      </input_file>
      <input_file id="fl-cd">
         <path>C:\ti\ccs1200\ccs\tools\compiler\ti-cgt-arm_20.2.6.LTS\lib\</path>
         <kind>archive</kind>
         <file>rtsv7M4_T_le_v4SPD16_eabi.lib</file>
         <name>memset_t2.asm.obj</name>
      </input_file>
      <input_file id="fl-ce">
         <path>C:\ti\ccs1200\ccs\tools\compiler\ti-cgt-arm_20.2.6.LTS\lib\</path>
         <kind>archive</kind>
         <file>rtsv7M4_T_le_v4SPD16_eabi.lib</file>
         <name>autoinit.c.obj</name>
      </input_file>
      <input_file id="fl-cf">
         <path>C:\ti\ccs1200\ccs\tools\compiler\ti-cgt-arm_20.2.6.LTS\lib\</path>
         <kind>archive</kind>
         <file>rtsv7M4_T_le_v4SPD16_eabi.lib</file>
         <name>pre_init.c.obj</name>
      </input_file>
      <input_file id="fl-d0">
         <path>C:\ti\ccs1200\ccs\tools\compiler\ti-cgt-arm_20.2.6.LTS\lib\</path>
         <kind>archive</kind>
         <file>rtsv7M4_T_le_v4SPD16_eabi.lib</file>
         <name>cpy_tbl.c.obj</name>
      </input_file>
      <input_file id="fl-d1">
         <path>C:\ti\ccs1200\ccs\tools\compiler\ti-cgt-arm_20.2.6.LTS\lib\</path>
         <kind>archive</kind>
         <file>rtsv7M4_T_le_v4SPD16_eabi.lib</file>
         <name>exit.c.obj</name>
      </input_file>
      <input_file id="fl-d2">
         <path>C:\ti\ccs1200\ccs\tools\compiler\ti-cgt-arm_20.2.6.LTS\lib\</path>
         <kind>archive</kind>
         <file>rtsv7M4_T_le_v4SPD16_eabi.lib</file>
         <name>_lock.c.obj</name>
      </input_file>
      <input_file id="fl-d3">
         <path>C:\ti\ccs1200\ccs\tools\compiler\ti-cgt-arm_20.2.6.LTS\lib\</path>
         <kind>archive</kind>
         <file>rtsv7M4_T_le_v4SPD16_eabi.lib</file>
         <name>args_main.c.obj</name>
      </input_file>
   </input_file_list>
   <object_component_list>
      <object_component id="oc-26">
         <name>.intvecs:retain</name>
         <load_address>0x0</load_address>
         <run_address>0x0</run_address>
         <size>0xe4</size>
         <input_file_ref idref="fl-4"/>
      </object_component>
      <object_component id="oc-d0">
         <name>.text:configRobotIO</name>
         <load_address>0xe4</load_address>
         <run_address>0xe4</run_address>
         <size>0x2e0</size>
         <input_file_ref idref="fl-2"/>
      </object_component>
      <object_component id="oc-f4">
         <name>.text:readSensors</name>
         <load_address>0x3c4</load_address>
         <run_address>0x3c4</run_address>
         <size>0x28c</size>
         <input_file_ref idref="fl-2"/>
      </object_component>
      <object_component id="oc-1ad">
         <name>.text:led2Control</name>
         <load_address>0x650</load_address>
         <run_address>0x650</run_address>
         <size>0x168</size>
         <input_file_ref idref="fl-2"/>
      </object_component>
      <object_component id="oc-99">
         <name>.text:main</name>
         <load_address>0x7b8</load_address>
         <run_address>0x7b8</run_address>
         <size>0x160</size>
         <input_file_ref idref="fl-2"/>
      </object_component>
      <object_component id="oc-e8">
         <name>.text:motorControl</name>
         <load_address>0x918</load_address>
         <run_address>0x918</run_address>
         <size>0x154</size>
         <input_file_ref idref="fl-2"/>
      </object_component>
      <object_component id="oc-20c">
         <name>.text:privateTimer_AProcessClockSourceDivider</name>
         <load_address>0xa6c</load_address>
         <run_address>0xa6c</run_address>
         <size>0x144</size>
         <input_file_ref idref="fl-11"/>
      </object_component>
      <object_component id="oc-100">
         <name>.text:motorStateControl</name>
         <load_address>0xbb0</load_address>
         <run_address>0xbb0</run_address>
         <size>0x130</size>
         <input_file_ref idref="fl-2"/>
      </object_component>
      <object_component id="oc-ee">
         <name>.text:allLEDs</name>
         <load_address>0xce0</load_address>
         <run_address>0xce0</run_address>
         <size>0x104</size>
         <input_file_ref idref="fl-2"/>
      </object_component>
      <object_component id="oc-fa">
         <name>.text:ledControl</name>
         <load_address>0xde4</load_address>
         <run_address>0xde4</run_address>
         <size>0xe0</size>
         <input_file_ref idref="fl-2"/>
      </object_component>
      <object_component id="oc-19c">
         <name>.text:Timer_A_registerInterrupt</name>
         <load_address>0xec4</load_address>
         <run_address>0xec4</run_address>
         <size>0xd2</size>
         <input_file_ref idref="fl-11"/>
      </object_component>
      <object_component id="oc-6d">
         <name>.text:Default_Handler</name>
         <load_address>0xf96</load_address>
         <run_address>0xf96</run_address>
         <size>0x2</size>
         <input_file_ref idref="fl-4"/>
      </object_component>
      <object_component id="oc-106">
         <name>.text:RSLKLEDControl</name>
         <load_address>0xf98</load_address>
         <run_address>0xf98</run_address>
         <size>0xc8</size>
         <input_file_ref idref="fl-2"/>
      </object_component>
      <object_component id="oc-d6">
         <name>.text:configPWMTimer</name>
         <load_address>0x1060</load_address>
         <run_address>0x1060</run_address>
         <size>0x9c</size>
         <input_file_ref idref="fl-2"/>
      </object_component>
      <object_component id="oc-10c">
         <name>.text:lostProtocol</name>
         <load_address>0x10fc</load_address>
         <run_address>0x10fc</run_address>
         <size>0x9c</size>
         <input_file_ref idref="fl-2"/>
      </object_component>
      <object_component id="oc-37">
         <name>.text</name>
         <load_address>0x1198</load_address>
         <run_address>0x1198</run_address>
         <size>0x9c</size>
         <input_file_ref idref="fl-cc"/>
      </object_component>
      <object_component id="oc-16b">
         <name>.text:bumperSwitchesHandler</name>
         <load_address>0x1234</load_address>
         <run_address>0x1234</run_address>
         <size>0x94</size>
         <input_file_ref idref="fl-2"/>
      </object_component>
      <object_component id="oc-ca">
         <name>.text:config432IO</name>
         <load_address>0x12c8</load_address>
         <run_address>0x12c8</run_address>
         <size>0x94</size>
         <input_file_ref idref="fl-2"/>
      </object_component>
      <object_component id="oc-1fa">
         <name>.text:Interrupt_enableInterrupt</name>
         <load_address>0x135c</load_address>
         <run_address>0x135c</run_address>
         <size>0x80</size>
         <input_file_ref idref="fl-10"/>
      </object_component>
      <object_component id="oc-ab">
         <name>.text:SystemInit</name>
         <load_address>0x13dc</load_address>
         <run_address>0x13dc</run_address>
         <size>0x78</size>
         <input_file_ref idref="fl-3"/>
      </object_component>
      <object_component id="oc-e2">
         <name>.text:configTimer</name>
         <load_address>0x1454</load_address>
         <run_address>0x1454</run_address>
         <size>0x6c</size>
         <input_file_ref idref="fl-2"/>
      </object_component>
      <object_component id="oc-18a">
         <name>.text:Timer_A_configureUpMode</name>
         <load_address>0x14c0</load_address>
         <run_address>0x14c0</run_address>
         <size>0x68</size>
         <input_file_ref idref="fl-11"/>
      </object_component>
      <object_component id="oc-17">
         <name>.text:decompress:lzss:__TI_decompress_lzss</name>
         <load_address>0x1528</load_address>
         <run_address>0x1528</run_address>
         <size>0x68</size>
         <input_file_ref idref="fl-ca"/>
      </object_component>
      <object_component id="oc-1f4">
         <name>.text:Interrupt_registerInterrupt</name>
         <load_address>0x1590</load_address>
         <run_address>0x1590</run_address>
         <size>0x5c</size>
         <input_file_ref idref="fl-10"/>
      </object_component>
      <object_component id="oc-12c">
         <name>.text:__TI_auto_init_nobinit_nopinit:__TI_auto_init_nobinit_nopinit</name>
         <load_address>0x15ec</load_address>
         <run_address>0x15ec</run_address>
         <size>0x44</size>
         <input_file_ref idref="fl-ce"/>
      </object_component>
      <object_component id="oc-55">
         <name>.text:_c_int00_noargs:_c_int00_noargs</name>
         <load_address>0x1630</load_address>
         <run_address>0x1630</run_address>
         <size>0x34</size>
         <input_file_ref idref="fl-cb"/>
      </object_component>
      <object_component id="oc-1a3">
         <name>.text:ledToggle</name>
         <load_address>0x1664</load_address>
         <run_address>0x1664</run_address>
         <size>0x2c</size>
         <input_file_ref idref="fl-2"/>
      </object_component>
      <object_component id="oc-165">
         <name>.text:GPIO_registerInterrupt</name>
         <load_address>0x1690</load_address>
         <run_address>0x1690</run_address>
         <size>0x24</size>
         <input_file_ref idref="fl-f"/>
      </object_component>
      <object_component id="oc-43">
         <name>.text:decompress:ZI:__TI_zero_init_nomemset:__TI_zero_init_nomemset</name>
         <load_address>0x16b4</load_address>
         <run_address>0x16b4</run_address>
         <size>0x1c</size>
         <input_file_ref idref="fl-c8"/>
      </object_component>
      <object_component id="oc-190">
         <name>.text:Timer_A_enableInterrupt</name>
         <load_address>0x16d0</load_address>
         <run_address>0x16d0</run_address>
         <size>0x18</size>
         <input_file_ref idref="fl-11"/>
      </object_component>
      <object_component id="oc-196">
         <name>.text:Timer_A_clearInterruptFlag</name>
         <load_address>0x16e8</load_address>
         <run_address>0x16e8</run_address>
         <size>0x16</size>
         <input_file_ref idref="fl-11"/>
      </object_component>
      <object_component id="oc-dc">
         <name>.text:Timer_A_startCounter</name>
         <load_address>0x16fe</load_address>
         <run_address>0x16fe</run_address>
         <size>0x16</size>
         <input_file_ref idref="fl-11"/>
      </object_component>
      <object_component id="oc-184">
         <name>.text:Timer_A_stopTimer</name>
         <load_address>0x1714</load_address>
         <run_address>0x1714</run_address>
         <size>0x14</size>
         <input_file_ref idref="fl-11"/>
      </object_component>
      <object_component id="oc-1d">
         <name>.text:decompress:none:__TI_decompress_none</name>
         <load_address>0x1728</load_address>
         <run_address>0x1728</run_address>
         <size>0xe</size>
         <input_file_ref idref="fl-c9"/>
      </object_component>
      <object_component id="oc-67">
         <name>.text:Reset_Handler</name>
         <load_address>0x1736</load_address>
         <run_address>0x1736</run_address>
         <size>0xc</size>
         <input_file_ref idref="fl-4"/>
      </object_component>
      <object_component id="oc-93">
         <name>.text:_system_pre_init</name>
         <load_address>0x1742</load_address>
         <run_address>0x1742</run_address>
         <size>0x4</size>
         <input_file_ref idref="fl-cf"/>
      </object_component>
      <object_component id="oc-120">
         <name>.text:abort:abort</name>
         <load_address>0x1746</load_address>
         <run_address>0x1746</run_address>
         <size>0x4</size>
         <input_file_ref idref="fl-d1"/>
      </object_component>
      <object_component id="oc-200">
         <name>.const:GPIO_PORT_TO_INT</name>
         <load_address>0x174c</load_address>
         <run_address>0x174c</run_address>
         <size>0x1c</size>
         <input_file_ref idref="fl-f"/>
      </object_component>
      <object_component id="oc-23f">
         <name>.const:g_pulEnRegs</name>
         <load_address>0x1768</load_address>
         <run_address>0x1768</run_address>
         <size>0x8</size>
         <input_file_ref idref="fl-10"/>
      </object_component>
      <object_component id="oc-2a7">
         <name>__TI_handler_table</name>
         <load_address>0x1770</load_address>
         <run_address>0x1770</run_address>
         <size>0xc</size>
      </object_component>
      <object_component id="oc-2ab">
         <name>.cinit..bss.load</name>
         <load_address>0x1780</load_address>
         <run_address>0x1780</run_address>
         <size>0x8</size>
      </object_component>
      <object_component id="oc-2aa">
         <name>.cinit..data.load</name>
         <load_address>0x1788</load_address>
         <run_address>0x1788</run_address>
         <size>0x8</size>
      </object_component>
      <object_component id="oc-2a9">
         <name>.cinit..vtable.load</name>
         <load_address>0x1790</load_address>
         <run_address>0x1790</run_address>
         <size>0x8</size>
      </object_component>
      <object_component id="oc-2a8">
         <name>__TI_cinit_table</name>
         <load_address>0x1798</load_address>
         <run_address>0x1798</run_address>
         <size>0x18</size>
      </object_component>
      <object_component id="oc-27b">
         <name>.binit</name>
         <load_address>0x0</load_address>
         <run_address>0x0</run_address>
         <size>0x0</size>
      </object_component>
      <object_component id="oc-23a">
         <name>.vtable</name>
         <uninitialized>true</uninitialized>
         <run_address>0x20000000</run_address>
         <size>0xe8</size>
         <input_file_ref idref="fl-10"/>
      </object_component>
      <object_component id="oc-112">
         <name>.data</name>
         <load_address>0x20000120</load_address>
         <run_address>0x20000120</run_address>
         <size>0x4</size>
         <input_file_ref idref="fl-2"/>
      </object_component>
      <object_component id="oc-172">
         <name>.common:timerPWMConfig</name>
         <uninitialized>true</uninitialized>
         <run_address>0x20000100</run_address>
         <size>0x18</size>
      </object_component>
      <object_component id="oc-119">
         <name>.common:pState</name>
         <uninitialized>true</uninitialized>
         <run_address>0x2000011b</run_address>
         <size>0x1</size>
      </object_component>
      <object_component id="oc-11a">
         <name>.common:tState</name>
         <uninitialized>true</uninitialized>
         <run_address>0x2000011f</run_address>
         <size>0x1</size>
      </object_component>
      <object_component id="oc-115">
         <name>.common:leftState</name>
         <uninitialized>true</uninitialized>
         <run_address>0x2000011a</run_address>
         <size>0x1</size>
      </object_component>
      <object_component id="oc-118">
         <name>.common:rightState</name>
         <uninitialized>true</uninitialized>
         <run_address>0x2000011e</run_address>
         <size>0x1</size>
      </object_component>
      <object_component id="oc-11b">
         <name>.common:leftSpeed</name>
         <uninitialized>true</uninitialized>
         <run_address>0x20000119</run_address>
         <size>0x1</size>
      </object_component>
      <object_component id="oc-11c">
         <name>.common:rightSpeed</name>
         <uninitialized>true</uninitialized>
         <run_address>0x2000011d</run_address>
         <size>0x1</size>
      </object_component>
      <object_component id="oc-11e">
         <name>.common:rCount</name>
         <uninitialized>true</uninitialized>
         <run_address>0x2000011c</run_address>
         <size>0x1</size>
      </object_component>
      <object_component id="oc-11d">
         <name>.common:lCount</name>
         <uninitialized>true</uninitialized>
         <run_address>0x20000118</run_address>
         <size>0x1</size>
      </object_component>
      <object_component id="oc-1a2">
         <name>.common:timerConfig</name>
         <uninitialized>true</uninitialized>
         <run_address>0x200000e8</run_address>
         <size>0x18</size>
      </object_component>
      <object_component id="oc-29">
         <name>.stack</name>
         <uninitialized>true</uninitialized>
         <run_address>0x2000fe00</run_address>
         <size>0x4</size>
         <input_file_ref idref="fl-cb"/>
      </object_component>
      <object_component id="oc-2ad">
         <name>.stack</name>
         <uninitialized>true</uninitialized>
         <run_address>0x2000fe00</run_address>
         <size>0x0</size>
      </object_component>
      <object_component id="oc-116">
         <name>.debug_info</name>
         <load_address>0x0</load_address>
         <run_address>0x0</run_address>
         <size>0x876</size>
         <input_file_ref idref="fl-2"/>
      </object_component>
      <object_component id="oc-113">
         <name>.debug_info</name>
         <load_address>0x876</load_address>
         <run_address>0x876</run_address>
         <size>0xf9</size>
         <input_file_ref idref="fl-2"/>
      </object_component>
      <object_component id="oc-9a">
         <name>.debug_info</name>
         <load_address>0x96f</load_address>
         <run_address>0x96f</run_address>
         <size>0x233</size>
         <input_file_ref idref="fl-2"/>
      </object_component>
      <object_component id="oc-cb">
         <name>.debug_info</name>
         <load_address>0xba2</load_address>
         <run_address>0xba2</run_address>
         <size>0x144</size>
         <input_file_ref idref="fl-2"/>
      </object_component>
      <object_component id="oc-d1">
         <name>.debug_info</name>
         <load_address>0xce6</load_address>
         <run_address>0xce6</run_address>
         <size>0x27e</size>
         <input_file_ref idref="fl-2"/>
      </object_component>
      <object_component id="oc-16c">
         <name>.debug_info</name>
         <load_address>0xf64</load_address>
         <run_address>0xf64</run_address>
         <size>0x132</size>
         <input_file_ref idref="fl-2"/>
      </object_component>
      <object_component id="oc-108">
         <name>.debug_info</name>
         <load_address>0x1096</load_address>
         <run_address>0x1096</run_address>
         <size>0x13f</size>
         <input_file_ref idref="fl-2"/>
      </object_component>
      <object_component id="oc-ea">
         <name>.debug_info</name>
         <load_address>0x11d5</load_address>
         <run_address>0x11d5</run_address>
         <size>0x1c6</size>
         <input_file_ref idref="fl-2"/>
      </object_component>
      <object_component id="oc-ef">
         <name>.debug_info</name>
         <load_address>0x139b</load_address>
         <run_address>0x139b</run_address>
         <size>0x169</size>
         <input_file_ref idref="fl-2"/>
      </object_component>
      <object_component id="oc-d7">
         <name>.debug_info</name>
         <load_address>0x1504</load_address>
         <run_address>0x1504</run_address>
         <size>0x219</size>
         <input_file_ref idref="fl-2"/>
      </object_component>
      <object_component id="oc-e3">
         <name>.debug_info</name>
         <load_address>0x171d</load_address>
         <run_address>0x171d</run_address>
         <size>0x25a</size>
         <input_file_ref idref="fl-2"/>
      </object_component>
      <object_component id="oc-1a5">
         <name>.debug_info</name>
         <load_address>0x1977</load_address>
         <run_address>0x1977</run_address>
         <size>0x125</size>
         <input_file_ref idref="fl-2"/>
      </object_component>
      <object_component id="oc-fb">
         <name>.debug_info</name>
         <load_address>0x1a9c</load_address>
         <run_address>0x1a9c</run_address>
         <size>0x192</size>
         <input_file_ref idref="fl-2"/>
      </object_component>
      <object_component id="oc-1ae">
         <name>.debug_info</name>
         <load_address>0x1c2e</load_address>
         <run_address>0x1c2e</run_address>
         <size>0x1bb</size>
         <input_file_ref idref="fl-2"/>
      </object_component>
      <object_component id="oc-f5">
         <name>.debug_info</name>
         <load_address>0x1de9</load_address>
         <run_address>0x1de9</run_address>
         <size>0x1fd</size>
         <input_file_ref idref="fl-2"/>
      </object_component>
      <object_component id="oc-102">
         <name>.debug_info</name>
         <load_address>0x1fe6</load_address>
         <run_address>0x1fe6</run_address>
         <size>0x10d</size>
         <input_file_ref idref="fl-2"/>
      </object_component>
      <object_component id="oc-10d">
         <name>.debug_info</name>
         <load_address>0x20f3</load_address>
         <run_address>0x20f3</run_address>
         <size>0x134</size>
         <input_file_ref idref="fl-2"/>
      </object_component>
      <object_component id="oc-1ca">
         <name>.debug_info</name>
         <load_address>0x2227</load_address>
         <run_address>0x2227</run_address>
         <size>0x13d</size>
         <input_file_ref idref="fl-2"/>
      </object_component>
      <object_component id="oc-b5">
         <name>.debug_info</name>
         <load_address>0x2364</load_address>
         <run_address>0x2364</run_address>
         <size>0x26b</size>
         <input_file_ref idref="fl-2"/>
      </object_component>
      <object_component id="oc-1c0">
         <name>.debug_info</name>
         <load_address>0x25cf</load_address>
         <run_address>0x25cf</run_address>
         <size>0x1028</size>
         <input_file_ref idref="fl-2"/>
      </object_component>
      <object_component id="oc-1bb">
         <name>.debug_info</name>
         <load_address>0x35f7</load_address>
         <run_address>0x35f7</run_address>
         <size>0x37e2</size>
         <input_file_ref idref="fl-2"/>
      </object_component>
      <object_component id="oc-1c5">
         <name>.debug_info</name>
         <load_address>0x6dd9</load_address>
         <run_address>0x6dd9</run_address>
         <size>0x341</size>
         <input_file_ref idref="fl-2"/>
      </object_component>
      <object_component id="oc-32">
         <name>.debug_info</name>
         <load_address>0x711a</load_address>
         <run_address>0x711a</run_address>
         <size>0x84</size>
         <input_file_ref idref="fl-2"/>
      </object_component>
      <object_component id="oc-15f">
         <name>.debug_info</name>
         <load_address>0x719e</load_address>
         <run_address>0x719e</run_address>
         <size>0x2a4</size>
         <input_file_ref idref="fl-2"/>
      </object_component>
      <object_component id="oc-1cf">
         <name>.debug_info</name>
         <load_address>0x7442</load_address>
         <run_address>0x7442</run_address>
         <size>0xef</size>
         <input_file_ref idref="fl-2"/>
      </object_component>
      <object_component id="oc-174">
         <name>.debug_info</name>
         <load_address>0x7531</load_address>
         <run_address>0x7531</run_address>
         <size>0xbb</size>
         <input_file_ref idref="fl-2"/>
      </object_component>
      <object_component id="oc-ad">
         <name>.debug_info</name>
         <load_address>0x75ec</load_address>
         <run_address>0x75ec</run_address>
         <size>0x129</size>
         <input_file_ref idref="fl-3"/>
      </object_component>
      <object_component id="oc-75">
         <name>.debug_info</name>
         <load_address>0x7715</load_address>
         <run_address>0x7715</run_address>
         <size>0x2c9</size>
         <input_file_ref idref="fl-4"/>
      </object_component>
      <object_component id="oc-27">
         <name>.debug_info</name>
         <load_address>0x79de</load_address>
         <run_address>0x79de</run_address>
         <size>0xf5</size>
         <input_file_ref idref="fl-4"/>
      </object_component>
      <object_component id="oc-6a">
         <name>.debug_info</name>
         <load_address>0x7ad3</load_address>
         <run_address>0x7ad3</run_address>
         <size>0x158</size>
         <input_file_ref idref="fl-4"/>
      </object_component>
      <object_component id="oc-70">
         <name>.debug_info</name>
         <load_address>0x7c2b</load_address>
         <run_address>0x7c2b</run_address>
         <size>0x140</size>
         <input_file_ref idref="fl-4"/>
      </object_component>
      <object_component id="oc-204">
         <name>.debug_info</name>
         <load_address>0x7d6b</load_address>
         <run_address>0x7d6b</run_address>
         <size>0x701</size>
         <input_file_ref idref="fl-f"/>
      </object_component>
      <object_component id="oc-201">
         <name>.debug_info</name>
         <load_address>0x846c</load_address>
         <run_address>0x846c</run_address>
         <size>0x133</size>
         <input_file_ref idref="fl-f"/>
      </object_component>
      <object_component id="oc-168">
         <name>.debug_info</name>
         <load_address>0x859f</load_address>
         <run_address>0x859f</run_address>
         <size>0x28f</size>
         <input_file_ref idref="fl-f"/>
      </object_component>
      <object_component id="oc-251">
         <name>.debug_info</name>
         <load_address>0x882e</load_address>
         <run_address>0x882e</run_address>
         <size>0x26b</size>
         <input_file_ref idref="fl-f"/>
      </object_component>
      <object_component id="oc-24c">
         <name>.debug_info</name>
         <load_address>0x8a99</load_address>
         <run_address>0x8a99</run_address>
         <size>0x1028</size>
         <input_file_ref idref="fl-f"/>
      </object_component>
      <object_component id="oc-247">
         <name>.debug_info</name>
         <load_address>0x9ac1</load_address>
         <run_address>0x9ac1</run_address>
         <size>0x431a</size>
         <input_file_ref idref="fl-f"/>
      </object_component>
      <object_component id="oc-206">
         <name>.debug_info</name>
         <load_address>0xdddb</load_address>
         <run_address>0xdddb</run_address>
         <size>0x297</size>
         <input_file_ref idref="fl-f"/>
      </object_component>
      <object_component id="oc-17f">
         <name>.debug_info</name>
         <load_address>0xe072</load_address>
         <run_address>0xe072</run_address>
         <size>0xef</size>
         <input_file_ref idref="fl-f"/>
      </object_component>
      <object_component id="oc-17a">
         <name>.debug_info</name>
         <load_address>0xe161</load_address>
         <run_address>0xe161</run_address>
         <size>0xbb</size>
         <input_file_ref idref="fl-f"/>
      </object_component>
      <object_component id="oc-23e">
         <name>.debug_info</name>
         <load_address>0xe21c</load_address>
         <run_address>0xe21c</run_address>
         <size>0x68f</size>
         <input_file_ref idref="fl-10"/>
      </object_component>
      <object_component id="oc-240">
         <name>.debug_info</name>
         <load_address>0xe8ab</load_address>
         <run_address>0xe8ab</run_address>
         <size>0x12e</size>
         <input_file_ref idref="fl-10"/>
      </object_component>
      <object_component id="oc-23b">
         <name>.debug_info</name>
         <load_address>0xe9d9</load_address>
         <run_address>0xe9d9</run_address>
         <size>0x137</size>
         <input_file_ref idref="fl-10"/>
      </object_component>
      <object_component id="oc-1f7">
         <name>.debug_info</name>
         <load_address>0xeb10</load_address>
         <run_address>0xeb10</run_address>
         <size>0x281</size>
         <input_file_ref idref="fl-10"/>
      </object_component>
      <object_component id="oc-1fb">
         <name>.debug_info</name>
         <load_address>0xed91</load_address>
         <run_address>0xed91</run_address>
         <size>0x219</size>
         <input_file_ref idref="fl-10"/>
      </object_component>
      <object_component id="oc-271">
         <name>.debug_info</name>
         <load_address>0xefaa</load_address>
         <run_address>0xefaa</run_address>
         <size>0x8b</size>
         <input_file_ref idref="fl-10"/>
      </object_component>
      <object_component id="oc-213">
         <name>.debug_info</name>
         <load_address>0xf035</load_address>
         <run_address>0xf035</run_address>
         <size>0x725</size>
         <input_file_ref idref="fl-11"/>
      </object_component>
      <object_component id="oc-20f">
         <name>.debug_info</name>
         <load_address>0xf75a</load_address>
         <run_address>0xf75a</run_address>
         <size>0x25e</size>
         <input_file_ref idref="fl-11"/>
      </object_component>
      <object_component id="oc-df">
         <name>.debug_info</name>
         <load_address>0xf9b8</load_address>
         <run_address>0xf9b8</run_address>
         <size>0x215</size>
         <input_file_ref idref="fl-11"/>
      </object_component>
      <object_component id="oc-18d">
         <name>.debug_info</name>
         <load_address>0xfbcd</load_address>
         <run_address>0xfbcd</run_address>
         <size>0x23d</size>
         <input_file_ref idref="fl-11"/>
      </object_component>
      <object_component id="oc-187">
         <name>.debug_info</name>
         <load_address>0xfe0a</load_address>
         <run_address>0xfe0a</run_address>
         <size>0x1db</size>
         <input_file_ref idref="fl-11"/>
      </object_component>
      <object_component id="oc-199">
         <name>.debug_info</name>
         <load_address>0xffe5</load_address>
         <run_address>0xffe5</run_address>
         <size>0x1ed</size>
         <input_file_ref idref="fl-11"/>
      </object_component>
      <object_component id="oc-192">
         <name>.debug_info</name>
         <load_address>0x101d2</load_address>
         <run_address>0x101d2</run_address>
         <size>0x1e7</size>
         <input_file_ref idref="fl-11"/>
      </object_component>
      <object_component id="oc-19e">
         <name>.debug_info</name>
         <load_address>0x103b9</load_address>
         <run_address>0x103b9</run_address>
         <size>0x485</size>
         <input_file_ref idref="fl-11"/>
      </object_component>
      <object_component id="oc-259">
         <name>.debug_info</name>
         <load_address>0x1083e</load_address>
         <run_address>0x1083e</run_address>
         <size>0x341</size>
         <input_file_ref idref="fl-11"/>
      </object_component>
      <object_component id="oc-8c">
         <name>.debug_info</name>
         <load_address>0x10b7f</load_address>
         <run_address>0x10b7f</run_address>
         <size>0x2d4</size>
         <input_file_ref idref="fl-c8"/>
      </object_component>
      <object_component id="oc-45">
         <name>.debug_info</name>
         <load_address>0x10e53</load_address>
         <run_address>0x10e53</run_address>
         <size>0x1d2</size>
         <input_file_ref idref="fl-c8"/>
      </object_component>
      <object_component id="oc-87">
         <name>.debug_info</name>
         <load_address>0x11025</load_address>
         <run_address>0x11025</run_address>
         <size>0x46</size>
         <input_file_ref idref="fl-c8"/>
      </object_component>
      <object_component id="oc-c1">
         <name>.debug_info</name>
         <load_address>0x1106b</load_address>
         <run_address>0x1106b</run_address>
         <size>0x2c</size>
         <input_file_ref idref="fl-c8"/>
      </object_component>
      <object_component id="oc-42">
         <name>.debug_info</name>
         <load_address>0x11097</load_address>
         <run_address>0x11097</run_address>
         <size>0x2a8</size>
         <input_file_ref idref="fl-c9"/>
      </object_component>
      <object_component id="oc-1e">
         <name>.debug_info</name>
         <load_address>0x1133f</load_address>
         <run_address>0x1133f</run_address>
         <size>0x1ea</size>
         <input_file_ref idref="fl-c9"/>
      </object_component>
      <object_component id="oc-3d">
         <name>.debug_info</name>
         <load_address>0x11529</load_address>
         <run_address>0x11529</run_address>
         <size>0x46</size>
         <input_file_ref idref="fl-c9"/>
      </object_component>
      <object_component id="oc-7f">
         <name>.debug_info</name>
         <load_address>0x1156f</load_address>
         <run_address>0x1156f</run_address>
         <size>0x2c</size>
         <input_file_ref idref="fl-c9"/>
      </object_component>
      <object_component id="oc-7d">
         <name>.debug_info</name>
         <load_address>0x1159b</load_address>
         <run_address>0x1159b</run_address>
         <size>0x29e</size>
         <input_file_ref idref="fl-ca"/>
      </object_component>
      <object_component id="oc-19">
         <name>.debug_info</name>
         <load_address>0x11839</load_address>
         <run_address>0x11839</run_address>
         <size>0x250</size>
         <input_file_ref idref="fl-ca"/>
      </object_component>
      <object_component id="oc-2d">
         <name>.debug_info</name>
         <load_address>0x11a89</load_address>
         <run_address>0x11a89</run_address>
         <size>0x60</size>
         <input_file_ref idref="fl-ca"/>
      </object_component>
      <object_component id="oc-ba">
         <name>.debug_info</name>
         <load_address>0x11ae9</load_address>
         <run_address>0x11ae9</run_address>
         <size>0x46</size>
         <input_file_ref idref="fl-ca"/>
      </object_component>
      <object_component id="oc-78">
         <name>.debug_info</name>
         <load_address>0x11b2f</load_address>
         <run_address>0x11b2f</run_address>
         <size>0x39</size>
         <input_file_ref idref="fl-ca"/>
      </object_component>
      <object_component id="oc-2a">
         <name>.debug_info</name>
         <load_address>0x11b68</load_address>
         <run_address>0x11b68</run_address>
         <size>0x10b</size>
         <input_file_ref idref="fl-cb"/>
      </object_component>
      <object_component id="oc-57">
         <name>.debug_info</name>
         <load_address>0x11c73</load_address>
         <run_address>0x11c73</run_address>
         <size>0x1a9</size>
         <input_file_ref idref="fl-cb"/>
      </object_component>
      <object_component id="oc-39">
         <name>.debug_info</name>
         <load_address>0x11e1c</load_address>
         <run_address>0x11e1c</run_address>
         <size>0x119</size>
         <input_file_ref idref="fl-cc"/>
      </object_component>
      <object_component id="oc-1df">
         <name>.debug_info</name>
         <load_address>0x11f35</load_address>
         <run_address>0x11f35</run_address>
         <size>0x4b3</size>
         <input_file_ref idref="fl-ce"/>
      </object_component>
      <object_component id="oc-12f">
         <name>.debug_info</name>
         <load_address>0x123e8</load_address>
         <run_address>0x123e8</run_address>
         <size>0x1a6</size>
         <input_file_ref idref="fl-ce"/>
      </object_component>
      <object_component id="oc-229">
         <name>.debug_info</name>
         <load_address>0x1258e</load_address>
         <run_address>0x1258e</run_address>
         <size>0x39</size>
         <input_file_ref idref="fl-ce"/>
      </object_component>
      <object_component id="oc-261">
         <name>.debug_info</name>
         <load_address>0x125c7</load_address>
         <run_address>0x125c7</run_address>
         <size>0x39</size>
         <input_file_ref idref="fl-ce"/>
      </object_component>
      <object_component id="oc-22e">
         <name>.debug_info</name>
         <load_address>0x12600</load_address>
         <run_address>0x12600</run_address>
         <size>0x39</size>
         <input_file_ref idref="fl-ce"/>
      </object_component>
      <object_component id="oc-233">
         <name>.debug_info</name>
         <load_address>0x12639</load_address>
         <run_address>0x12639</run_address>
         <size>0xcd</size>
         <input_file_ref idref="fl-ce"/>
      </object_component>
      <object_component id="oc-94">
         <name>.debug_info</name>
         <load_address>0x12706</load_address>
         <run_address>0x12706</run_address>
         <size>0x153</size>
         <input_file_ref idref="fl-cf"/>
      </object_component>
      <object_component id="oc-124">
         <name>.debug_info</name>
         <load_address>0x12859</load_address>
         <run_address>0x12859</run_address>
         <size>0x122</size>
         <input_file_ref idref="fl-d1"/>
      </object_component>
      <object_component id="oc-2ae">
         <name>.debug_info</name>
         <load_address>0x1297b</load_address>
         <run_address>0x1297b</run_address>
         <size>0x9d</size>
      </object_component>
      <object_component id="oc-1ba">
         <name>.debug_line</name>
         <load_address>0x0</load_address>
         <run_address>0x0</run_address>
         <size>0xe4</size>
         <input_file_ref idref="fl-2"/>
      </object_component>
      <object_component id="oc-1b8">
         <name>.debug_line</name>
         <load_address>0xe4</load_address>
         <run_address>0xe4</run_address>
         <size>0x2d</size>
         <input_file_ref idref="fl-2"/>
      </object_component>
      <object_component id="oc-9d">
         <name>.debug_line</name>
         <load_address>0x111</load_address>
         <run_address>0x111</run_address>
         <size>0x77</size>
         <input_file_ref idref="fl-2"/>
      </object_component>
      <object_component id="oc-ce">
         <name>.debug_line</name>
         <load_address>0x188</load_address>
         <run_address>0x188</run_address>
         <size>0x4e</size>
         <input_file_ref idref="fl-2"/>
      </object_component>
      <object_component id="oc-d4">
         <name>.debug_line</name>
         <load_address>0x1d6</load_address>
         <run_address>0x1d6</run_address>
         <size>0x77</size>
         <input_file_ref idref="fl-2"/>
      </object_component>
      <object_component id="oc-16f">
         <name>.debug_line</name>
         <load_address>0x24d</load_address>
         <run_address>0x24d</run_address>
         <size>0x5d</size>
         <input_file_ref idref="fl-2"/>
      </object_component>
      <object_component id="oc-107">
         <name>.debug_line</name>
         <load_address>0x2aa</load_address>
         <run_address>0x2aa</run_address>
         <size>0x5e</size>
         <input_file_ref idref="fl-2"/>
      </object_component>
      <object_component id="oc-e9">
         <name>.debug_line</name>
         <load_address>0x308</load_address>
         <run_address>0x308</run_address>
         <size>0x7b</size>
         <input_file_ref idref="fl-2"/>
      </object_component>
      <object_component id="oc-f2">
         <name>.debug_line</name>
         <load_address>0x383</load_address>
         <run_address>0x383</run_address>
         <size>0x56</size>
         <input_file_ref idref="fl-2"/>
      </object_component>
      <object_component id="oc-da">
         <name>.debug_line</name>
         <load_address>0x3d9</load_address>
         <run_address>0x3d9</run_address>
         <size>0x52</size>
         <input_file_ref idref="fl-2"/>
      </object_component>
      <object_component id="oc-e6">
         <name>.debug_line</name>
         <load_address>0x42b</load_address>
         <run_address>0x42b</run_address>
         <size>0x4e</size>
         <input_file_ref idref="fl-2"/>
      </object_component>
      <object_component id="oc-1a4">
         <name>.debug_line</name>
         <load_address>0x479</load_address>
         <run_address>0x479</run_address>
         <size>0x49</size>
         <input_file_ref idref="fl-2"/>
      </object_component>
      <object_component id="oc-fe">
         <name>.debug_line</name>
         <load_address>0x4c2</load_address>
         <run_address>0x4c2</run_address>
         <size>0x7d</size>
         <input_file_ref idref="fl-2"/>
      </object_component>
      <object_component id="oc-1b1">
         <name>.debug_line</name>
         <load_address>0x53f</load_address>
         <run_address>0x53f</run_address>
         <size>0x67</size>
         <input_file_ref idref="fl-2"/>
      </object_component>
      <object_component id="oc-f8">
         <name>.debug_line</name>
         <load_address>0x5a6</load_address>
         <run_address>0x5a6</run_address>
         <size>0x94</size>
         <input_file_ref idref="fl-2"/>
      </object_component>
      <object_component id="oc-101">
         <name>.debug_line</name>
         <load_address>0x63a</load_address>
         <run_address>0x63a</run_address>
         <size>0x84</size>
         <input_file_ref idref="fl-2"/>
      </object_component>
      <object_component id="oc-110">
         <name>.debug_line</name>
         <load_address>0x6be</load_address>
         <run_address>0x6be</run_address>
         <size>0x70</size>
         <input_file_ref idref="fl-2"/>
      </object_component>
      <object_component id="oc-1cd">
         <name>.debug_line</name>
         <load_address>0x72e</load_address>
         <run_address>0x72e</run_address>
         <size>0x2d</size>
         <input_file_ref idref="fl-2"/>
      </object_component>
      <object_component id="oc-b8">
         <name>.debug_line</name>
         <load_address>0x75b</load_address>
         <run_address>0x75b</run_address>
         <size>0x6f</size>
         <input_file_ref idref="fl-2"/>
      </object_component>
      <object_component id="oc-1c3">
         <name>.debug_line</name>
         <load_address>0x7ca</load_address>
         <run_address>0x7ca</run_address>
         <size>0x78</size>
         <input_file_ref idref="fl-2"/>
      </object_component>
      <object_component id="oc-1be">
         <name>.debug_line</name>
         <load_address>0x842</load_address>
         <run_address>0x842</run_address>
         <size>0x7b</size>
         <input_file_ref idref="fl-2"/>
      </object_component>
      <object_component id="oc-1c8">
         <name>.debug_line</name>
         <load_address>0x8bd</load_address>
         <run_address>0x8bd</run_address>
         <size>0x7d</size>
         <input_file_ref idref="fl-2"/>
      </object_component>
      <object_component id="oc-35">
         <name>.debug_line</name>
         <load_address>0x93a</load_address>
         <run_address>0x93a</run_address>
         <size>0x20</size>
         <input_file_ref idref="fl-2"/>
      </object_component>
      <object_component id="oc-162">
         <name>.debug_line</name>
         <load_address>0x95a</load_address>
         <run_address>0x95a</run_address>
         <size>0x73</size>
         <input_file_ref idref="fl-2"/>
      </object_component>
      <object_component id="oc-1d2">
         <name>.debug_line</name>
         <load_address>0x9cd</load_address>
         <run_address>0x9cd</run_address>
         <size>0x6f</size>
         <input_file_ref idref="fl-2"/>
      </object_component>
      <object_component id="oc-177">
         <name>.debug_line</name>
         <load_address>0xa3c</load_address>
         <run_address>0xa3c</run_address>
         <size>0x70</size>
         <input_file_ref idref="fl-2"/>
      </object_component>
      <object_component id="oc-ac">
         <name>.debug_line</name>
         <load_address>0xaac</load_address>
         <run_address>0xaac</run_address>
         <size>0x66</size>
         <input_file_ref idref="fl-3"/>
      </object_component>
      <object_component id="oc-b4">
         <name>.debug_line</name>
         <load_address>0xb12</load_address>
         <run_address>0xb12</run_address>
         <size>0x44</size>
         <input_file_ref idref="fl-4"/>
      </object_component>
      <object_component id="oc-74">
         <name>.debug_line</name>
         <load_address>0xb56</load_address>
         <run_address>0xb56</run_address>
         <size>0x44</size>
         <input_file_ref idref="fl-4"/>
      </object_component>
      <object_component id="oc-6c">
         <name>.debug_line</name>
         <load_address>0xb9a</load_address>
         <run_address>0xb9a</run_address>
         <size>0x5d</size>
         <input_file_ref idref="fl-4"/>
      </object_component>
      <object_component id="oc-72">
         <name>.debug_line</name>
         <load_address>0xbf7</load_address>
         <run_address>0xbf7</run_address>
         <size>0x59</size>
         <input_file_ref idref="fl-4"/>
      </object_component>
      <object_component id="oc-246">
         <name>.debug_line</name>
         <load_address>0xc50</load_address>
         <run_address>0xc50</run_address>
         <size>0x56</size>
         <input_file_ref idref="fl-f"/>
      </object_component>
      <object_component id="oc-244">
         <name>.debug_line</name>
         <load_address>0xca6</load_address>
         <run_address>0xca6</run_address>
         <size>0x51</size>
         <input_file_ref idref="fl-f"/>
      </object_component>
      <object_component id="oc-167">
         <name>.debug_line</name>
         <load_address>0xcf7</load_address>
         <run_address>0xcf7</run_address>
         <size>0x6b</size>
         <input_file_ref idref="fl-f"/>
      </object_component>
      <object_component id="oc-254">
         <name>.debug_line</name>
         <load_address>0xd62</load_address>
         <run_address>0xd62</run_address>
         <size>0x51</size>
         <input_file_ref idref="fl-f"/>
      </object_component>
      <object_component id="oc-24f">
         <name>.debug_line</name>
         <load_address>0xdb3</load_address>
         <run_address>0xdb3</run_address>
         <size>0x4f</size>
         <input_file_ref idref="fl-f"/>
      </object_component>
      <object_component id="oc-24a">
         <name>.debug_line</name>
         <load_address>0xe02</load_address>
         <run_address>0xe02</run_address>
         <size>0x51</size>
         <input_file_ref idref="fl-f"/>
      </object_component>
      <object_component id="oc-209">
         <name>.debug_line</name>
         <load_address>0xe53</load_address>
         <run_address>0xe53</run_address>
         <size>0x55</size>
         <input_file_ref idref="fl-f"/>
      </object_component>
      <object_component id="oc-182">
         <name>.debug_line</name>
         <load_address>0xea8</load_address>
         <run_address>0xea8</run_address>
         <size>0x51</size>
         <input_file_ref idref="fl-f"/>
      </object_component>
      <object_component id="oc-17d">
         <name>.debug_line</name>
         <load_address>0xef9</load_address>
         <run_address>0xef9</run_address>
         <size>0x52</size>
         <input_file_ref idref="fl-f"/>
      </object_component>
      <object_component id="oc-270">
         <name>.debug_line</name>
         <load_address>0xf4b</load_address>
         <run_address>0xf4b</run_address>
         <size>0x50</size>
         <input_file_ref idref="fl-10"/>
      </object_component>
      <object_component id="oc-277">
         <name>.debug_line</name>
         <load_address>0xf9b</load_address>
         <run_address>0xf9b</run_address>
         <size>0x56</size>
         <input_file_ref idref="fl-10"/>
      </object_component>
      <object_component id="oc-26e">
         <name>.debug_line</name>
         <load_address>0xff1</load_address>
         <run_address>0xff1</run_address>
         <size>0x56</size>
         <input_file_ref idref="fl-10"/>
      </object_component>
      <object_component id="oc-1f6">
         <name>.debug_line</name>
         <load_address>0x1047</load_address>
         <run_address>0x1047</run_address>
         <size>0x86</size>
         <input_file_ref idref="fl-10"/>
      </object_component>
      <object_component id="oc-1fe">
         <name>.debug_line</name>
         <load_address>0x10cd</load_address>
         <run_address>0x10cd</run_address>
         <size>0x95</size>
         <input_file_ref idref="fl-10"/>
      </object_component>
      <object_component id="oc-274">
         <name>.debug_line</name>
         <load_address>0x1162</load_address>
         <run_address>0x1162</run_address>
         <size>0x20</size>
         <input_file_ref idref="fl-10"/>
      </object_component>
      <object_component id="oc-258">
         <name>.debug_line</name>
         <load_address>0x1182</load_address>
         <run_address>0x1182</run_address>
         <size>0x56</size>
         <input_file_ref idref="fl-11"/>
      </object_component>
      <object_component id="oc-20d">
         <name>.debug_line</name>
         <load_address>0x11d8</load_address>
         <run_address>0x11d8</run_address>
         <size>0x8a</size>
         <input_file_ref idref="fl-11"/>
      </object_component>
      <object_component id="oc-dd">
         <name>.debug_line</name>
         <load_address>0x1262</load_address>
         <run_address>0x1262</run_address>
         <size>0x6c</size>
         <input_file_ref idref="fl-11"/>
      </object_component>
      <object_component id="oc-18b">
         <name>.debug_line</name>
         <load_address>0x12ce</load_address>
         <run_address>0x12ce</run_address>
         <size>0xb7</size>
         <input_file_ref idref="fl-11"/>
      </object_component>
      <object_component id="oc-186">
         <name>.debug_line</name>
         <load_address>0x1385</load_address>
         <run_address>0x1385</run_address>
         <size>0x6c</size>
         <input_file_ref idref="fl-11"/>
      </object_component>
      <object_component id="oc-198">
         <name>.debug_line</name>
         <load_address>0x13f1</load_address>
         <run_address>0x13f1</run_address>
         <size>0x6c</size>
         <input_file_ref idref="fl-11"/>
      </object_component>
      <object_component id="oc-195">
         <name>.debug_line</name>
         <load_address>0x145d</load_address>
         <run_address>0x145d</run_address>
         <size>0x6c</size>
         <input_file_ref idref="fl-11"/>
      </object_component>
      <object_component id="oc-1a1">
         <name>.debug_line</name>
         <load_address>0x14c9</load_address>
         <run_address>0x14c9</run_address>
         <size>0x9a</size>
         <input_file_ref idref="fl-11"/>
      </object_component>
      <object_component id="oc-25c">
         <name>.debug_line</name>
         <load_address>0x1563</load_address>
         <run_address>0x1563</run_address>
         <size>0x54</size>
         <input_file_ref idref="fl-11"/>
      </object_component>
      <object_component id="oc-c7">
         <name>.debug_line</name>
         <load_address>0x15b7</load_address>
         <run_address>0x15b7</run_address>
         <size>0x92</size>
         <input_file_ref idref="fl-c8"/>
      </object_component>
      <object_component id="oc-47">
         <name>.debug_line</name>
         <load_address>0x1649</load_address>
         <run_address>0x1649</run_address>
         <size>0x56</size>
         <input_file_ref idref="fl-c8"/>
      </object_component>
      <object_component id="oc-8a">
         <name>.debug_line</name>
         <load_address>0x169f</load_address>
         <run_address>0x169f</run_address>
         <size>0x34</size>
         <input_file_ref idref="fl-c8"/>
      </object_component>
      <object_component id="oc-c4">
         <name>.debug_line</name>
         <load_address>0x16d3</load_address>
         <run_address>0x16d3</run_address>
         <size>0x92</size>
         <input_file_ref idref="fl-c8"/>
      </object_component>
      <object_component id="oc-85">
         <name>.debug_line</name>
         <load_address>0x1765</load_address>
         <run_address>0x1765</run_address>
         <size>0x20</size>
         <input_file_ref idref="fl-c9"/>
      </object_component>
      <object_component id="oc-21">
         <name>.debug_line</name>
         <load_address>0x1785</load_address>
         <run_address>0x1785</run_address>
         <size>0x55</size>
         <input_file_ref idref="fl-c9"/>
      </object_component>
      <object_component id="oc-40">
         <name>.debug_line</name>
         <load_address>0x17da</load_address>
         <run_address>0x17da</run_address>
         <size>0x3a</size>
         <input_file_ref idref="fl-c9"/>
      </object_component>
      <object_component id="oc-82">
         <name>.debug_line</name>
         <load_address>0x1814</load_address>
         <run_address>0x1814</run_address>
         <size>0x92</size>
         <input_file_ref idref="fl-c9"/>
      </object_component>
      <object_component id="oc-c0">
         <name>.debug_line</name>
         <load_address>0x18a6</load_address>
         <run_address>0x18a6</run_address>
         <size>0x20</size>
         <input_file_ref idref="fl-ca"/>
      </object_component>
      <object_component id="oc-18">
         <name>.debug_line</name>
         <load_address>0x18c6</load_address>
         <run_address>0x18c6</run_address>
         <size>0xa9</size>
         <input_file_ref idref="fl-ca"/>
      </object_component>
      <object_component id="oc-30">
         <name>.debug_line</name>
         <load_address>0x196f</load_address>
         <run_address>0x196f</run_address>
         <size>0x3a</size>
         <input_file_ref idref="fl-ca"/>
      </object_component>
      <object_component id="oc-bd">
         <name>.debug_line</name>
         <load_address>0x19a9</load_address>
         <run_address>0x19a9</run_address>
         <size>0x9a</size>
         <input_file_ref idref="fl-ca"/>
      </object_component>
      <object_component id="oc-7b">
         <name>.debug_line</name>
         <load_address>0x1a43</load_address>
         <run_address>0x1a43</run_address>
         <size>0x96</size>
         <input_file_ref idref="fl-ca"/>
      </object_component>
      <object_component id="oc-77">
         <name>.debug_line</name>
         <load_address>0x1ad9</load_address>
         <run_address>0x1ad9</run_address>
         <size>0x33</size>
         <input_file_ref idref="fl-cb"/>
      </object_component>
      <object_component id="oc-59">
         <name>.debug_line</name>
         <load_address>0x1b0c</load_address>
         <run_address>0x1b0c</run_address>
         <size>0x45</size>
         <input_file_ref idref="fl-cb"/>
      </object_component>
      <object_component id="oc-3b">
         <name>.debug_line</name>
         <load_address>0x1b51</load_address>
         <run_address>0x1b51</run_address>
         <size>0x88</size>
         <input_file_ref idref="fl-cc"/>
      </object_component>
      <object_component id="oc-228">
         <name>.debug_line</name>
         <load_address>0x1bd9</load_address>
         <run_address>0x1bd9</run_address>
         <size>0xbf</size>
         <input_file_ref idref="fl-ce"/>
      </object_component>
      <object_component id="oc-12d">
         <name>.debug_line</name>
         <load_address>0x1c98</load_address>
         <run_address>0x1c98</run_address>
         <size>0x6f</size>
         <input_file_ref idref="fl-ce"/>
      </object_component>
      <object_component id="oc-22c">
         <name>.debug_line</name>
         <load_address>0x1d07</load_address>
         <run_address>0x1d07</run_address>
         <size>0x2e</size>
         <input_file_ref idref="fl-ce"/>
      </object_component>
      <object_component id="oc-264">
         <name>.debug_line</name>
         <load_address>0x1d35</load_address>
         <run_address>0x1d35</run_address>
         <size>0x9a</size>
         <input_file_ref idref="fl-ce"/>
      </object_component>
      <object_component id="oc-231">
         <name>.debug_line</name>
         <load_address>0x1dcf</load_address>
         <run_address>0x1dcf</run_address>
         <size>0x97</size>
         <input_file_ref idref="fl-ce"/>
      </object_component>
      <object_component id="oc-236">
         <name>.debug_line</name>
         <load_address>0x1e66</load_address>
         <run_address>0x1e66</run_address>
         <size>0x93</size>
         <input_file_ref idref="fl-ce"/>
      </object_component>
      <object_component id="oc-97">
         <name>.debug_line</name>
         <load_address>0x1ef9</load_address>
         <run_address>0x1ef9</run_address>
         <size>0x40</size>
         <input_file_ref idref="fl-cf"/>
      </object_component>
      <object_component id="oc-123">
         <name>.debug_line</name>
         <load_address>0x1f39</load_address>
         <run_address>0x1f39</run_address>
         <size>0x3c</size>
         <input_file_ref idref="fl-d1"/>
      </object_component>
      <object_component id="oc-9e">
         <name>.debug_frame</name>
         <load_address>0x0</load_address>
         <run_address>0x0</run_address>
         <size>0x5c</size>
         <input_file_ref idref="fl-2"/>
      </object_component>
      <object_component id="oc-cf">
         <name>.debug_frame</name>
         <load_address>0x5c</load_address>
         <run_address>0x5c</run_address>
         <size>0x5c</size>
         <input_file_ref idref="fl-2"/>
      </object_component>
      <object_component id="oc-d5">
         <name>.debug_frame</name>
         <load_address>0xb8</load_address>
         <run_address>0xb8</run_address>
         <size>0x5c</size>
         <input_file_ref idref="fl-2"/>
      </object_component>
      <object_component id="oc-170">
         <name>.debug_frame</name>
         <load_address>0x114</load_address>
         <run_address>0x114</run_address>
         <size>0x5c</size>
         <input_file_ref idref="fl-2"/>
      </object_component>
      <object_component id="oc-10b">
         <name>.debug_frame</name>
         <load_address>0x170</load_address>
         <run_address>0x170</run_address>
         <size>0x5c</size>
         <input_file_ref idref="fl-2"/>
      </object_component>
      <object_component id="oc-ed">
         <name>.debug_frame</name>
         <load_address>0x1cc</load_address>
         <run_address>0x1cc</run_address>
         <size>0x5c</size>
         <input_file_ref idref="fl-2"/>
      </object_component>
      <object_component id="oc-f3">
         <name>.debug_frame</name>
         <load_address>0x228</load_address>
         <run_address>0x228</run_address>
         <size>0x5c</size>
         <input_file_ref idref="fl-2"/>
      </object_component>
      <object_component id="oc-db">
         <name>.debug_frame</name>
         <load_address>0x284</load_address>
         <run_address>0x284</run_address>
         <size>0x5c</size>
         <input_file_ref idref="fl-2"/>
      </object_component>
      <object_component id="oc-e7">
         <name>.debug_frame</name>
         <load_address>0x2e0</load_address>
         <run_address>0x2e0</run_address>
         <size>0x5c</size>
         <input_file_ref idref="fl-2"/>
      </object_component>
      <object_component id="oc-1a8">
         <name>.debug_frame</name>
         <load_address>0x33c</load_address>
         <run_address>0x33c</run_address>
         <size>0x58</size>
         <input_file_ref idref="fl-2"/>
      </object_component>
      <object_component id="oc-ff">
         <name>.debug_frame</name>
         <load_address>0x394</load_address>
         <run_address>0x394</run_address>
         <size>0x5c</size>
         <input_file_ref idref="fl-2"/>
      </object_component>
      <object_component id="oc-1b2">
         <name>.debug_frame</name>
         <load_address>0x3f0</load_address>
         <run_address>0x3f0</run_address>
         <size>0x5c</size>
         <input_file_ref idref="fl-2"/>
      </object_component>
      <object_component id="oc-f9">
         <name>.debug_frame</name>
         <load_address>0x44c</load_address>
         <run_address>0x44c</run_address>
         <size>0x5c</size>
         <input_file_ref idref="fl-2"/>
      </object_component>
      <object_component id="oc-105">
         <name>.debug_frame</name>
         <load_address>0x4a8</load_address>
         <run_address>0x4a8</run_address>
         <size>0x58</size>
         <input_file_ref idref="fl-2"/>
      </object_component>
      <object_component id="oc-111">
         <name>.debug_frame</name>
         <load_address>0x500</load_address>
         <run_address>0x500</run_address>
         <size>0x58</size>
         <input_file_ref idref="fl-2"/>
      </object_component>
      <object_component id="oc-b0">
         <name>.debug_frame</name>
         <load_address>0x558</load_address>
         <run_address>0x558</run_address>
         <size>0x54</size>
         <input_file_ref idref="fl-3"/>
      </object_component>
      <object_component id="oc-69">
         <name>.debug_frame</name>
         <load_address>0x5ac</load_address>
         <run_address>0x5ac</run_address>
         <size>0x58</size>
         <input_file_ref idref="fl-4"/>
      </object_component>
      <object_component id="oc-6e">
         <name>.debug_frame</name>
         <load_address>0x604</load_address>
         <run_address>0x604</run_address>
         <size>0x54</size>
         <input_file_ref idref="fl-4"/>
      </object_component>
      <object_component id="oc-16a">
         <name>.debug_frame</name>
         <load_address>0x658</load_address>
         <run_address>0x658</run_address>
         <size>0x5c</size>
         <input_file_ref idref="fl-f"/>
      </object_component>
      <object_component id="oc-1f5">
         <name>.debug_frame</name>
         <load_address>0x6b4</load_address>
         <run_address>0x6b4</run_address>
         <size>0x58</size>
         <input_file_ref idref="fl-10"/>
      </object_component>
      <object_component id="oc-1ff">
         <name>.debug_frame</name>
         <load_address>0x70c</load_address>
         <run_address>0x70c</run_address>
         <size>0x58</size>
         <input_file_ref idref="fl-10"/>
      </object_component>
      <object_component id="oc-20e">
         <name>.debug_frame</name>
         <load_address>0x764</load_address>
         <run_address>0x764</run_address>
         <size>0x58</size>
         <input_file_ref idref="fl-11"/>
      </object_component>
      <object_component id="oc-de">
         <name>.debug_frame</name>
         <load_address>0x7bc</load_address>
         <run_address>0x7bc</run_address>
         <size>0x58</size>
         <input_file_ref idref="fl-11"/>
      </object_component>
      <object_component id="oc-18c">
         <name>.debug_frame</name>
         <load_address>0x814</load_address>
         <run_address>0x814</run_address>
         <size>0x5c</size>
         <input_file_ref idref="fl-11"/>
      </object_component>
      <object_component id="oc-185">
         <name>.debug_frame</name>
         <load_address>0x870</load_address>
         <run_address>0x870</run_address>
         <size>0x58</size>
         <input_file_ref idref="fl-11"/>
      </object_component>
      <object_component id="oc-197">
         <name>.debug_frame</name>
         <load_address>0x8c8</load_address>
         <run_address>0x8c8</run_address>
         <size>0x58</size>
         <input_file_ref idref="fl-11"/>
      </object_component>
      <object_component id="oc-191">
         <name>.debug_frame</name>
         <load_address>0x920</load_address>
         <run_address>0x920</run_address>
         <size>0x58</size>
         <input_file_ref idref="fl-11"/>
      </object_component>
      <object_component id="oc-19d">
         <name>.debug_frame</name>
         <load_address>0x978</load_address>
         <run_address>0x978</run_address>
         <size>0x60</size>
         <input_file_ref idref="fl-11"/>
      </object_component>
      <object_component id="oc-48">
         <name>.debug_frame</name>
         <load_address>0x9d8</load_address>
         <run_address>0x9d8</run_address>
         <size>0x54</size>
         <input_file_ref idref="fl-c8"/>
      </object_component>
      <object_component id="oc-22">
         <name>.debug_frame</name>
         <load_address>0xa2c</load_address>
         <run_address>0xa2c</run_address>
         <size>0x54</size>
         <input_file_ref idref="fl-c9"/>
      </object_component>
      <object_component id="oc-1c">
         <name>.debug_frame</name>
         <load_address>0xa80</load_address>
         <run_address>0xa80</run_address>
         <size>0x60</size>
         <input_file_ref idref="fl-ca"/>
      </object_component>
      <object_component id="oc-5a">
         <name>.debug_frame</name>
         <load_address>0xae0</load_address>
         <run_address>0xae0</run_address>
         <size>0x50</size>
         <input_file_ref idref="fl-cb"/>
      </object_component>
      <object_component id="oc-12e">
         <name>.debug_frame</name>
         <load_address>0xb30</load_address>
         <run_address>0xb30</run_address>
         <size>0x5c</size>
         <input_file_ref idref="fl-ce"/>
      </object_component>
      <object_component id="oc-98">
         <name>.debug_frame</name>
         <load_address>0xb8c</load_address>
         <run_address>0xb8c</run_address>
         <size>0x54</size>
         <input_file_ref idref="fl-cf"/>
      </object_component>
      <object_component id="oc-121">
         <name>.debug_frame</name>
         <load_address>0xbe0</load_address>
         <run_address>0xbe0</run_address>
         <size>0x54</size>
         <input_file_ref idref="fl-d1"/>
      </object_component>
      <object_component id="oc-1b9">
         <name>.debug_abbrev</name>
         <load_address>0x0</load_address>
         <run_address>0x0</run_address>
         <size>0xbb</size>
         <input_file_ref idref="fl-2"/>
      </object_component>
      <object_component id="oc-1b7">
         <name>.debug_abbrev</name>
         <load_address>0xbb</load_address>
         <run_address>0xbb</run_address>
         <size>0x29</size>
         <input_file_ref idref="fl-2"/>
      </object_component>
      <object_component id="oc-11f">
         <name>.debug_abbrev</name>
         <load_address>0xe4</load_address>
         <run_address>0xe4</run_address>
         <size>0x63</size>
         <input_file_ref idref="fl-2"/>
      </object_component>
      <object_component id="oc-164">
         <name>.debug_abbrev</name>
         <load_address>0x147</load_address>
         <run_address>0x147</run_address>
         <size>0x5f</size>
         <input_file_ref idref="fl-2"/>
      </object_component>
      <object_component id="oc-171">
         <name>.debug_abbrev</name>
         <load_address>0x1a6</load_address>
         <run_address>0x1a6</run_address>
         <size>0x6d</size>
         <input_file_ref idref="fl-2"/>
      </object_component>
      <object_component id="oc-205">
         <name>.debug_abbrev</name>
         <load_address>0x213</load_address>
         <run_address>0x213</run_address>
         <size>0x6d</size>
         <input_file_ref idref="fl-2"/>
      </object_component>
      <object_component id="oc-1b5">
         <name>.debug_abbrev</name>
         <load_address>0x280</load_address>
         <run_address>0x280</run_address>
         <size>0x5f</size>
         <input_file_ref idref="fl-2"/>
      </object_component>
      <object_component id="oc-1aa">
         <name>.debug_abbrev</name>
         <load_address>0x2df</load_address>
         <run_address>0x2df</run_address>
         <size>0x6d</size>
         <input_file_ref idref="fl-2"/>
      </object_component>
      <object_component id="oc-1ab">
         <name>.debug_abbrev</name>
         <load_address>0x34c</load_address>
         <run_address>0x34c</run_address>
         <size>0x5f</size>
         <input_file_ref idref="fl-2"/>
      </object_component>
      <object_component id="oc-173">
         <name>.debug_abbrev</name>
         <load_address>0x3ab</load_address>
         <run_address>0x3ab</run_address>
         <size>0x7b</size>
         <input_file_ref idref="fl-2"/>
      </object_component>
      <object_component id="oc-1a9">
         <name>.debug_abbrev</name>
         <load_address>0x426</load_address>
         <run_address>0x426</run_address>
         <size>0x7a</size>
         <input_file_ref idref="fl-2"/>
      </object_component>
      <object_component id="oc-217">
         <name>.debug_abbrev</name>
         <load_address>0x4a0</load_address>
         <run_address>0x4a0</run_address>
         <size>0x6d</size>
         <input_file_ref idref="fl-2"/>
      </object_component>
      <object_component id="oc-1b3">
         <name>.debug_abbrev</name>
         <load_address>0x50d</load_address>
         <run_address>0x50d</run_address>
         <size>0x6d</size>
         <input_file_ref idref="fl-2"/>
      </object_component>
      <object_component id="oc-218">
         <name>.debug_abbrev</name>
         <load_address>0x57a</load_address>
         <run_address>0x57a</run_address>
         <size>0x7b</size>
         <input_file_ref idref="fl-2"/>
      </object_component>
      <object_component id="oc-1ac">
         <name>.debug_abbrev</name>
         <load_address>0x5f5</load_address>
         <run_address>0x5f5</run_address>
         <size>0x5f</size>
         <input_file_ref idref="fl-2"/>
      </object_component>
      <object_component id="oc-1b4">
         <name>.debug_abbrev</name>
         <load_address>0x654</load_address>
         <run_address>0x654</run_address>
         <size>0x50</size>
         <input_file_ref idref="fl-2"/>
      </object_component>
      <object_component id="oc-1b6">
         <name>.debug_abbrev</name>
         <load_address>0x6a4</load_address>
         <run_address>0x6a4</run_address>
         <size>0x6c</size>
         <input_file_ref idref="fl-2"/>
      </object_component>
      <object_component id="oc-1cc">
         <name>.debug_abbrev</name>
         <load_address>0x710</load_address>
         <run_address>0x710</run_address>
         <size>0x42</size>
         <input_file_ref idref="fl-2"/>
      </object_component>
      <object_component id="oc-b7">
         <name>.debug_abbrev</name>
         <load_address>0x752</load_address>
         <run_address>0x752</run_address>
         <size>0x69</size>
         <input_file_ref idref="fl-2"/>
      </object_component>
      <object_component id="oc-1c2">
         <name>.debug_abbrev</name>
         <load_address>0x7bb</load_address>
         <run_address>0x7bb</run_address>
         <size>0x97</size>
         <input_file_ref idref="fl-2"/>
      </object_component>
      <object_component id="oc-1bd">
         <name>.debug_abbrev</name>
         <load_address>0x852</load_address>
         <run_address>0x852</run_address>
         <size>0xbd</size>
         <input_file_ref idref="fl-2"/>
      </object_component>
      <object_component id="oc-1c7">
         <name>.debug_abbrev</name>
         <load_address>0x90f</load_address>
         <run_address>0x90f</run_address>
         <size>0x4b</size>
         <input_file_ref idref="fl-2"/>
      </object_component>
      <object_component id="oc-34">
         <name>.debug_abbrev</name>
         <load_address>0x95a</load_address>
         <run_address>0x95a</run_address>
         <size>0x1f</size>
         <input_file_ref idref="fl-2"/>
      </object_component>
      <object_component id="oc-161">
         <name>.debug_abbrev</name>
         <load_address>0x979</load_address>
         <run_address>0x979</run_address>
         <size>0x5c</size>
         <input_file_ref idref="fl-2"/>
      </object_component>
      <object_component id="oc-1d1">
         <name>.debug_abbrev</name>
         <load_address>0x9d5</load_address>
         <run_address>0x9d5</run_address>
         <size>0x24</size>
         <input_file_ref idref="fl-2"/>
      </object_component>
      <object_component id="oc-176">
         <name>.debug_abbrev</name>
         <load_address>0x9f9</load_address>
         <run_address>0x9f9</run_address>
         <size>0x24</size>
         <input_file_ref idref="fl-2"/>
      </object_component>
      <object_component id="oc-15e">
         <name>.debug_abbrev</name>
         <load_address>0xa1d</load_address>
         <run_address>0xa1d</run_address>
         <size>0x50</size>
         <input_file_ref idref="fl-3"/>
      </object_component>
      <object_component id="oc-b3">
         <name>.debug_abbrev</name>
         <load_address>0xa6d</load_address>
         <run_address>0xa6d</run_address>
         <size>0x7c</size>
         <input_file_ref idref="fl-4"/>
      </object_component>
      <object_component id="oc-73">
         <name>.debug_abbrev</name>
         <load_address>0xae9</load_address>
         <run_address>0xae9</run_address>
         <size>0x29</size>
         <input_file_ref idref="fl-4"/>
      </object_component>
      <object_component id="oc-b1">
         <name>.debug_abbrev</name>
         <load_address>0xb12</load_address>
         <run_address>0xb12</run_address>
         <size>0x5e</size>
         <input_file_ref idref="fl-4"/>
      </object_component>
      <object_component id="oc-b2">
         <name>.debug_abbrev</name>
         <load_address>0xb70</load_address>
         <run_address>0xb70</run_address>
         <size>0x42</size>
         <input_file_ref idref="fl-4"/>
      </object_component>
      <object_component id="oc-245">
         <name>.debug_abbrev</name>
         <load_address>0xbb2</load_address>
         <run_address>0xbb2</run_address>
         <size>0xbb</size>
         <input_file_ref idref="fl-f"/>
      </object_component>
      <object_component id="oc-243">
         <name>.debug_abbrev</name>
         <load_address>0xc6d</load_address>
         <run_address>0xc6d</run_address>
         <size>0x27</size>
         <input_file_ref idref="fl-f"/>
      </object_component>
      <object_component id="oc-203">
         <name>.debug_abbrev</name>
         <load_address>0xc94</load_address>
         <run_address>0xc94</run_address>
         <size>0x7a</size>
         <input_file_ref idref="fl-f"/>
      </object_component>
      <object_component id="oc-253">
         <name>.debug_abbrev</name>
         <load_address>0xd0e</load_address>
         <run_address>0xd0e</run_address>
         <size>0x69</size>
         <input_file_ref idref="fl-f"/>
      </object_component>
      <object_component id="oc-24e">
         <name>.debug_abbrev</name>
         <load_address>0xd77</load_address>
[...]
               <start_address>0x1000120</start_address>
               <size>0x4</size>
               <logical_group_ref idref="lg-e"/>
            </allocated_space>
            <available_space>
               <start_address>0x1000124</start_address>
               <size>0xfcdc</size>
            </available_space>
            <allocated_space>
               <start_address>0x100fe00</start_address>
               <size>0x200</size>
               <logical_group_ref idref="lg-11"/>
            </allocated_space>
         </usage_details>
      </memory_area>
      <memory_area display="yes" color="green">
         <name>SRAM_DATA</name>
         <page_id>0x0</page_id>
         <origin>0x20000000</origin>
         <length>0x10000</length>
         <used_space>0x324</used_space>
         <unused_space>0xfcdc</unused_space>
         <attributes>RW</attributes>
         <usage_details>
            <allocated_space>
               <start_address>0x20000000</start_address>
               <size>0x0</size>
               <logical_group_ref idref="lg-27a"/>
            </allocated_space>
            <allocated_space>
               <start_address>0x20000000</start_address>
               <size>0xe8</size>
               <logical_group_ref idref="lg-d"/>
            </allocated_space>
            <allocated_space>
               <start_address>0x200000e8</start_address>
               <size>0x38</size>
               <logical_group_ref idref="lg-f"/>
            </allocated_space>
            <allocated_space>
               <start_address>0x20000120</start_address>
               <size>0x4</size>
               <logical_group_ref idref="lg-e"/>
            </allocated_space>
            <available_space>
               <start_address>0x20000124</start_address>
               <size>0xfcdc</size>
            </available_space>
            <allocated_space>
               <start_address>0x2000fe00</start_address>
               <size>0x200</size>
               <logical_group_ref idref="lg-11"/>
            </allocated_space>
         </usage_details>
      </memory_area>
   </placement_map>
   <cptbl_list>
      <cptbl>
         <name>__TI_cinit_table</name>
         <cprec>
            <name>.bss</name>
            <load_address>0x1780</load_address>
            <load_size>0x8</load_size>
            <run_address>0x200000e8</run_address>
            <run_size>0x38</run_size>
            <compression>zero_init</compression>
         </cprec>
         <cprec>
            <name>.data</name>
            <load_address>0x1788</load_address>
            <load_size>0x8</load_size>
            <run_address>0x20000120</run_address>
            <run_size>0x4</run_size>
            <compression>lzss</compression>
         </cprec>
         <cprec>
            <name>.vtable</name>
            <load_address>0x1790</load_address>
            <load_size>0x8</load_size>
            <run_address>0x20000000</run_address>
            <run_size>0xe8</run_size>
            <compression>zero_init</compression>
         </cprec>
      </cptbl>
   </cptbl_list>
   <handler_table>
      <handler_table_name>__TI_handler_table</handler_table_name>
      <handler>
         <index>0x0</index>
         <name>__TI_zero_init</name>
      </handler>
      <handler>
         <index>0x1</index>
         <name>__TI_decompress_lzss</name>
      </handler>
      <handler>
         <index>0x2</index>
         <name>__TI_decompress_none</name>
      </handler>
   </handler_table>
   <symbol_table>
      <symbol id="sm-1">
         <name>WDTCTL_SYM</name>
         <value>0x4000480c</value>
      </symbol>
      <symbol id="sm-2">
         <name>__start___llvm_prf_cnts</name>
         <value>0x20000000</value>
      </symbol>
      <symbol id="sm-3">
         <name>__stop___llvm_prf_cnts</name>
         <value>0x20000000</value>
      </symbol>
      <symbol id="sm-4">
         <name>__TI_CINIT_Base</name>
         <value>0x1798</value>
      </symbol>
      <symbol id="sm-5">
         <name>__TI_CINIT_Limit</name>
         <value>0x17b0</value>
      </symbol>
      <symbol id="sm-6">
         <name>__TI_Handler_Table_Base</name>
         <value>0x1770</value>
      </symbol>
      <symbol id="sm-7">
         <name>__TI_Handler_Table_Limit</name>
         <value>0x177c</value>
      </symbol>
      <symbol id="sm-8">
         <name>binit</name>
         <value>0xffffffff</value>
      </symbol>
      <symbol id="sm-9">
         <name>__binit__</name>
         <value>0xffffffff</value>
      </symbol>
      <symbol id="sm-a">
         <name>__STACK_SIZE</name>
         <value>0x200</value>
      </symbol>
      <symbol id="sm-b">
         <name>__STACK_END</name>
         <value>0x20010000</value>
      </symbol>
      <symbol id="sm-c">
         <name>__c_args__</name>
         <value>0xffffffff</value>
      </symbol>
      <symbol id="sm-d">
         <name>__TI_pprof_out_hndl</name>
         <value>0xffffffff</value>
      </symbol>
      <symbol id="sm-e">
         <name>__TI_prof_data_start</name>
         <value>0xffffffff</value>
      </symbol>
      <symbol id="sm-f">
         <name>__TI_prof_data_size</name>
         <value>0xffffffff</value>
      </symbol>
      <symbol id="sm-18a">
         <name>timerPWMConfig</name>
         <value>0x20000100</value>
      </symbol>
      <symbol id="sm-18b">
         <name>pState</name>
         <value>0x2000011b</value>
      </symbol>
      <symbol id="sm-18c">
         <name>tState</name>
         <value>0x2000011f</value>
      </symbol>
      <symbol id="sm-18d">
         <name>leftState</name>
         <value>0x2000011a</value>
      </symbol>
      <symbol id="sm-18e">
         <name>rightState</name>
         <value>0x2000011e</value>
      </symbol>
      <symbol id="sm-18f">
         <name>leftSpeed</name>
         <value>0x20000119</value>
      </symbol>
      <symbol id="sm-190">
         <name>rightSpeed</name>
         <value>0x2000011d</value>
      </symbol>
      <symbol id="sm-191">
         <name>rCount</name>
         <value>0x2000011c</value>
      </symbol>
      <symbol id="sm-192">
         <name>lCount</name>
         <value>0x20000118</value>
      </symbol>
      <symbol id="sm-193">
         <name>timerConfig</name>
         <value>0x200000e8</value>
      </symbol>
      <symbol id="sm-194">
         <name>motorControl</name>
         <value>0x919</value>
         <object_component_ref idref="oc-e8"/>
      </symbol>
      <symbol id="sm-195">
         <name>bumperSwitchesHandler</name>
         <value>0x1235</value>
         <object_component_ref idref="oc-16b"/>
      </symbol>
      <symbol id="sm-196">
         <name>RSLKLEDControl</name>
         <value>0xf99</value>
         <object_component_ref idref="oc-106"/>
      </symbol>
      <symbol id="sm-197">
         <name>configTimer</name>
         <value>0x1455</value>
         <object_component_ref idref="oc-e2"/>
      </symbol>
      <symbol id="sm-198">
         <name>ledToggle</name>
         <value>0x1665</value>
         <object_component_ref idref="oc-1a3"/>
      </symbol>
      <symbol id="sm-199">
         <name>readSensors</name>
         <value>0x3c5</value>
         <object_component_ref idref="oc-f4"/>
      </symbol>
      <symbol id="sm-19a">
         <name>main</name>
         <value>0x7b9</value>
         <object_component_ref idref="oc-99"/>
      </symbol>
      <symbol id="sm-19b">
         <name>ledControl</name>
         <value>0xde5</value>
         <object_component_ref idref="oc-fa"/>
      </symbol>
      <symbol id="sm-19c">
         <name>config432IO</name>
         <value>0x12c9</value>
         <object_component_ref idref="oc-ca"/>
      </symbol>
      <symbol id="sm-19d">
         <name>allLEDs</name>
         <value>0xce1</value>
         <object_component_ref idref="oc-ee"/>
      </symbol>
      <symbol id="sm-19e">
         <name>lostProtocol</name>
         <value>0x10fd</value>
         <object_component_ref idref="oc-10c"/>
      </symbol>
      <symbol id="sm-19f">
         <name>LED_DIVIDER</name>
         <value>0x20000122</value>
         <object_component_ref idref="oc-112"/>
      </symbol>
      <symbol id="sm-1a0">
         <name>configRobotIO</name>
         <value>0xe5</value>
         <object_component_ref idref="oc-d0"/>
      </symbol>
      <symbol id="sm-1a1">
         <name>motorStateControl</name>
         <value>0xbb1</value>
         <object_component_ref idref="oc-100"/>
      </symbol>
      <symbol id="sm-1a2">
         <name>LED_PERIOD</name>
         <value>0x20000120</value>
         <object_component_ref idref="oc-112"/>
      </symbol>
      <symbol id="sm-1a3">
         <name>led2Control</name>
         <value>0x651</value>
         <object_component_ref idref="oc-1ad"/>
      </symbol>
      <symbol id="sm-1a4">
         <name>configPWMTimer</name>
         <value>0x1061</value>
         <object_component_ref idref="oc-d6"/>
      </symbol>
      <symbol id="sm-1b7">
         <name>SystemInit</name>
         <value>0x13dd</value>
         <object_component_ref idref="oc-ab"/>
      </symbol>
      <symbol id="sm-1d3">
         <name>Reset_Handler</name>
         <value>0x1737</value>
         <object_component_ref idref="oc-67"/>
      </symbol>
      <symbol id="sm-1d4">
         <name>Default_Handler</name>
         <value>0xf97</value>
         <object_component_ref idref="oc-6d"/>
      </symbol>
      <symbol id="sm-1d5">
         <name>interruptVectors</name>
         <value>0x0</value>
         <object_component_ref idref="oc-26"/>
      </symbol>
      <symbol id="sm-209">
         <name>GPIO_registerInterrupt</name>
         <value>0x1691</value>
         <object_component_ref idref="oc-165"/>
      </symbol>
      <symbol id="sm-23e">
         <name>Interrupt_enableInterrupt</name>
         <value>0x135d</value>
         <object_component_ref idref="oc-1fa"/>
      </symbol>
      <symbol id="sm-23f">
         <name>Interrupt_registerInterrupt</name>
         <value>0x1591</value>
         <object_component_ref idref="oc-1f4"/>
      </symbol>
      <symbol id="sm-240">
         <name>g_pfnRAMVectors</name>
         <value>0x20000000</value>
         <object_component_ref idref="oc-23a"/>
      </symbol>
      <symbol id="sm-2a4">
         <name>Timer_A_registerInterrupt</name>
         <value>0xec5</value>
         <object_component_ref idref="oc-19c"/>
      </symbol>
      <symbol id="sm-2a5">
         <name>Timer_A_startCounter</name>
         <value>0x16ff</value>
         <object_component_ref idref="oc-dc"/>
      </symbol>
      <symbol id="sm-2a6">
         <name>Timer_A_stopTimer</name>
         <value>0x1715</value>
         <object_component_ref idref="oc-184"/>
      </symbol>
      <symbol id="sm-2a7">
         <name>Timer_A_clearInterruptFlag</name>
         <value>0x16e9</value>
         <object_component_ref idref="oc-196"/>
      </symbol>
      <symbol id="sm-2a8">
         <name>Timer_A_configureUpMode</name>
         <value>0x14c1</value>
         <object_component_ref idref="oc-18a"/>
      </symbol>
      <symbol id="sm-2a9">
         <name>Timer_A_enableInterrupt</name>
         <value>0x16d1</value>
         <object_component_ref idref="oc-190"/>
      </symbol>
      <symbol id="sm-2c3">
         <name>__TI_zero_init_nomemset</name>
         <value>0x16b5</value>
         <object_component_ref idref="oc-43"/>
      </symbol>
      <symbol id="sm-2da">
         <name>__TI_decompress_none</name>
         <value>0x1729</value>
         <object_component_ref idref="oc-1d"/>
      </symbol>
      <symbol id="sm-2fd">
         <name>__TI_decompress_lzss</name>
         <value>0x1529</value>
         <object_component_ref idref="oc-17"/>
      </symbol>
      <symbol id="sm-310">
         <name>__stack</name>
         <value>0x2000fe00</value>
         <object_component_ref idref="oc-29"/>
      </symbol>
      <symbol id="sm-311">
         <name>_c_int00_noargs</name>
         <value>0x1631</value>
         <object_component_ref idref="oc-55"/>
      </symbol>
      <symbol id="sm-32c">
         <name>memcpy</name>
         <value>0x1199</value>
         <object_component_ref idref="oc-37"/>
      </symbol>
      <symbol id="sm-32d">
         <name>__aeabi_memcpy</name>
         <value>0x1199</value>
         <object_component_ref idref="oc-37"/>
      </symbol>
      <symbol id="sm-32e">
         <name>__aeabi_memcpy8</name>
         <value>0x1199</value>
         <object_component_ref idref="oc-37"/>
      </symbol>
      <symbol id="sm-32f">
         <name>__aeabi_memcpy4</name>
         <value>0x1199</value>
         <object_component_ref idref="oc-37"/>
      </symbol>
      <symbol id="sm-358">
         <name>__TI_auto_init_nobinit_nopinit</name>
         <value>0x15ed</value>
         <object_component_ref idref="oc-12c"/>
      </symbol>
      <symbol id="sm-362">
         <name>_system_pre_init</name>
         <value>0x1743</value>
         <object_component_ref idref="oc-93"/>
      </symbol>
      <symbol id="sm-36e">
         <name>C$$EXIT</name>
         <value>0x1747</value>
         <object_component_ref idref="oc-120"/>
      </symbol>
      <symbol id="sm-36f">
         <name>abort</name>
         <value>0x1747</value>
         <object_component_ref idref="oc-120"/>
      </symbol>
      <symbol id="sm-372">
         <name>__TI_static_base__</name>
         <value>0x0</value>
      </symbol>
      <symbol id="sm-375">
         <name>__mpu_init</name>
         <value>0x0</value>
      </symbol>
      <symbol id="sm-376">
         <name>_system_post_cinit</name>
         <value>0x0</value>
      </symbol>
      <symbol id="sm-377">
         <name>NMI_Handler</name>
         <value>0xf97</value>
      </symbol>
      <symbol id="sm-378">
         <name>HardFault_Handler</name>
         <value>0xf97</value>
      </symbol>
      <symbol id="sm-379">
         <name>MemManage_Handler</name>
         <value>0xf97</value>
      </symbol>
      <symbol id="sm-37a">
         <name>BusFault_Handler</name>
         <value>0xf97</value>
      </symbol>
      <symbol id="sm-37b">
         <name>UsageFault_Handler</name>
         <value>0xf97</value>
      </symbol>
      <symbol id="sm-37c">
         <name>SVC_Handler</name>
         <value>0xf97</value>
      </symbol>
      <symbol id="sm-37d">
         <name>DebugMon_Handler</name>
         <value>0xf97</value>
      </symbol>
      <symbol id="sm-37e">
         <name>PendSV_Handler</name>
         <value>0xf97</value>
      </symbol>
      <symbol id="sm-37f">
         <name>SysTick_Handler</name>
         <value>0xf97</value>
      </symbol>
      <symbol id="sm-380">
         <name>PSS_IRQHandler</name>
         <value>0xf97</value>
      </symbol>
      <symbol id="sm-381">
         <name>CS_IRQHandler</name>
         <value>0xf97</value>
      </symbol>
      <symbol id="sm-382">
         <name>PCM_IRQHandler</name>
         <value>0xf97</value>
      </symbol>
      <symbol id="sm-383">
         <name>WDT_A_IRQHandler</name>
         <value>0xf97</value>
      </symbol>
      <symbol id="sm-384">
         <name>FPU_IRQHandler</name>
         <value>0xf97</value>
      </symbol>
      <symbol id="sm-385">
         <name>FLCTL_IRQHandler</name>
         <value>0xf97</value>
      </symbol>
      <symbol id="sm-386">
         <name>COMP_E0_IRQHandler</name>
         <value>0xf97</value>
      </symbol>
      <symbol id="sm-387">
         <name>COMP_E1_IRQHandler</name>
         <value>0xf97</value>
      </symbol>
      <symbol id="sm-388">
         <name>TA0_0_IRQHandler</name>
         <value>0xf97</value>
      </symbol>
      <symbol id="sm-389">
         <name>TA0_N_IRQHandler</name>
         <value>0xf97</value>
      </symbol>
      <symbol id="sm-38a">
         <name>TA1_0_IRQHandler</name>
         <value>0xf97</value>
      </symbol>
      <symbol id="sm-38b">
         <name>TA1_N_IRQHandler</name>
         <value>0xf97</value>
      </symbol>
      <symbol id="sm-38c">
         <name>TA2_0_IRQHandler</name>
         <value>0xf97</value>
      </symbol>
      <symbol id="sm-38d">
         <name>TA2_N_IRQHandler</name>
         <value>0xf97</value>
      </symbol>
      <symbol id="sm-38e">
         <name>TA3_0_IRQHandler</name>
         <value>0xf97</value>
      </symbol>
      <symbol id="sm-38f">
         <name>TA3_N_IRQHandler</name>
         <value>0xf97</value>
      </symbol>
      <symbol id="sm-390">
         <name>EUSCIA0_IRQHandler</name>
         <value>0xf97</value>
      </symbol>
      <symbol id="sm-391">
         <name>EUSCIA1_IRQHandler</name>
         <value>0xf97</value>
      </symbol>
      <symbol id="sm-392">
         <name>EUSCIA2_IRQHandler</name>
         <value>0xf97</value>
      </symbol>
      <symbol id="sm-393">
         <name>EUSCIA3_IRQHandler</name>
         <value>0xf97</value>
      </symbol>
      <symbol id="sm-394">
         <name>EUSCIB0_IRQHandler</name>
         <value>0xf97</value>
      </symbol>
      <symbol id="sm-395">
         <name>EUSCIB1_IRQHandler</name>
         <value>0xf97</value>
      </symbol>
      <symbol id="sm-396">
         <name>EUSCIB2_IRQHandler</name>
         <value>0xf97</value>
      </symbol>
      <symbol id="sm-397">
         <name>EUSCIB3_IRQHandler</name>
         <value>0xf97</value>
      </symbol>
      <symbol id="sm-398">
         <name>ADC14_IRQHandler</name>
         <value>0xf97</value>
      </symbol>
      <symbol id="sm-399">
         <name>T32_INT1_IRQHandler</name>
         <value>0xf97</value>
      </symbol>
      <symbol id="sm-39a">
         <name>T32_INT2_IRQHandler</name>
         <value>0xf97</value>
      </symbol>
      <symbol id="sm-39b">
         <name>T32_INTC_IRQHandler</name>
         <value>0xf97</value>
      </symbol>
      <symbol id="sm-39c">
         <name>AES256_IRQHandler</name>
         <value>0xf97</value>
      </symbol>
      <symbol id="sm-39d">
         <name>RTC_C_IRQHandler</name>
         <value>0xf97</value>
      </symbol>
      <symbol id="sm-39e">
         <name>DMA_ERR_IRQHandler</name>
         <value>0xf97</value>
      </symbol>
      <symbol id="sm-39f">
         <name>DMA_INT3_IRQHandler</name>
         <value>0xf97</value>
      </symbol>
      <symbol id="sm-3a0">
         <name>DMA_INT2_IRQHandler</name>
         <value>0xf97</value>
      </symbol>
      <symbol id="sm-3a1">
         <name>DMA_INT1_IRQHandler</name>
         <value>0xf97</value>
      </symbol>
      <symbol id="sm-3a2">
         <name>DMA_INT0_IRQHandler</name>
         <value>0xf97</value>
      </symbol>
      <symbol id="sm-3a3">
         <name>PORT1_IRQHandler</name>
         <value>0xf97</value>
      </symbol>
      <symbol id="sm-3a4">
         <name>PORT2_IRQHandler</name>
         <value>0xf97</value>
      </symbol>
      <symbol id="sm-3a5">
         <name>PORT3_IRQHandler</name>
         <value>0xf97</value>
      </symbol>
      <symbol id="sm-3a6">
         <name>PORT4_IRQHandler</name>
         <value>0xf97</value>
      </symbol>
      <symbol id="sm-3a7">
         <name>PORT5_IRQHandler</name>
         <value>0xf97</value>
      </symbol>
      <symbol id="sm-3a8">
         <name>PORT6_IRQHandler</name>
         <value>0xf97</value>
      </symbol>
   </symbol_table>
   <title>Link successful</title>
</link_info>
