******************************************************************************
                  TI ARM Linker PC v20.2.6                     
******************************************************************************
>> Linked Wed Mar 22 15:38:38 2023

OUTPUT FILE NAME:   <lab8.out>
ENTRY POINT SYMBOL: "_c_int00_noargs"  address: 00001631


MEMORY CONFIGURATION

         name            origin    length      used     unused   attr    fill
----------------------  --------  ---------  --------  --------  ----  --------
  MAIN                  00000000   00040000  000017ae  0003e852  R  X
  INFO                  00200000   00004000  00000000  00004000  R  X
  SRAM_CODE             01000000   00010000  00000324  0000fcdc  RW X
  SRAM_DATA             20000000   00010000  00000324  0000fcdc  RW  


SEGMENT ALLOCATION MAP

run origin  load origin   length   init length attrs members
----------  ----------- ---------- ----------- ----- -------
00000000    00000000    000017b0   000017b0    r-x
  00000000    00000000    000000e4   000000e4    r-- .intvecs
  000000e4    000000e4    00001666   00001666    r-x .text
  0000174c    0000174c    00000024   00000024    r-- .const
  00001770    00001770    00000040   00000040    r-- .cinit
20000000    20000000    00000124   00000000    rw-
  20000000    20000000    000000e8   00000000    rw- .vtable
  200000e8    200000e8    00000038   00000000    rw- .bss
  20000120    20000120    00000004   00000000    rw- .data
2000fe00    2000fe00    00000200   00000000    rw-
  2000fe00    2000fe00    00000200   00000000    rw- .stack


SECTION ALLOCATION MAP

 output                                  attributes/
section   page    origin      length       input sections
--------  ----  ----------  ----------   ----------------
.intvecs   0    00000000    000000e4     
                  00000000    000000e4     startup_msp432p401r_ccs.obj (.intvecs:retain)

.text      0    000000e4    00001666     
                  000000e4    000002e0     lab8.obj (.text:configRobotIO)
                  000003c4    0000028c     lab8.obj (.text:readSensors)
                  00000650    00000168     lab8.obj (.text:led2Control)
                  000007b8    00000160     lab8.obj (.text:main)
                  00000918    00000154     lab8.obj (.text:motorControl)
                  00000a6c    00000144     msp432p4xx_driverlib.lib : timer_a.o (.text:privateTimer_AProcessClockSourceDivider)
                  00000bb0    00000130     lab8.obj (.text:motorStateControl)
                  00000ce0    00000104     lab8.obj (.text:allLEDs)
                  00000de4    000000e0     lab8.obj (.text:ledControl)
                  00000ec4    000000d2     msp432p4xx_driverlib.lib : timer_a.o (.text:Timer_A_registerInterrupt)
                  00000f96    00000002     startup_msp432p401r_ccs.obj (.text:Default_Handler)
                  00000f98    000000c8     lab8.obj (.text:RSLKLEDControl)
                  00001060    0000009c     lab8.obj (.text:configPWMTimer)
                  000010fc    0000009c     lab8.obj (.text:lostProtocol)
                  00001198    0000009c     rtsv7M4_T_le_v4SPD16_eabi.lib : memcpy_t2.asm.obj (.text)
                  00001234    00000094     lab8.obj (.text:bumperSwitchesHandler)
                  000012c8    00000094     lab8.obj (.text:config432IO)
                  0000135c    00000080     msp432p4xx_driverlib.lib : interrupt.o (.text:Interrupt_enableInterrupt)
                  000013dc    00000078     system_msp432p401r.obj (.text:SystemInit)
                  00001454    0000006c     lab8.obj (.text:configTimer)
                  000014c0    00000068     msp432p4xx_driverlib.lib : timer_a.o (.text:Timer_A_configureUpMode)
                  00001528    00000068     rtsv7M4_T_le_v4SPD16_eabi.lib : copy_decompress_lzss.c.obj (.text:decompress:lzss:__TI_decompress_lzss)
                  00001590    0000005c     msp432p4xx_driverlib.lib : interrupt.o (.text:Interrupt_registerInterrupt)
                  000015ec    00000044     rtsv7M4_T_le_v4SPD16_eabi.lib : autoinit.c.obj (.text:__TI_auto_init_nobinit_nopinit:__TI_auto_init_nobinit_nopinit)
                  00001630    00000034                                   : boot_cortex_m.c.obj (.text:_c_int00_noargs:_c_int00_noargs)
                  00001664    0000002c     lab8.obj (.text:ledToggle)
                  00001690    00000024     msp432p4xx_driverlib.lib : gpio.o (.text:GPIO_registerInterrupt)
                  000016b4    0000001c     rtsv7M4_T_le_v4SPD16_eabi.lib : copy_zero_init.c.obj (.text:decompress:ZI:__TI_zero_init_nomemset:__TI_zero_init_nomemset)
                  000016d0    00000018     msp432p4xx_driverlib.lib : timer_a.o (.text:Timer_A_enableInterrupt)
                  000016e8    00000016                              : timer_a.o (.text:Timer_A_clearInterruptFlag)
                  000016fe    00000016                              : timer_a.o (.text:Timer_A_startCounter)
                  00001714    00000014                              : timer_a.o (.text:Timer_A_stopTimer)
                  00001728    0000000e     rtsv7M4_T_le_v4SPD16_eabi.lib : copy_decompress_none.c.obj (.text:decompress:none:__TI_decompress_none)
                  00001736    0000000c     startup_msp432p401r_ccs.obj (.text:Reset_Handler)
                  00001742    00000004     rtsv7M4_T_le_v4SPD16_eabi.lib : pre_init.c.obj (.text:_system_pre_init)
                  00001746    00000004                                   : exit.c.obj (.text:abort:abort)

.const     0    0000174c    00000024     
                  0000174c    0000001c     msp432p4xx_driverlib.lib : gpio.o (.const:GPIO_PORT_TO_INT)
                  00001768    00000008                              : interrupt.o (.const:g_pulEnRegs)

.cinit     0    00001770    00000040     
                  00001770    0000000c     (__TI_handler_table)
                  0000177c    00000004     --HOLE-- [fill = 0]
                  00001780    00000008     (.cinit..bss.load) [load image, compression = zero_init]
                  00001788    00000008     (.cinit..data.load) [load image, compression = lzss]
                  00001790    00000008     (.cinit..vtable.load) [load image, compression = zero_init]
                  00001798    00000018     (__TI_cinit_table)

.init_array 
*          0    00000000    00000000     UNINITIALIZED

.binit     0    00000000    00000000     

.vtable    0    20000000    000000e8     UNINITIALIZED
                  20000000    000000e8     msp432p4xx_driverlib.lib : interrupt.o (.vtable)

.bss       0    200000e8    00000038     UNINITIALIZED
                  200000e8    00000018     (.common:timerConfig)
                  20000100    00000018     (.common:timerPWMConfig)
                  20000118    00000001     (.common:lCount)
                  20000119    00000001     (.common:leftSpeed)
                  2000011a    00000001     (.common:leftState)
                  2000011b    00000001     (.common:pState)
                  2000011c    00000001     (.common:rCount)
                  2000011d    00000001     (.common:rightSpeed)
                  2000011e    00000001     (.common:rightState)
                  2000011f    00000001     (.common:tState)

.data      0    20000120    00000004     UNINITIALIZED
                  20000120    00000004     lab8.obj (.data)

.stack     0    2000fe00    00000200     UNINITIALIZED
                  2000fe00    00000004     rtsv7M4_T_le_v4SPD16_eabi.lib : boot_cortex_m.c.obj (.stack)
                  2000fe04    000001fc     --HOLE--

__llvm_prf_cnts 
*          0    20000000    00000000     UNINITIALIZED

MODULE SUMMARY

       Module                        code   ro data   rw data
       ------                        ----   -------   -------
    .\
       lab8.obj                      4188   0         120    
       system_msp432p401r.obj        120    0         0      
    +--+-----------------------------+------+---------+---------+
       Total:                        4308   0         120    
                                                             
    .\ccs\
       startup_msp432p401r_ccs.obj   14     228       0      
    +--+-----------------------------+------+---------+---------+
       Total:                        14     228       0      
                                                             
    C:/ti/simplelink_msp432p4_sdk_3_40_01_02/source/ti/devices/msp432p4xx/driverlib/ccs/msp432p4xx_driverlib.lib
       timer_a.o                     726    0         0      
       interrupt.o                   220    8         464    
       gpio.o                        36     28        0      
    +--+-----------------------------+------+---------+---------+
       Total:                        982    36        464    
                                                             
    C:\ti\ccs1200\ccs\tools\compiler\ti-cgt-arm_20.2.6.LTS\lib\rtsv7M4_T_le_v4SPD16_eabi.lib
       memcpy_t2.asm.obj             156    0         0      
       copy_decompress_lzss.c.obj    104    0         0      
       autoinit.c.obj                68     0         0      
       boot_cortex_m.c.obj           52     0         0      
       copy_zero_init.c.obj          28     0         0      
       copy_decompress_none.c.obj    14     0         0      
       exit.c.obj                    4      0         0      
       pre_init.c.obj                4      0         0      
    +--+-----------------------------+------+---------+---------+
       Total:                        430    0         0      
                                                             
       Stack:                        0      0         1024   
       Linker Generated:             0      60        0      
    +--+-----------------------------+------+---------+---------+
       Grand Total:                  5734   324       1608   


LINKER GENERATED COPY TABLES

__TI_cinit_table @ 00001798 records: 3, size/record: 8, table size: 24
	.bss: load addr=00001780, load size=00000008 bytes, run addr=200000e8, run size=00000038 bytes, compression=zero_init
	.data: load addr=00001788, load size=00000008 bytes, run addr=20000120, run size=00000004 bytes, compression=lzss
	.vtable: load addr=00001790, load size=00000008 bytes, run addr=20000000, run size=000000e8 bytes, compression=zero_init


LINKER GENERATED HANDLER TABLE

__TI_handler_table @ 00001770 records: 3, size/record: 4, table size: 12
	index: 0, handler: __TI_zero_init
	index: 1, handler: __TI_decompress_lzss
	index: 2, handler: __TI_decompress_none


GLOBAL SYMBOLS: SORTED ALPHABETICALLY BY Name 

address   name                          
-------   ----                          
00000f97  ADC14_IRQHandler              
00000f97  AES256_IRQHandler             
00000f97  BusFault_Handler              
00001747  C$$EXIT                       
00000f97  COMP_E0_IRQHandler            
00000f97  COMP_E1_IRQHandler            
00000f97  CS_IRQHandler                 
00000f97  DMA_ERR_IRQHandler            
00000f97  DMA_INT0_IRQHandler           
00000f97  DMA_INT1_IRQHandler           
00000f97  DMA_INT2_IRQHandler           
00000f97  DMA_INT3_IRQHandler           
00000f97  DebugMon_Handler              
00000f97  Default_Handler               
00000f97  EUSCIA0_IRQHandler            
00000f97  EUSCIA1_IRQHandler            
00000f97  EUSCIA2_IRQHandler            
00000f97  EUSCIA3_IRQHandler            
00000f97  EUSCIB0_IRQHandler            
00000f97  EUSCIB1_IRQHandler            
00000f97  EUSCIB2_IRQHandler            
00000f97  EUSCIB3_IRQHandler            
00000f97  FLCTL_IRQHandler              
00000f97  FPU_IRQHandler                
00001691  GPIO_registerInterrupt        
00000f97  HardFault_Handler             
0000135d  Interrupt_enableInterrupt     
00001591  Interrupt_registerInterrupt   
20000122  LED_DIVIDER                   
20000120  LED_PERIOD                    
00000f97  MemManage_Handler             
00000f97  NMI_Handler                   
00000f97  PCM_IRQHandler                
00000f97  PORT1_IRQHandler              
00000f97  PORT2_IRQHandler              
00000f97  PORT3_IRQHandler              
00000f97  PORT4_IRQHandler              
00000f97  PORT5_IRQHandler              
00000f97  PORT6_IRQHandler              
00000f97  PSS_IRQHandler                
00000f97  PendSV_Handler                
00000f99  RSLKLEDControl                
00000f97  RTC_C_IRQHandler              
00001737  Reset_Handler                 
00000f97  SVC_Handler                   
00000f97  SysTick_Handler               
000013dd  SystemInit                    
00000f97  T32_INT1_IRQHandler           
00000f97  T32_INT2_IRQHandler           
00000f97  T32_INTC_IRQHandler           
00000f97  TA0_0_IRQHandler              
00000f97  TA0_N_IRQHandler              
00000f97  TA1_0_IRQHandler              
00000f97  TA1_N_IRQHandler              
00000f97  TA2_0_IRQHandler              
00000f97  TA2_N_IRQHandler              
00000f97  TA3_0_IRQHandler              
00000f97  TA3_N_IRQHandler              
000016e9  Timer_A_clearInterruptFlag    
000014c1  Timer_A_configureUpMode       
000016d1  Timer_A_enableInterrupt       
00000ec5  Timer_A_registerInterrupt     
000016ff  Timer_A_startCounter          
00001715  Timer_A_stopTimer             
00000f97  UsageFault_Handler            
4000480c  WDTCTL_SYM                    
00000f97  WDT_A_IRQHandler              
20010000  __STACK_END                   
00000200  __STACK_SIZE                  
00001798  __TI_CINIT_Base               
000017b0  __TI_CINIT_Limit              
00001770  __TI_Handler_Table_Base       
0000177c  __TI_Handler_Table_Limit      
000015ed  __TI_auto_init_nobinit_nopinit
00001529  __TI_decompress_lzss          
00001729  __TI_decompress_none          
ffffffff  __TI_pprof_out_hndl           
ffffffff  __TI_prof_data_size           
ffffffff  __TI_prof_data_start          
00000000  __TI_static_base__            
000016b5  __TI_zero_init_nomemset       
00001199  __aeabi_memcpy                
00001199  __aeabi_memcpy4               
00001199  __aeabi_memcpy8               
ffffffff  __binit__                     
ffffffff  __c_args__                    
UNDEFED   __mpu_init                    
2000fe00  __stack                       
20000000  __start___llvm_prf_cnts       
20000000  __stop___llvm_prf_cnts        
00001631  _c_int00_noargs               
UNDEFED   _system_post_cinit            
00001743  _system_pre_init              
00001747  abort                         
00000ce1  allLEDs                       
ffffffff  binit                         
00001235  bumperSwitchesHandler         
000012c9  config432IO                   
00001061  configPWMTimer                
000000e5  configRobotIO                 
00001455  configTimer                   
20000000  g_pfnRAMVectors               
00000000  interruptVectors              
20000118  lCount                        
00000651  led2Control                   
00000de5  ledControl                    
00001665  ledToggle                     
20000119  leftSpeed                     
2000011a  leftState                     
000010fd  lostProtocol                  
000007b9  main                          
00001199  memcpy                        
00000919  motorControl                  
00000bb1  motorStateControl             
2000011b  pState                        
2000011c  rCount                        
000003c5  readSensors                   
2000011d  rightSpeed                    
2000011e  rightState                    
2000011f  tState                        
200000e8  timerConfig                   
20000100  timerPWMConfig                


GLOBAL SYMBOLS: SORTED BY Symbol Address 

address   name                          
-------   ----                          
00000000  __TI_static_base__            
00000000  interruptVectors              
000000e5  configRobotIO                 
00000200  __STACK_SIZE                  
000003c5  readSensors                   
00000651  led2Control                   
000007b9  main                          
00000919  motorControl                  
00000bb1  motorStateControl             
00000ce1  allLEDs                       
00000de5  ledControl                    
00000ec5  Timer_A_registerInterrupt     
00000f97  ADC14_IRQHandler              
00000f97  AES256_IRQHandler             
00000f97  BusFault_Handler              
00000f97  COMP_E0_IRQHandler            
00000f97  COMP_E1_IRQHandler            
00000f97  CS_IRQHandler                 
00000f97  DMA_ERR_IRQHandler            
00000f97  DMA_INT0_IRQHandler           
00000f97  DMA_INT1_IRQHandler           
00000f97  DMA_INT2_IRQHandler           
00000f97  DMA_INT3_IRQHandler           
00000f97  DebugMon_Handler              
00000f97  Default_Handler               
00000f97  EUSCIA0_IRQHandler            
00000f97  EUSCIA1_IRQHandler            
00000f97  EUSCIA2_IRQHandler            
00000f97  EUSCIA3_IRQHandler            
00000f97  EUSCIB0_IRQHandler            
00000f97  EUSCIB1_IRQHandler            
00000f97  EUSCIB2_IRQHandler            
00000f97  EUSCIB3_IRQHandler            
00000f97  FLCTL_IRQHandler              
00000f97  FPU_IRQHandler                
00000f97  HardFault_Handler             
00000f97  MemManage_Handler             
00000f97  NMI_Handler                   
00000f97  PCM_IRQHandler                
00000f97  PORT1_IRQHandler              
00000f97  PORT2_IRQHandler              
00000f97  PORT3_IRQHandler              
00000f97  PORT4_IRQHandler              
00000f97  PORT5_IRQHandler              
00000f97  PORT6_IRQHandler              
00000f97  PSS_IRQHandler                
00000f97  PendSV_Handler                
00000f97  RTC_C_IRQHandler              
00000f97  SVC_Handler                   
00000f97  SysTick_Handler               
00000f97  T32_INT1_IRQHandler           
00000f97  T32_INT2_IRQHandler           
00000f97  T32_INTC_IRQHandler           
00000f97  TA0_0_IRQHandler              
00000f97  TA0_N_IRQHandler              
00000f97  TA1_0_IRQHandler              
00000f97  TA1_N_IRQHandler              
00000f97  TA2_0_IRQHandler              
00000f97  TA2_N_IRQHandler              
00000f97  TA3_0_IRQHandler              
00000f97  TA3_N_IRQHandler              
00000f97  UsageFault_Handler            
00000f97  WDT_A_IRQHandler              
00000f99  RSLKLEDControl                
00001061  configPWMTimer                
000010fd  lostProtocol                  
00001199  __aeabi_memcpy                
00001199  __aeabi_memcpy4               
00001199  __aeabi_memcpy8               
00001199  memcpy                        
00001235  bumperSwitchesHandler         
000012c9  config432IO                   
0000135d  Interrupt_enableInterrupt     
000013dd  SystemInit                    
00001455  configTimer                   
000014c1  Timer_A_configureUpMode       
00001529  __TI_decompress_lzss          
00001591  Interrupt_registerInterrupt   
000015ed  __TI_auto_init_nobinit_nopinit
00001631  _c_int00_noargs               
00001665  ledToggle                     
00001691  GPIO_registerInterrupt        
000016b5  __TI_zero_init_nomemset       
000016d1  Timer_A_enableInterrupt       
000016e9  Timer_A_clearInterruptFlag    
000016ff  Timer_A_startCounter          
00001715  Timer_A_stopTimer             
00001729  __TI_decompress_none          
00001737  Reset_Handler                 
00001743  _system_pre_init              
00001747  C$$EXIT                       
00001747  abort                         
00001770  __TI_Handler_Table_Base       
0000177c  __TI_Handler_Table_Limit      
00001798  __TI_CINIT_Base               
000017b0  __TI_CINIT_Limit              
20000000  __start___llvm_prf_cnts       
20000000  __stop___llvm_prf_cnts        
20000000  g_pfnRAMVectors               
200000e8  timerConfig                   
20000100  timerPWMConfig                
20000118  lCount                        
20000119  leftSpeed                     
2000011a  leftState                     
2000011b  pState                        
2000011c  rCount                        
2000011d  rightSpeed                    
2000011e  rightState                    
2000011f  tState                        
20000120  LED_PERIOD                    
20000122  LED_DIVIDER                   
2000fe00  __stack                       
20010000  __STACK_END                   
4000480c  WDTCTL_SYM                    
ffffffff  __TI_pprof_out_hndl           
ffffffff  __TI_prof_data_size           
ffffffff  __TI_prof_data_start          
ffffffff  __binit__                     
ffffffff  __c_args__                    
ffffffff  binit                         
UNDEFED   __mpu_init                    
UNDEFED   _system_post_cinit            

[122 symbols]
