<?xml version="1.0" encoding="ISO-8859-1" ?>
<link_info>
   <banner>TI ARM Linker PC v20.2.7.LTS</banner>
   <copyright>Copyright (c) 1996-2018 Texas Instruments Incorporated</copyright>
   <link_time>0x672d3d83</link_time>
   <link_errors>0x0</link_errors>
   <output_file>lab9.out</output_file>
   <entry_point>
      <name>_c_int00_noargs</name>
      <address>0x2c61</address>
   </entry_point>
   <input_file_list>
      <input_file id="fl-2">
         <path>.\</path>
         <kind>object</kind>
         <file>HALUART432.obj</file>
         <name>HALUART432.obj</name>
      </input_file>
      <input_file id="fl-3">
         <path>.\</path>
         <kind>object</kind>
         <file>lab9.obj</file>
         <name>lab9.obj</name>
      </input_file>
      <input_file id="fl-4">
         <path>.\</path>
         <kind>object</kind>
         <file>system_msp432p401r.obj</file>
         <name>system_msp432p401r.obj</name>
      </input_file>
      <input_file id="fl-5">
         <path>.\ccs\</path>
         <kind>object</kind>
         <file>startup_msp432p401r_ccs.obj</file>
         <name>startup_msp432p401r_ccs.obj</name>
      </input_file>
      <input_file id="fl-f">
         <kind>object</kind>
         <file>&lt;internal&gt;</file>
         <name>&lt;internal&gt;</name>
      </input_file>
      <input_file id="fl-10">
         <path>C:\ti\simplelink_msp432p4_sdk_3_40_01_02\source\ti\devices\msp432p4xx\driverlib\ccs\</path>
         <kind>archive</kind>
         <file>msp432p4xx_driverlib.lib</file>
         <name>gpio.o</name>
      </input_file>
      <input_file id="fl-11">
         <path>C:\ti\simplelink_msp432p4_sdk_3_40_01_02\source\ti\devices\msp432p4xx\driverlib\ccs\</path>
         <kind>archive</kind>
         <file>msp432p4xx_driverlib.lib</file>
         <name>interrupt.o</name>
      </input_file>
      <input_file id="fl-12">
         <path>C:\ti\simplelink_msp432p4_sdk_3_40_01_02\source\ti\devices\msp432p4xx\driverlib\ccs\</path>
         <kind>archive</kind>
         <file>msp432p4xx_driverlib.lib</file>
         <name>timer_a.o</name>
      </input_file>
      <input_file id="fl-13">
         <path>C:\ti\simplelink_msp432p4_sdk_3_40_01_02\source\ti\devices\msp432p4xx\driverlib\ccs\</path>
         <kind>archive</kind>
         <file>msp432p4xx_driverlib.lib</file>
         <name>uart.o</name>
      </input_file>
      <input_file id="fl-14">
         <path>C:\ti\simplelink_msp432p4_sdk_3_40_01_02\source\ti\devices\msp432p4xx\driverlib\ccs\</path>
         <kind>archive</kind>
         <file>msp432p4xx_driverlib.lib</file>
         <name>cpu.o</name>
      </input_file>
      <input_file id="fl-ca">
         <path>C:\ti\ccs1271\ccs\tools\compiler\ti-cgt-arm_20.2.7.LTS\lib\</path>
         <kind>archive</kind>
         <file>rtsv7M4_T_le_v4SPD16_eabi.lib</file>
         <name>sprintf.c.obj</name>
      </input_file>
      <input_file id="fl-cb">
         <path>C:\ti\ccs1271\ccs\tools\compiler\ti-cgt-arm_20.2.7.LTS\lib\</path>
         <kind>archive</kind>
         <file>rtsv7M4_T_le_v4SPD16_eabi.lib</file>
         <name>memcpy_t2.asm.obj</name>
      </input_file>
      <input_file id="fl-cc">
         <path>C:\ti\ccs1271\ccs\tools\compiler\ti-cgt-arm_20.2.7.LTS\lib\</path>
         <kind>archive</kind>
         <file>rtsv7M4_T_le_v4SPD16_eabi.lib</file>
         <name>copy_zero_init.c.obj</name>
      </input_file>
      <input_file id="fl-cd">
         <path>C:\ti\ccs1271\ccs\tools\compiler\ti-cgt-arm_20.2.7.LTS\lib\</path>
         <kind>archive</kind>
         <file>rtsv7M4_T_le_v4SPD16_eabi.lib</file>
         <name>copy_decompress_none.c.obj</name>
      </input_file>
      <input_file id="fl-ce">
         <path>C:\ti\ccs1271\ccs\tools\compiler\ti-cgt-arm_20.2.7.LTS\lib\</path>
         <kind>archive</kind>
         <file>rtsv7M4_T_le_v4SPD16_eabi.lib</file>
         <name>copy_decompress_lzss.c.obj</name>
      </input_file>
      <input_file id="fl-cf">
         <path>C:\ti\ccs1271\ccs\tools\compiler\ti-cgt-arm_20.2.7.LTS\lib\</path>
         <kind>archive</kind>
         <file>rtsv7M4_T_le_v4SPD16_eabi.lib</file>
         <name>boot_cortex_m.c.obj</name>
      </input_file>
      <input_file id="fl-d0">
         <path>C:\ti\ccs1271\ccs\tools\compiler\ti-cgt-arm_20.2.7.LTS\lib\</path>
         <kind>archive</kind>
         <file>rtsv7M4_T_le_v4SPD16_eabi.lib</file>
         <name>_printfi.c.obj</name>
      </input_file>
      <input_file id="fl-d1">
         <path>C:\ti\ccs1271\ccs\tools\compiler\ti-cgt-arm_20.2.7.LTS\lib\</path>
         <kind>archive</kind>
         <file>rtsv7M4_T_le_v4SPD16_eabi.lib</file>
         <name>fd_add_t2.asm.obj</name>
      </input_file>
      <input_file id="fl-d2">
         <path>C:\ti\ccs1271\ccs\tools\compiler\ti-cgt-arm_20.2.7.LTS\lib\</path>
         <kind>archive</kind>
         <file>rtsv7M4_T_le_v4SPD16_eabi.lib</file>
         <name>fd_cmp_t2.asm.obj</name>
      </input_file>
      <input_file id="fl-d3">
         <path>C:\ti\ccs1271\ccs\tools\compiler\ti-cgt-arm_20.2.7.LTS\lib\</path>
         <kind>archive</kind>
         <file>rtsv7M4_T_le_v4SPD16_eabi.lib</file>
         <name>fd_div_t2.asm.obj</name>
      </input_file>
      <input_file id="fl-d4">
         <path>C:\ti\ccs1271\ccs\tools\compiler\ti-cgt-arm_20.2.7.LTS\lib\</path>
         <kind>archive</kind>
         <file>rtsv7M4_T_le_v4SPD16_eabi.lib</file>
         <name>fd_mul_t2.asm.obj</name>
      </input_file>
      <input_file id="fl-d5">
         <path>C:\ti\ccs1271\ccs\tools\compiler\ti-cgt-arm_20.2.7.LTS\lib\</path>
         <kind>archive</kind>
         <file>rtsv7M4_T_le_v4SPD16_eabi.lib</file>
         <name>fd_toi_t2.asm.obj</name>
      </input_file>
      <input_file id="fl-d6">
         <path>C:\ti\ccs1271\ccs\tools\compiler\ti-cgt-arm_20.2.7.LTS\lib\</path>
         <kind>archive</kind>
         <file>rtsv7M4_T_le_v4SPD16_eabi.lib</file>
         <name>i_tofd_t2.asm.obj</name>
      </input_file>
      <input_file id="fl-d7">
         <path>C:\ti\ccs1271\ccs\tools\compiler\ti-cgt-arm_20.2.7.LTS\lib\</path>
         <kind>archive</kind>
         <file>rtsv7M4_T_le_v4SPD16_eabi.lib</file>
         <name>memset_t2.asm.obj</name>
      </input_file>
      <input_file id="fl-d8">
         <path>C:\ti\ccs1271\ccs\tools\compiler\ti-cgt-arm_20.2.7.LTS\lib\</path>
         <kind>archive</kind>
         <file>rtsv7M4_T_le_v4SPD16_eabi.lib</file>
         <name>ull_div_t2.asm.obj</name>
      </input_file>
      <input_file id="fl-d9">
         <path>C:\ti\ccs1271\ccs\tools\compiler\ti-cgt-arm_20.2.7.LTS\lib\</path>
         <kind>archive</kind>
         <file>rtsv7M4_T_le_v4SPD16_eabi.lib</file>
         <name>autoinit.c.obj</name>
      </input_file>
      <input_file id="fl-da">
         <path>C:\ti\ccs1271\ccs\tools\compiler\ti-cgt-arm_20.2.7.LTS\lib\</path>
         <kind>archive</kind>
         <file>rtsv7M4_T_le_v4SPD16_eabi.lib</file>
         <name>pre_init.c.obj</name>
      </input_file>
      <input_file id="fl-db">
         <path>C:\ti\ccs1271\ccs\tools\compiler\ti-cgt-arm_20.2.7.LTS\lib\</path>
         <kind>archive</kind>
         <file>rtsv7M4_T_le_v4SPD16_eabi.lib</file>
         <name>cpy_tbl.c.obj</name>
      </input_file>
      <input_file id="fl-dc">
         <path>C:\ti\ccs1271\ccs\tools\compiler\ti-cgt-arm_20.2.7.LTS\lib\</path>
         <kind>archive</kind>
         <file>rtsv7M4_T_le_v4SPD16_eabi.lib</file>
         <name>exit.c.obj</name>
      </input_file>
      <input_file id="fl-dd">
         <path>C:\ti\ccs1271\ccs\tools\compiler\ti-cgt-arm_20.2.7.LTS\lib\</path>
         <kind>archive</kind>
         <file>rtsv7M4_T_le_v4SPD16_eabi.lib</file>
         <name>_lock.c.obj</name>
      </input_file>
      <input_file id="fl-de">
         <path>C:\ti\ccs1271\ccs\tools\compiler\ti-cgt-arm_20.2.7.LTS\lib\</path>
         <kind>archive</kind>
         <file>rtsv7M4_T_le_v4SPD16_eabi.lib</file>
         <name>_ltoa.c.obj</name>
      </input_file>
      <input_file id="fl-df">
         <path>C:\ti\ccs1271\ccs\tools\compiler\ti-cgt-arm_20.2.7.LTS\lib\</path>
         <kind>archive</kind>
         <file>rtsv7M4_T_le_v4SPD16_eabi.lib</file>
         <name>args_main.c.obj</name>
      </input_file>
      <input_file id="fl-e0">
         <path>C:\ti\ccs1271\ccs\tools\compiler\ti-cgt-arm_20.2.7.LTS\lib\</path>
         <kind>archive</kind>
         <file>rtsv7M4_T_le_v4SPD16_eabi.lib</file>
         <name>atoi.c.obj</name>
      </input_file>
      <input_file id="fl-e1">
         <path>C:\ti\ccs1271\ccs\tools\compiler\ti-cgt-arm_20.2.7.LTS\lib\</path>
         <kind>archive</kind>
         <file>rtsv7M4_T_le_v4SPD16_eabi.lib</file>
         <name>ctype.c.obj</name>
      </input_file>
      <input_file id="fl-e2">
         <path>C:\ti\ccs1271\ccs\tools\compiler\ti-cgt-arm_20.2.7.LTS\lib\</path>
         <kind>archive</kind>
         <file>rtsv7M4_T_le_v4SPD16_eabi.lib</file>
         <name>memccpy.c.obj</name>
      </input_file>
      <input_file id="fl-e3">
         <path>C:\ti\ccs1271\ccs\tools\compiler\ti-cgt-arm_20.2.7.LTS\lib\</path>
         <kind>archive</kind>
         <file>rtsv7M4_T_le_v4SPD16_eabi.lib</file>
         <name>strchr.c.obj</name>
      </input_file>
      <input_file id="fl-e4">
         <path>C:\ti\ccs1271\ccs\tools\compiler\ti-cgt-arm_20.2.7.LTS\lib\</path>
         <kind>archive</kind>
         <file>rtsv7M4_T_le_v4SPD16_eabi.lib</file>
         <name>strlen.c.obj</name>
      </input_file>
      <input_file id="fl-e5">
         <path>C:\ti\ccs1271\ccs\tools\compiler\ti-cgt-arm_20.2.7.LTS\lib\</path>
         <kind>archive</kind>
         <file>rtsv7M4_T_le_v4SPD16_eabi.lib</file>
         <name>errno.c.obj</name>
      </input_file>
      <input_file id="fl-e6">
         <path>C:\ti\ccs1271\ccs\tools\compiler\ti-cgt-arm_20.2.7.LTS\lib\</path>
         <kind>archive</kind>
         <file>rtsv7M4_T_le_v4SPD16_eabi.lib</file>
         <name>wcslen.c.obj</name>
      </input_file>
      <input_file id="fl-e7">
         <path>C:\ti\ccs1271\ccs\tools\compiler\ti-cgt-arm_20.2.7.LTS\lib\</path>
         <kind>archive</kind>
         <file>rtsv7M4_T_le_v4SPD16_eabi.lib</file>
         <name>s_frexp.c.obj</name>
      </input_file>
      <input_file id="fl-e8">
         <path>C:\ti\ccs1271\ccs\tools\compiler\ti-cgt-arm_20.2.7.LTS\lib\</path>
         <kind>archive</kind>
         <file>rtsv7M4_T_le_v4SPD16_eabi.lib</file>
         <name>s_scalbn.c.obj</name>
      </input_file>
      <input_file id="fl-e9">
         <path>C:\ti\ccs1271\ccs\tools\compiler\ti-cgt-arm_20.2.7.LTS\lib\</path>
         <kind>archive</kind>
         <file>rtsv7M4_T_le_v4SPD16_eabi.lib</file>
         <name>div0.asm.obj</name>
      </input_file>
      <input_file id="fl-ea">
         <path>C:\ti\ccs1271\ccs\tools\compiler\ti-cgt-arm_20.2.7.LTS\lib\</path>
         <kind>archive</kind>
         <file>rtsv7M4_T_le_v4SPD16_eabi.lib</file>
         <name>s_copysign.c.obj</name>
      </input_file>
   </input_file_list>
   <object_component_list>
      <object_component id="oc-26">
         <name>.intvecs:retain</name>
         <load_address>0x0</load_address>
         <run_address>0x0</run_address>
         <size>0xe4</size>
         <input_file_ref idref="fl-5"/>
      </object_component>
      <object_component id="oc-1d7">
         <name>.text:__TI_printfi</name>
         <load_address>0xe4</load_address>
         <run_address>0xe4</run_address>
         <size>0xa4e</size>
         <input_file_ref idref="fl-d0"/>
      </object_component>
      <object_component id="oc-6d">
         <name>.text:Default_Handler</name>
         <load_address>0xb32</load_address>
         <run_address>0xb32</run_address>
         <size>0x2</size>
         <input_file_ref idref="fl-5"/>
      </object_component>
      <object_component id="oc-26b">
         <name>.text:_pconv_a</name>
         <load_address>0xb34</load_address>
         <run_address>0xb34</run_address>
         <size>0x270</size>
         <input_file_ref idref="fl-d0"/>
      </object_component>
      <object_component id="oc-db">
         <name>.text:configRobotIO</name>
         <load_address>0xda4</load_address>
         <run_address>0xda4</run_address>
         <size>0x238</size>
         <input_file_ref idref="fl-3"/>
      </object_component>
      <object_component id="oc-259">
         <name>.text:_pconv_g</name>
         <load_address>0xfdc</load_address>
         <run_address>0xfdc</run_address>
         <size>0x1d0</size>
         <input_file_ref idref="fl-d0"/>
      </object_component>
      <object_component id="oc-9f">
         <name>.text:main</name>
         <load_address>0x11ac</load_address>
         <run_address>0x11ac</run_address>
         <size>0x1c0</size>
         <input_file_ref idref="fl-3"/>
      </object_component>
      <object_component id="oc-30c">
         <name>.text</name>
         <load_address>0x136c</load_address>
         <run_address>0x136c</run_address>
         <size>0x1b6</size>
         <input_file_ref idref="fl-d1"/>
      </object_component>
      <object_component id="oc-37a">
         <name>.text</name>
         <load_address>0x1522</load_address>
         <run_address>0x1522</run_address>
         <size>0x2</size>
         <input_file_ref idref="fl-e9"/>
      </object_component>
      <object_component id="oc-ed">
         <name>.text:motorControl</name>
         <load_address>0x1524</load_address>
         <run_address>0x1524</run_address>
         <size>0x158</size>
         <input_file_ref idref="fl-3"/>
      </object_component>
      <object_component id="oc-236">
         <name>.text:privateTimer_AProcessClockSourceDivider</name>
         <load_address>0x167c</load_address>
         <run_address>0x167c</run_address>
         <size>0x144</size>
         <input_file_ref idref="fl-12"/>
      </object_component>
      <object_component id="oc-265">
         <name>.text:_pconv_e</name>
         <load_address>0x17c0</load_address>
         <run_address>0x17c0</run_address>
         <size>0x13c</size>
         <input_file_ref idref="fl-d0"/>
      </object_component>
      <object_component id="oc-2f2">
         <name>.text</name>
         <load_address>0x18fc</load_address>
         <run_address>0x18fc</run_address>
         <size>0x136</size>
         <input_file_ref idref="fl-d3"/>
      </object_component>
      <object_component id="oc-31e">
         <name>.text:fcvt</name>
         <load_address>0x1a34</load_address>
         <run_address>0x1a34</run_address>
         <size>0x124</size>
         <input_file_ref idref="fl-d0"/>
      </object_component>
      <object_component id="oc-1a6">
         <name>.text:UART_initModule</name>
         <load_address>0x1b58</load_address>
         <run_address>0x1b58</run_address>
         <size>0x11c</size>
         <input_file_ref idref="fl-13"/>
      </object_component>
      <object_component id="oc-332">
         <name>.text:scalbn</name>
         <load_address>0x1c74</load_address>
         <run_address>0x1c74</run_address>
         <size>0x110</size>
         <input_file_ref idref="fl-e8"/>
      </object_component>
      <object_component id="oc-f3">
         <name>.text:allLEDs</name>
         <load_address>0x1d84</load_address>
         <run_address>0x1d84</run_address>
         <size>0x104</size>
         <input_file_ref idref="fl-3"/>
      </object_component>
      <object_component id="oc-2ed">
         <name>.text</name>
         <load_address>0x1e88</load_address>
         <run_address>0x1e88</run_address>
         <size>0xfc</size>
         <input_file_ref idref="fl-d4"/>
      </object_component>
      <object_component id="oc-1c8">
         <name>.text:Timer_A_registerInterrupt</name>
         <load_address>0x1f84</load_address>
         <run_address>0x1f84</run_address>
         <size>0xd2</size>
         <input_file_ref idref="fl-12"/>
      </object_component>
      <object_component id="oc-105">
         <name>.text:TimerA3Capture_Init</name>
         <load_address>0x2058</load_address>
         <run_address>0x2058</run_address>
         <size>0xbc</size>
         <input_file_ref idref="fl-3"/>
      </object_component>
      <object_component id="oc-24e">
         <name>.text:_ltostr</name>
         <load_address>0x2114</load_address>
         <run_address>0x2114</run_address>
         <size>0xb1</size>
         <input_file_ref idref="fl-d0"/>
      </object_component>
      <object_component id="oc-e1">
         <name>.text:configPWMTimer</name>
         <load_address>0x21c8</load_address>
         <run_address>0x21c8</run_address>
         <size>0x9c</size>
         <input_file_ref idref="fl-3"/>
      </object_component>
      <object_component id="oc-37">
         <name>.text</name>
         <load_address>0x2264</load_address>
         <run_address>0x2264</run_address>
         <size>0x9c</size>
         <input_file_ref idref="fl-cb"/>
      </object_component>
      <object_component id="oc-2e6">
         <name>.text</name>
         <load_address>0x2300</load_address>
         <run_address>0x2300</run_address>
         <size>0x96</size>
         <input_file_ref idref="fl-d8"/>
      </object_component>
      <object_component id="oc-d5">
         <name>.text:config432IO</name>
         <load_address>0x2398</load_address>
         <run_address>0x2398</run_address>
         <size>0x94</size>
         <input_file_ref idref="fl-3"/>
      </object_component>
      <object_component id="oc-254">
         <name>.text:__aeabi_cdcmple</name>
         <load_address>0x242c</load_address>
         <run_address>0x242c</run_address>
         <size>0x86</size>
         <input_file_ref idref="fl-d2"/>
      </object_component>
      <object_component id="oc-2f7">
         <name>.text:__aeabi_cdrcmple</name>
         <load_address>0x24b2</load_address>
         <run_address>0x24b2</run_address>
         <size>0x86</size>
         <input_file_ref idref="fl-d2"/>
      </object_component>
      <object_component id="oc-220">
         <name>.text:Interrupt_enableInterrupt</name>
         <load_address>0x2538</load_address>
         <run_address>0x2538</run_address>
         <size>0x80</size>
         <input_file_ref idref="fl-11"/>
      </object_component>
      <object_component id="oc-f9">
         <name>.text:UART_init</name>
         <load_address>0x25b8</load_address>
         <run_address>0x25b8</run_address>
         <size>0x7c</size>
         <input_file_ref idref="fl-2"/>
      </object_component>
      <object_component id="oc-93">
         <name>.text</name>
         <load_address>0x2634</load_address>
         <run_address>0x2634</run_address>
         <size>0x7a</size>
         <input_file_ref idref="fl-d7"/>
      </object_component>
      <object_component id="oc-b1">
         <name>.text:SystemInit</name>
         <load_address>0x26b0</load_address>
         <run_address>0x26b0</run_address>
         <size>0x78</size>
         <input_file_ref idref="fl-4"/>
      </object_component>
      <object_component id="oc-317">
         <name>.text:_mcpy</name>
         <load_address>0x2728</load_address>
         <run_address>0x2728</run_address>
         <size>0x6e</size>
         <input_file_ref idref="fl-d0"/>
      </object_component>
      <object_component id="oc-ff">
         <name>.text:configTimer</name>
         <load_address>0x2798</load_address>
         <run_address>0x2798</run_address>
         <size>0x6c</size>
         <input_file_ref idref="fl-3"/>
      </object_component>
      <object_component id="oc-1b6">
         <name>.text:Timer_A_configureUpMode</name>
         <load_address>0x2804</load_address>
         <run_address>0x2804</run_address>
         <size>0x68</size>
         <input_file_ref idref="fl-12"/>
      </object_component>
      <object_component id="oc-17">
         <name>.text:decompress:lzss:__TI_decompress_lzss</name>
         <load_address>0x286c</load_address>
         <run_address>0x286c</run_address>
         <size>0x68</size>
         <input_file_ref idref="fl-ce"/>
      </object_component>
      <object_component id="oc-32c">
         <name>.text:frexp</name>
         <load_address>0x28d4</load_address>
         <run_address>0x28d4</run_address>
         <size>0x64</size>
         <input_file_ref idref="fl-e7"/>
      </object_component>
      <object_component id="oc-21a">
         <name>.text:Interrupt_registerInterrupt</name>
         <load_address>0x2938</load_address>
         <run_address>0x2938</run_address>
         <size>0x5c</size>
         <input_file_ref idref="fl-11"/>
      </object_component>
      <object_component id="oc-25f">
         <name>.text:_pconv_f</name>
         <load_address>0x2994</load_address>
         <run_address>0x2994</run_address>
         <size>0x56</size>
         <input_file_ref idref="fl-d0"/>
      </object_component>
      <object_component id="oc-301">
         <name>.text:__TI_ltoa</name>
         <load_address>0x29ea</load_address>
         <run_address>0x29ea</run_address>
         <size>0x54</size>
         <input_file_ref idref="fl-de"/>
      </object_component>
      <object_component id="oc-311">
         <name>.text:_ecpy</name>
         <load_address>0x2a3e</load_address>
         <run_address>0x2a3e</run_address>
         <size>0x52</size>
         <input_file_ref idref="fl-d0"/>
      </object_component>
      <object_component id="oc-248">
         <name>.text:atoi</name>
         <load_address>0x2a90</load_address>
         <run_address>0x2a90</run_address>
         <size>0x4c</size>
         <input_file_ref idref="fl-e0"/>
      </object_component>
      <object_component id="oc-2fc">
         <name>.text</name>
         <load_address>0x2adc</load_address>
         <run_address>0x2adc</run_address>
         <size>0x48</size>
         <input_file_ref idref="fl-d5"/>
      </object_component>
      <object_component id="oc-12b">
         <name>.text:__TI_auto_init_nobinit_nopinit:__TI_auto_init_nobinit_nopinit</name>
         <load_address>0x2b24</load_address>
         <run_address>0x2b24</run_address>
         <size>0x44</size>
         <input_file_ref idref="fl-d9"/>
      </object_component>
      <object_component id="oc-190">
         <name>.text:bumperSwitchesHandler</name>
         <load_address>0x2b68</load_address>
         <run_address>0x2b68</run_address>
         <size>0x44</size>
         <input_file_ref idref="fl-3"/>
      </object_component>
      <object_component id="oc-10b">
         <name>.text:sprintf</name>
         <load_address>0x2bac</load_address>
         <run_address>0x2bac</run_address>
         <size>0x40</size>
         <input_file_ref idref="fl-ca"/>
      </object_component>
      <object_component id="oc-324">
         <name>.text:_fcpy</name>
         <load_address>0x2bec</load_address>
         <run_address>0x2bec</run_address>
         <size>0x3e</size>
         <input_file_ref idref="fl-d0"/>
      </object_component>
      <object_component id="oc-73">
         <name>.text:TA3_0_IRQHandler</name>
         <load_address>0x2c2c</load_address>
         <run_address>0x2c2c</run_address>
         <size>0x34</size>
         <input_file_ref idref="fl-3"/>
      </object_component>
      <object_component id="oc-55">
         <name>.text:_c_int00_noargs:_c_int00_noargs</name>
         <load_address>0x2c60</load_address>
         <run_address>0x2c60</run_address>
         <size>0x34</size>
         <input_file_ref idref="fl-cf"/>
      </object_component>
      <object_component id="oc-111">
         <name>.text:UART_transmitString</name>
         <load_address>0x2c94</load_address>
         <run_address>0x2c94</run_address>
         <size>0x30</size>
         <input_file_ref idref="fl-2"/>
      </object_component>
      <object_component id="oc-307">
         <name>.text</name>
         <load_address>0x2cc4</load_address>
         <run_address>0x2cc4</run_address>
         <size>0x2e</size>
         <input_file_ref idref="fl-d6"/>
      </object_component>
      <object_component id="oc-18a">
         <name>.text:GPIO_registerInterrupt</name>
         <load_address>0x2cf4</load_address>
         <run_address>0x2cf4</run_address>
         <size>0x24</size>
         <input_file_ref idref="fl-10"/>
      </object_component>
      <object_component id="oc-1cf">
         <name>.text:ledToggle</name>
         <load_address>0x2d18</load_address>
         <run_address>0x2d18</run_address>
         <size>0x20</size>
         <input_file_ref idref="fl-3"/>
      </object_component>
      <object_component id="oc-43">
         <name>.text:decompress:ZI:__TI_zero_init_nomemset:__TI_zero_init_nomemset</name>
         <load_address>0x2d38</load_address>
         <run_address>0x2d38</run_address>
         <size>0x1c</size>
         <input_file_ref idref="fl-cc"/>
      </object_component>
      <object_component id="oc-271">
         <name>.text:memccpy</name>
         <load_address>0x2d54</load_address>
         <run_address>0x2d54</run_address>
         <size>0x1c</size>
         <input_file_ref idref="fl-e2"/>
      </object_component>
      <object_component id="oc-393">
         <name>.text:copysign</name>
         <load_address>0x2d70</load_address>
         <run_address>0x2d70</run_address>
         <size>0x1a</size>
         <input_file_ref idref="fl-ea"/>
      </object_component>
      <object_component id="oc-1bc">
         <name>.text:Timer_A_enableInterrupt</name>
         <load_address>0x2d8c</load_address>
         <run_address>0x2d8c</run_address>
         <size>0x18</size>
         <input_file_ref idref="fl-12"/>
      </object_component>
      <object_component id="oc-1dd">
         <name>.text:_outs</name>
         <load_address>0x2da4</load_address>
         <run_address>0x2da4</run_address>
         <size>0x18</size>
         <input_file_ref idref="fl-ca"/>
      </object_component>
      <object_component id="oc-1c2">
         <name>.text:Timer_A_clearInterruptFlag</name>
         <load_address>0x2dbc</load_address>
         <run_address>0x2dbc</run_address>
         <size>0x16</size>
         <input_file_ref idref="fl-12"/>
      </object_component>
      <object_component id="oc-e7">
         <name>.text:Timer_A_startCounter</name>
         <load_address>0x2dd2</load_address>
         <run_address>0x2dd2</run_address>
         <size>0x16</size>
         <input_file_ref idref="fl-12"/>
      </object_component>
      <object_component id="oc-338">
         <name>.text:strchr</name>
         <load_address>0x2de8</load_address>
         <run_address>0x2de8</run_address>
         <size>0x16</size>
         <input_file_ref idref="fl-e3"/>
      </object_component>
      <object_component id="oc-1b0">
         <name>.text:Timer_A_stopTimer</name>
         <load_address>0x2dfe</load_address>
         <run_address>0x2dfe</run_address>
         <size>0x14</size>
         <input_file_ref idref="fl-12"/>
      </object_component>
      <object_component id="oc-242">
         <name>.text:strlen</name>
         <load_address>0x2e12</load_address>
         <run_address>0x2e12</run_address>
         <size>0x14</size>
         <input_file_ref idref="fl-e4"/>
      </object_component>
      <object_component id="oc-277">
         <name>.text:wcslen</name>
         <load_address>0x2e26</load_address>
         <run_address>0x2e26</run_address>
         <size>0x12</size>
         <input_file_ref idref="fl-e6"/>
      </object_component>
      <object_component id="oc-1d">
         <name>.text:decompress:none:__TI_decompress_none</name>
         <load_address>0x2e38</load_address>
         <run_address>0x2e38</run_address>
         <size>0xe</size>
         <input_file_ref idref="fl-cd"/>
      </object_component>
      <object_component id="oc-67">
         <name>.text:Reset_Handler</name>
         <load_address>0x2e46</load_address>
         <run_address>0x2e46</run_address>
         <size>0xc</size>
         <input_file_ref idref="fl-5"/>
      </object_component>
      <object_component id="oc-1e3">
         <name>.text:_outc</name>
         <load_address>0x2e52</load_address>
         <run_address>0x2e52</run_address>
         <size>0xa</size>
         <input_file_ref idref="fl-ca"/>
      </object_component>
      <object_component id="oc-27d">
         <name>.text:__aeabi_errno_addr</name>
         <load_address>0x2e5c</load_address>
         <run_address>0x2e5c</run_address>
         <size>0x8</size>
         <input_file_ref idref="fl-e5"/>
      </object_component>
      <object_component id="oc-99">
         <name>.text:_system_pre_init</name>
         <load_address>0x2e64</load_address>
         <run_address>0x2e64</run_address>
         <size>0x4</size>
         <input_file_ref idref="fl-da"/>
      </object_component>
      <object_component id="oc-11f">
         <name>.text:abort:abort</name>
         <load_address>0x2e68</load_address>
         <run_address>0x2e68</run_address>
         <size>0x4</size>
         <input_file_ref idref="fl-dc"/>
      </object_component>
      <object_component id="oc-2e1">
         <name>.const:.string:_ctypes_</name>
         <load_address>0x2e6c</load_address>
         <run_address>0x2e6c</run_address>
         <size>0x101</size>
         <input_file_ref idref="fl-e1"/>
      </object_component>
      <object_component id="oc-1ac">
         <name>.const:uartConfig</name>
         <load_address>0x2f70</load_address>
         <run_address>0x2f70</run_address>
         <size>0x28</size>
         <input_file_ref idref="fl-2"/>
      </object_component>
      <object_component id="oc-226">
         <name>.const:GPIO_PORT_TO_INT</name>
         <load_address>0x2f98</load_address>
         <run_address>0x2f98</run_address>
         <size>0x1c</size>
         <input_file_ref idref="fl-10"/>
      </object_component>
      <object_component id="oc-2b9">
         <name>.const:g_pulEnRegs</name>
         <load_address>0x2fb4</load_address>
         <run_address>0x2fb4</run_address>
         <size>0x8</size>
         <input_file_ref idref="fl-11"/>
      </object_component>
      <object_component id="oc-3f2">
         <name>.cinit..data.load</name>
         <load_address>0x2fc0</load_address>
         <run_address>0x2fc0</run_address>
         <size>0xc</size>
      </object_component>
      <object_component id="oc-3ef">
         <name>__TI_handler_table</name>
         <load_address>0x2fcc</load_address>
         <run_address>0x2fcc</run_address>
         <size>0xc</size>
      </object_component>
      <object_component id="oc-3f3">
         <name>.cinit..bss.load</name>
         <load_address>0x2fd8</load_address>
         <run_address>0x2fd8</run_address>
         <size>0x8</size>
      </object_component>
      <object_component id="oc-3f1">
         <name>.cinit..vtable.load</name>
         <load_address>0x2fe0</load_address>
         <run_address>0x2fe0</run_address>
         <size>0x8</size>
      </object_component>
      <object_component id="oc-3f0">
         <name>__TI_cinit_table</name>
         <load_address>0x2fe8</load_address>
         <run_address>0x2fe8</run_address>
         <size>0x18</size>
      </object_component>
      <object_component id="oc-3c3">
         <name>.binit</name>
         <load_address>0x0</load_address>
         <run_address>0x0</run_address>
         <size>0x0</size>
      </object_component>
      <object_component id="oc-2b4">
         <name>.vtable</name>
         <uninitialized>true</uninitialized>
         <run_address>0x20000000</run_address>
         <size>0xe8</size>
         <input_file_ref idref="fl-11"/>
      </object_component>
      <object_component id="oc-11b">
         <name>.data</name>
         <load_address>0x20000124</load_address>
         <run_address>0x20000124</run_address>
         <size>0x8</size>
         <input_file_ref idref="fl-3"/>
      </object_component>
      <object_component id="oc-348">
         <name>.data</name>
         <load_address>0x2000012c</load_address>
         <run_address>0x2000012c</run_address>
         <size>0x4</size>
         <input_file_ref idref="fl-e5"/>
      </object_component>
      <object_component id="oc-197">
         <name>.common:timerPWMConfig</name>
         <uninitialized>true</uninitialized>
         <run_address>0x20000100</run_address>
         <size>0x18</size>
      </object_component>
      <object_component id="oc-118">
         <name>.common:leftState</name>
         <uninitialized>true</uninitialized>
         <run_address>0x2000011e</run_address>
         <size>0x1</size>
      </object_component>
      <object_component id="oc-119">
         <name>.common:rightState</name>
         <uninitialized>true</uninitialized>
         <run_address>0x20000120</run_address>
         <size>0x1</size>
      </object_component>
      <object_component id="oc-11a">
         <name>.common:rightSpeed</name>
         <uninitialized>true</uninitialized>
         <run_address>0x2000011f</run_address>
         <size>0x1</size>
      </object_component>
      <object_component id="oc-1ce">
         <name>.common:timerConfig</name>
         <uninitialized>true</uninitialized>
         <run_address>0x200000e8</run_address>
         <size>0x18</size>
      </object_component>
      <object_component id="oc-b9">
         <name>.common:pulseCount</name>
         <uninitialized>true</uninitialized>
         <run_address>0x2000011a</run_address>
         <size>0x2</size>
      </object_component>
      <object_component id="oc-bc">
         <name>.common:prevCount</name>
         <uninitialized>true</uninitialized>
         <run_address>0x20000118</run_address>
         <size>0x2</size>
      </object_component>
      <object_component id="oc-117">
         <name>.common:rpm</name>
         <uninitialized>true</uninitialized>
         <run_address>0x2000011c</run_address>
         <size>0x2</size>
      </object_component>
      <object_component id="oc-29">
         <name>.stack</name>
         <uninitialized>true</uninitialized>
         <run_address>0x2000fe00</run_address>
         <size>0x4</size>
         <input_file_ref idref="fl-cf"/>
      </object_component>
      <object_component id="oc-3f5">
         <name>.stack</name>
         <uninitialized>true</uninitialized>
         <run_address>0x2000fe00</run_address>
         <size>0x0</size>
      </object_component>
      <object_component id="oc-188">
         <name>.debug_info</name>
         <load_address>0x0</load_address>
         <run_address>0x0</run_address>
         <size>0x576</size>
         <input_file_ref idref="fl-2"/>
      </object_component>
      <object_component id="oc-1ad">
         <name>.debug_info</name>
         <load_address>0x576</load_address>
         <run_address>0x576</run_address>
         <size>0xce</size>
         <input_file_ref idref="fl-2"/>
      </object_component>
      <object_component id="oc-fa">
         <name>.debug_info</name>
         <load_address>0x644</load_address>
         <run_address>0x644</run_address>
         <size>0x142</size>
         <input_file_ref idref="fl-2"/>
      </object_component>
      <object_component id="oc-112">
         <name>.debug_info</name>
         <load_address>0x786</load_address>
         <run_address>0x786</run_address>
         <size>0x148</size>
         <input_file_ref idref="fl-2"/>
      </object_component>
      <object_component id="oc-c0">
         <name>.debug_info</name>
         <load_address>0x8ce</load_address>
         <run_address>0x8ce</run_address>
         <size>0x26b</size>
         <input_file_ref idref="fl-2"/>
      </object_component>
      <object_component id="oc-165">
         <name>.debug_info</name>
         <load_address>0xb39</load_address>
         <run_address>0xb39</run_address>
         <size>0x1028</size>
         <input_file_ref idref="fl-2"/>
      </object_component>
      <object_component id="oc-160">
         <name>.debug_info</name>
         <load_address>0x1b61</load_address>
         <run_address>0x1b61</run_address>
         <size>0x37e2</size>
         <input_file_ref idref="fl-2"/>
      </object_component>
      <object_component id="oc-16a">
         <name>.debug_info</name>
         <load_address>0x5343</load_address>
         <run_address>0x5343</run_address>
         <size>0x341</size>
         <input_file_ref idref="fl-2"/>
      </object_component>
      <object_component id="oc-183">
         <name>.debug_info</name>
         <load_address>0x5684</load_address>
         <run_address>0x5684</run_address>
         <size>0x8b</size>
         <input_file_ref idref="fl-2"/>
      </object_component>
      <object_component id="oc-17e">
         <name>.debug_info</name>
         <load_address>0x570f</load_address>
         <run_address>0x570f</run_address>
         <size>0x2a4</size>
         <input_file_ref idref="fl-2"/>
      </object_component>
      <object_component id="oc-179">
         <name>.debug_info</name>
         <load_address>0x59b3</load_address>
         <run_address>0x59b3</run_address>
         <size>0xef</size>
         <input_file_ref idref="fl-2"/>
      </object_component>
      <object_component id="oc-16f">
         <name>.debug_info</name>
         <load_address>0x5aa2</load_address>
         <run_address>0x5aa2</run_address>
         <size>0xbb</size>
         <input_file_ref idref="fl-2"/>
      </object_component>
      <object_component id="oc-215">
         <name>.debug_info</name>
         <load_address>0x5b5d</load_address>
         <run_address>0x5b5d</run_address>
         <size>0x102</size>
         <input_file_ref idref="fl-2"/>
      </object_component>
      <object_component id="oc-ba">
         <name>.debug_info</name>
         <load_address>0x5c5f</load_address>
         <run_address>0x5c5f</run_address>
         <size>0x95c</size>
         <input_file_ref idref="fl-3"/>
      </object_component>
      <object_component id="oc-11c">
         <name>.debug_info</name>
         <load_address>0x65bb</load_address>
         <run_address>0x65bb</run_address>
         <size>0x143</size>
         <input_file_ref idref="fl-3"/>
      </object_component>
      <object_component id="oc-a0">
         <name>.debug_info</name>
         <load_address>0x66fe</load_address>
         <run_address>0x66fe</run_address>
         <size>0x25d</size>
         <input_file_ref idref="fl-3"/>
      </object_component>
      <object_component id="oc-d6">
         <name>.debug_info</name>
         <load_address>0x695b</load_address>
         <run_address>0x695b</run_address>
         <size>0x13a</size>
         <input_file_ref idref="fl-3"/>
      </object_component>
      <object_component id="oc-dc">
         <name>.debug_info</name>
         <load_address>0x6a95</load_address>
         <run_address>0x6a95</run_address>
         <size>0x220</size>
         <input_file_ref idref="fl-3"/>
      </object_component>
      <object_component id="oc-191">
         <name>.debug_info</name>
         <load_address>0x6cb5</load_address>
         <run_address>0x6cb5</run_address>
         <size>0x128</size>
         <input_file_ref idref="fl-3"/>
      </object_component>
      <object_component id="oc-ee">
         <name>.debug_info</name>
         <load_address>0x6ddd</load_address>
         <run_address>0x6ddd</run_address>
         <size>0x1d1</size>
         <input_file_ref idref="fl-3"/>
      </object_component>
      <object_component id="oc-f4">
         <name>.debug_info</name>
         <load_address>0x6fae</load_address>
         <run_address>0x6fae</run_address>
         <size>0x15f</size>
         <input_file_ref idref="fl-3"/>
      </object_component>
      <object_component id="oc-e2">
         <name>.debug_info</name>
         <load_address>0x710d</load_address>
         <run_address>0x710d</run_address>
         <size>0x20f</size>
         <input_file_ref idref="fl-3"/>
      </object_component>
      <object_component id="oc-100">
         <name>.debug_info</name>
         <load_address>0x731c</load_address>
         <run_address>0x731c</run_address>
         <size>0x250</size>
         <input_file_ref idref="fl-3"/>
      </object_component>
      <object_component id="oc-106">
         <name>.debug_info</name>
         <load_address>0x756c</load_address>
         <run_address>0x756c</run_address>
         <size>0x107</size>
         <input_file_ref idref="fl-3"/>
      </object_component>
      <object_component id="oc-74">
         <name>.debug_info</name>
         <load_address>0x7673</load_address>
         <run_address>0x7673</run_address>
         <size>0x101</size>
         <input_file_ref idref="fl-3"/>
      </object_component>
      <object_component id="oc-1d0">
         <name>.debug_info</name>
         <load_address>0x7774</load_address>
         <run_address>0x7774</run_address>
         <size>0x11b</size>
         <input_file_ref idref="fl-3"/>
      </object_component>
      <object_component id="oc-174">
         <name>.debug_info</name>
         <load_address>0x788f</load_address>
         <run_address>0x788f</run_address>
         <size>0x95</size>
         <input_file_ref idref="fl-3"/>
      </object_component>
      <object_component id="oc-32">
         <name>.debug_info</name>
         <load_address>0x7924</load_address>
         <run_address>0x7924</run_address>
         <size>0x84</size>
         <input_file_ref idref="fl-3"/>
      </object_component>
      <object_component id="oc-1eb">
         <name>.debug_info</name>
         <load_address>0x79a8</load_address>
         <run_address>0x79a8</run_address>
         <size>0x2c</size>
         <input_file_ref idref="fl-3"/>
      </object_component>
      <object_component id="oc-b3">
         <name>.debug_info</name>
         <load_address>0x79d4</load_address>
         <run_address>0x79d4</run_address>
         <size>0x11f</size>
         <input_file_ref idref="fl-4"/>
      </object_component>
      <object_component id="oc-7b">
         <name>.debug_info</name>
         <load_address>0x7af3</load_address>
         <run_address>0x7af3</run_address>
         <size>0x2bf</size>
         <input_file_ref idref="fl-5"/>
      </object_component>
      <object_component id="oc-27">
         <name>.debug_info</name>
         <load_address>0x7db2</load_address>
         <run_address>0x7db2</run_address>
         <size>0xeb</size>
         <input_file_ref idref="fl-5"/>
      </object_component>
      <object_component id="oc-6a">
         <name>.debug_info</name>
         <load_address>0x7e9d</load_address>
         <run_address>0x7e9d</run_address>
         <size>0x14e</size>
         <input_file_ref idref="fl-5"/>
      </object_component>
      <object_component id="oc-71">
         <name>.debug_info</name>
         <load_address>0x7feb</load_address>
         <run_address>0x7feb</run_address>
         <size>0x136</size>
         <input_file_ref idref="fl-5"/>
      </object_component>
      <object_component id="oc-22a">
         <name>.debug_info</name>
         <load_address>0x8121</load_address>
         <run_address>0x8121</run_address>
         <size>0x701</size>
         <input_file_ref idref="fl-10"/>
      </object_component>
      <object_component id="oc-227">
         <name>.debug_info</name>
         <load_address>0x8822</load_address>
         <run_address>0x8822</run_address>
         <size>0x133</size>
         <input_file_ref idref="fl-10"/>
      </object_component>
      <object_component id="oc-18e">
         <name>.debug_info</name>
         <load_address>0x8955</load_address>
         <run_address>0x8955</run_address>
         <size>0x28f</size>
         <input_file_ref idref="fl-10"/>
      </object_component>
      <object_component id="oc-2cb">
         <name>.debug_info</name>
         <load_address>0x8be4</load_address>
         <run_address>0x8be4</run_address>
         <size>0x26b</size>
         <input_file_ref idref="fl-10"/>
      </object_component>
      <object_component id="oc-2c6">
         <name>.debug_info</name>
         <load_address>0x8e4f</load_address>
         <run_address>0x8e4f</run_address>
         <size>0x1028</size>
         <input_file_ref idref="fl-10"/>
      </object_component>
      <object_component id="oc-2c1">
         <name>.debug_info</name>
         <load_address>0x9e77</load_address>
         <run_address>0x9e77</run_address>
         <size>0x431a</size>
         <input_file_ref idref="fl-10"/>
      </object_component>
      <object_component id="oc-22c">
         <name>.debug_info</name>
         <load_address>0xe191</load_address>
         <run_address>0xe191</run_address>
         <size>0x297</size>
         <input_file_ref idref="fl-10"/>
      </object_component>
      <object_component id="oc-19f">
         <name>.debug_info</name>
         <load_address>0xe428</load_address>
         <run_address>0xe428</run_address>
         <size>0xef</size>
         <input_file_ref idref="fl-10"/>
      </object_component>
      <object_component id="oc-19a">
         <name>.debug_info</name>
         <load_address>0xe517</load_address>
         <run_address>0xe517</run_address>
         <size>0xbb</size>
         <input_file_ref idref="fl-10"/>
      </object_component>
      <object_component id="oc-2b8">
         <name>.debug_info</name>
         <load_address>0xe5d2</load_address>
         <run_address>0xe5d2</run_address>
         <size>0x68f</size>
         <input_file_ref idref="fl-11"/>
      </object_component>
      <object_component id="oc-2ba">
         <name>.debug_info</name>
         <load_address>0xec61</load_address>
         <run_address>0xec61</run_address>
         <size>0x12e</size>
         <input_file_ref idref="fl-11"/>
      </object_component>
      <object_component id="oc-2b5">
         <name>.debug_info</name>
         <load_address>0xed8f</load_address>
         <run_address>0xed8f</run_address>
         <size>0x137</size>
         <input_file_ref idref="fl-11"/>
      </object_component>
      <object_component id="oc-21b">
         <name>.debug_info</name>
         <load_address>0xeec6</load_address>
         <run_address>0xeec6</run_address>
         <size>0x281</size>
         <input_file_ref idref="fl-11"/>
      </object_component>
      <object_component id="oc-222">
         <name>.debug_info</name>
         <load_address>0xf147</load_address>
         <run_address>0xf147</run_address>
         <size>0x219</size>
         <input_file_ref idref="fl-11"/>
      </object_component>
      <object_component id="oc-23d">
         <name>.debug_info</name>
         <load_address>0xf360</load_address>
         <run_address>0xf360</run_address>
         <size>0x725</size>
         <input_file_ref idref="fl-12"/>
      </object_component>
      <object_component id="oc-23a">
         <name>.debug_info</name>
         <load_address>0xfa85</load_address>
         <run_address>0xfa85</run_address>
         <size>0x25e</size>
         <input_file_ref idref="fl-12"/>
      </object_component>
      <object_component id="oc-eb">
         <name>.debug_info</name>
         <load_address>0xfce3</load_address>
         <run_address>0xfce3</run_address>
         <size>0x215</size>
         <input_file_ref idref="fl-12"/>
      </object_component>
      <object_component id="oc-1ba">
         <name>.debug_info</name>
         <load_address>0xfef8</load_address>
         <run_address>0xfef8</run_address>
         <size>0x23d</size>
         <input_file_ref idref="fl-12"/>
      </object_component>
      <object_component id="oc-1b3">
         <name>.debug_info</name>
         <load_address>0x10135</load_address>
         <run_address>0x10135</run_address>
         <size>0x1db</size>
         <input_file_ref idref="fl-12"/>
      </object_component>
      <object_component id="oc-1c5">
         <name>.debug_info</name>
         <load_address>0x10310</load_address>
         <run_address>0x10310</run_address>
         <size>0x1ed</size>
         <input_file_ref idref="fl-12"/>
      </object_component>
      <object_component id="oc-1bf">
         <name>.debug_info</name>
         <load_address>0x104fd</load_address>
         <run_address>0x104fd</run_address>
         <size>0x1e7</size>
         <input_file_ref idref="fl-12"/>
      </object_component>
      <object_component id="oc-1cc">
         <name>.debug_info</name>
         <load_address>0x106e4</load_address>
         <run_address>0x106e4</run_address>
         <size>0x485</size>
         <input_file_ref idref="fl-12"/>
      </object_component>
      <object_component id="oc-2da">
         <name>.debug_info</name>
         <load_address>0x10b69</load_address>
         <run_address>0x10b69</run_address>
         <size>0x341</size>
         <input_file_ref idref="fl-12"/>
      </object_component>
      <object_component id="oc-232">
         <name>.debug_info</name>
         <load_address>0x10eaa</load_address>
         <run_address>0x10eaa</run_address>
         <size>0x6eb</size>
         <input_file_ref idref="fl-13"/>
      </object_component>
      <object_component id="oc-1a9">
         <name>.debug_info</name>
         <load_address>0x11595</load_address>
         <run_address>0x11595</run_address>
         <size>0x234</size>
         <input_file_ref idref="fl-13"/>
      </object_component>
      <object_component id="oc-2d2">
         <name>.debug_info</name>
         <load_address>0x117c9</load_address>
         <run_address>0x117c9</run_address>
         <size>0x102</size>
         <input_file_ref idref="fl-13"/>
      </object_component>
      <object_component id="oc-1ea">
         <name>.debug_info</name>
         <load_address>0x118cb</load_address>
         <run_address>0x118cb</run_address>
         <size>0x333</size>
         <input_file_ref idref="fl-ca"/>
      </object_component>
      <object_component id="oc-10e">
         <name>.debug_info</name>
         <load_address>0x11bfe</load_address>
         <run_address>0x11bfe</run_address>
         <size>0x1d1</size>
         <input_file_ref idref="fl-ca"/>
      </object_component>
      <object_component id="oc-1df">
         <name>.debug_info</name>
         <load_address>0x11dcf</load_address>
         <run_address>0x11dcf</run_address>
         <size>0x18d</size>
         <input_file_ref idref="fl-ca"/>
      </object_component>
      <object_component id="oc-1e7">
         <name>.debug_info</name>
         <load_address>0x11f5c</load_address>
         <run_address>0x11f5c</run_address>
         <size>0x16d</size>
         <input_file_ref idref="fl-ca"/>
      </object_component>
      <object_component id="oc-34f">
         <name>.debug_info</name>
         <load_address>0x120c9</load_address>
         <run_address>0x120c9</run_address>
         <size>0x2c</size>
         <input_file_ref idref="fl-ca"/>
      </object_component>
      <object_component id="oc-38">
         <name>.debug_info</name>
         <load_address>0x120f5</load_address>
         <run_address>0x120f5</run_address>
         <size>0x119</size>
         <input_file_ref idref="fl-cb"/>
      </object_component>
      <object_component id="oc-92">
         <name>.debug_info</name>
         <load_address>0x1220e</load_address>
         <run_address>0x1220e</run_address>
         <size>0x2d4</size>
         <input_file_ref idref="fl-cc"/>
      </object_component>
      <object_component id="oc-47">
         <name>.debug_info</name>
         <load_address>0x124e2</load_address>
         <run_address>0x124e2</run_address>
         <size>0x1d2</size>
         <input_file_ref idref="fl-cc"/>
      </object_component>
      <object_component id="oc-8d">
         <name>.debug_info</name>
         <load_address>0x126b4</load_address>
         <run_address>0x126b4</run_address>
         <size>0x46</size>
         <input_file_ref idref="fl-cc"/>
      </object_component>
      <object_component id="oc-cc">
         <name>.debug_info</name>
         <load_address>0x126fa</load_address>
         <run_address>0x126fa</run_address>
         <size>0x2c</size>
         <input_file_ref idref="fl-cc"/>
      </object_component>
      <object_component id="oc-42">
         <name>.debug_info</name>
         <load_address>0x12726</load_address>
         <run_address>0x12726</run_address>
         <size>0x2a8</size>
         <input_file_ref idref="fl-cd"/>
      </object_component>
      <object_component id="oc-1e">
         <name>.debug_info</name>
         <load_address>0x129ce</load_address>
         <run_address>0x129ce</run_address>
         <size>0x1ea</size>
         <input_file_ref idref="fl-cd"/>
      </object_component>
      <object_component id="oc-3d">
         <name>.debug_info</name>
         <load_address>0x12bb8</load_address>
         <run_address>0x12bb8</run_address>
         <size>0x46</size>
         <input_file_ref idref="fl-cd"/>
      </object_component>
      <object_component id="oc-85">
         <name>.debug_info</name>
         <load_address>0x12bfe</load_address>
         <run_address>0x12bfe</run_address>
         <size>0x2c</size>
         <input_file_ref idref="fl-cd"/>
      </object_component>
      <object_component id="oc-83">
         <name>.debug_info</name>
         <load_address>0x12c2a</load_address>
         <run_address>0x12c2a</run_address>
         <size>0x29e</size>
         <input_file_ref idref="fl-ce"/>
      </object_component>
      <object_component id="oc-1b">
         <name>.debug_info</name>
         <load_address>0x12ec8</load_address>
         <run_address>0x12ec8</run_address>
         <size>0x250</size>
         <input_file_ref idref="fl-ce"/>
      </object_component>
      <object_component id="oc-2d">
         <name>.debug_info</name>
         <load_address>0x13118</load_address>
         <run_address>0x13118</run_address>
         <size>0x60</size>
         <input_file_ref idref="fl-ce"/>
      </object_component>
      <object_component id="oc-c5">
         <name>.debug_info</name>
         <load_address>0x13178</load_address>
         <run_address>0x13178</run_address>
         <size>0x46</size>
         <input_file_ref idref="fl-ce"/>
      </object_component>
      <object_component id="oc-7e">
         <name>.debug_info</name>
         <load_address>0x131be</load_address>
         <run_address>0x131be</run_address>
         <size>0x39</size>
         <input_file_ref idref="fl-ce"/>
      </object_component>
      <object_component id="oc-2a">
         <name>.debug_info</name>
         <load_address>0x131f7</load_address>
         <run_address>0x131f7</run_address>
         <size>0x10b</size>
         <input_file_ref idref="fl-cf"/>
      </object_component>
      <object_component id="oc-57">
         <name>.debug_info</name>
         <load_address>0x13302</load_address>
         <run_address>0x13302</run_address>
         <size>0x1a9</size>
         <input_file_ref idref="fl-cf"/>
      </object_component>
      <object_component id="oc-284">
         <name>.debug_info</name>
         <load_address>0x134ab</load_address>
         <run_address>0x134ab</run_address>
         <size>0x590</size>
         <input_file_ref idref="fl-d0"/>
      </object_component>
      <object_component id="oc-24f">
         <name>.debug_info</name>
         <load_address>0x13a3b</load_address>
         <run_address>0x13a3b</run_address>
         <size>0x21e</size>
         <input_file_ref idref="fl-d0"/>
      </object_component>
      <object_component id="oc-312">
         <name>.debug_info</name>
         <load_address>0x13c59</load_address>
         <run_address>0x13c59</run_address>
         <size>0x1b3</size>
         <input_file_ref idref="fl-d0"/>
      </object_component>
      <object_component id="oc-318">
         <name>.debug_info</name>
         <load_address>0x13e0c</load_address>
         <run_address>0x13e0c</run_address>
         <size>0x21b</size>
         <input_file_ref idref="fl-d0"/>
      </object_component>
      <object_component id="oc-25a">
         <name>.debug_info</name>
         <load_address>0x14027</load_address>
         <run_address>0x14027</run_address>
         <size>0x3c0</size>
         <input_file_ref idref="fl-d0"/>
      </object_component>
      <object_component id="oc-31f">
         <name>.debug_info</name>
         <load_address>0x143e7</load_address>
         <run_address>0x143e7</run_address>
         <size>0x30a</size>
         <input_file_ref idref="fl-d0"/>
      </object_component>
      <object_component id="oc-325">
         <name>.debug_info</name>
         <load_address>0x146f1</load_address>
         <run_address>0x146f1</run_address>
         <size>0x215</size>
         <input_file_ref idref="fl-d0"/>
      </object_component>
      <object_component id="oc-260">
         <name>.debug_info</name>
         <load_address>0x14906</load_address>
         <run_address>0x14906</run_address>
         <size>0x215</size>
         <input_file_ref idref="fl-d0"/>
      </object_component>
      <object_component id="oc-267">
         <name>.debug_info</name>
         <load_address>0x14b1b</load_address>
         <run_address>0x14b1b</run_address>
         <size>0x304</size>
         <input_file_ref idref="fl-d0"/>
      </object_component>
      <object_component id="oc-26d">
         <name>.debug_info</name>
         <load_address>0x14e1f</load_address>
         <run_address>0x14e1f</run_address>
         <size>0x4b5</size>
         <input_file_ref idref="fl-d0"/>
      </object_component>
      <object_component id="oc-1d8">
         <name>.debug_info</name>
         <load_address>0x152d4</load_address>
         <run_address>0x152d4</run_address>
         <size>0x5f4</size>
         <input_file_ref idref="fl-d0"/>
      </object_component>
      <object_component id="oc-285">
         <name>.debug_info</name>
         <load_address>0x158c8</load_address>
         <run_address>0x158c8</run_address>
         <size>0x86</size>
         <input_file_ref idref="fl-d0"/>
      </object_component>
      <object_component id="oc-354">
         <name>.debug_info</name>
         <load_address>0x1594e</load_address>
         <run_address>0x1594e</run_address>
         <size>0x39</size>
         <input_file_ref idref="fl-d0"/>
      </object_component>
      <object_component id="oc-3aa">
         <name>.debug_info</name>
         <load_address>0x15987</load_address>
         <run_address>0x15987</run_address>
         <size>0xb6</size>
         <input_file_ref idref="fl-d0"/>
      </object_component>
      <object_component id="oc-359">
         <name>.debug_info</name>
         <load_address>0x15a3d</load_address>
         <run_address>0x15a3d</run_address>
         <size>0x46</size>
         <input_file_ref idref="fl-d0"/>
      </object_component>
      <object_component id="oc-28a">
         <name>.debug_info</name>
         <load_address>0x15a83</load_address>
         <run_address>0x15a83</run_address>
         <size>0x46</size>
         <input_file_ref idref="fl-d0"/>
      </object_component>
      <object_component id="oc-30e">
         <name>.debug_info</name>
         <load_address>0x15ac9</load_address>
         <run_address>0x15ac9</run_address>
         <size>0x14c</size>
         <input_file_ref idref="fl-d1"/>
      </object_component>
      <object_component id="oc-257">
         <name>.debug_info</name>
         <load_address>0x15c15</load_address>
         <run_address>0x15c15</run_address>
         <size>0x128</size>
         <input_file_ref idref="fl-d2"/>
      </object_component>
      <object_component id="oc-2f9">
         <name>.debug_info</name>
         <load_address>0x15d3d</load_address>
         <run_address>0x15d3d</run_address>
         <size>0x12a</size>
         <input_file_ref idref="fl-d2"/>
      </object_component>
      <object_component id="oc-2f4">
         <name>.debug_info</name>
         <load_address>0x15e67</load_address>
         <run_address>0x15e67</run_address>
         <size>0x13a</size>
         <input_file_ref idref="fl-d3"/>
      </object_component>
      <object_component id="oc-2f0">
         <name>.debug_info</name>
         <load_address>0x15fa1</load_address>
         <run_address>0x15fa1</run_address>
         <size>0x13a</size>
         <input_file_ref idref="fl-d4"/>
      </object_component>
      <object_component id="oc-2ff">
         <name>.debug_info</name>
         <load_address>0x160db</load_address>
         <run_address>0x160db</run_address>
         <size>0x12e</size>
         <input_file_ref idref="fl-d5"/>
      </object_component>
      <object_component id="oc-309">
         <name>.debug_info</name>
         <load_address>0x16209</load_address>
         <run_address>0x16209</run_address>
         <size>0x12c</size>
         <input_file_ref idref="fl-d6"/>
      </object_component>
      <object_component id="oc-94">
         <name>.debug_info</name>
         <load_address>0x16335</load_address>
         <run_address>0x16335</run_address>
         <size>0x147</size>
         <input_file_ref idref="fl-d7"/>
      </object_component>
      <object_component id="oc-2e9">
         <name>.debug_info</name>
         <load_address>0x1647c</load_address>
         <run_address>0x1647c</run_address>
         <size>0x134</size>
         <input_file_ref idref="fl-d8"/>
      </object_component>
      <object_component id="oc-1fe">
         <name>.debug_info</name>
         <load_address>0x165b0</load_address>
         <run_address>0x165b0</run_address>
         <size>0x4b3</size>
         <input_file_ref idref="fl-d9"/>
      </object_component>
      <object_component id="oc-12d">
         <name>.debug_info</name>
         <load_address>0x16a63</load_address>
         <run_address>0x16a63</run_address>
         <size>0x1a6</size>
         <input_file_ref idref="fl-d9"/>
      </object_component>
      <object_component id="oc-2a3">
         <name>.debug_info</name>
         <load_address>0x16c09</load_address>
         <run_address>0x16c09</run_address>
         <size>0x39</size>
         <input_file_ref idref="fl-d9"/>
      </object_component>
      <object_component id="oc-361">
         <name>.debug_info</name>
         <load_address>0x16c42</load_address>
         <run_address>0x16c42</run_address>
         <size>0x39</size>
         <input_file_ref idref="fl-d9"/>
      </object_component>
      <object_component id="oc-2a8">
         <name>.debug_info</name>
         <load_address>0x16c7b</load_address>
         <run_address>0x16c7b</run_address>
         <size>0x39</size>
         <input_file_ref idref="fl-d9"/>
      </object_component>
      <object_component id="oc-2ad">
         <name>.debug_info</name>
         <load_address>0x16cb4</load_address>
         <run_address>0x16cb4</run_address>
         <size>0xcd</size>
         <input_file_ref idref="fl-d9"/>
      </object_component>
      <object_component id="oc-9a">
         <name>.debug_info</name>
         <load_address>0x16d81</load_address>
         <run_address>0x16d81</run_address>
         <size>0x153</size>
         <input_file_ref idref="fl-da"/>
      </object_component>
      <object_component id="oc-121">
         <name>.debug_info</name>
         <load_address>0x16ed4</load_address>
         <run_address>0x16ed4</run_address>
         <size>0x122</size>
         <input_file_ref idref="fl-dc"/>
      </object_component>
      <object_component id="oc-385">
         <name>.debug_info</name>
         <load_address>0x16ff6</load_address>
         <run_address>0x16ff6</run_address>
         <size>0x29c</size>
         <input_file_ref idref="fl-de"/>
      </object_component>
      <object_component id="oc-305">
         <name>.debug_info</name>
         <load_address>0x17292</load_address>
         <run_address>0x17292</run_address>
         <size>0x1da</size>
         <input_file_ref idref="fl-de"/>
      </object_component>
      <object_component id="oc-2e5">
         <name>.debug_info</name>
         <load_address>0x1746c</load_address>
         <run_address>0x1746c</run_address>
         <size>0x2b9</size>
         <input_file_ref idref="fl-e0"/>
      </object_component>
      <object_component id="oc-24b">
         <name>.debug_info</name>
         <load_address>0x17725</load_address>
         <run_address>0x17725</run_address>
         <size>0x17c</size>
         <input_file_ref idref="fl-e0"/>
      </object_component>
      <object_component id="oc-377">
         <name>.debug_info</name>
         <load_address>0x178a1</load_address>
         <run_address>0x178a1</run_address>
         <size>0xf9</size>
         <input_file_ref idref="fl-e1"/>
      </object_component>
      <object_component id="oc-2e2">
         <name>.debug_info</name>
         <load_address>0x1799a</load_address>
         <run_address>0x1799a</run_address>
         <size>0x105</size>
         <input_file_ref idref="fl-e1"/>
      </object_component>
      <object_component id="oc-340">
         <name>.debug_info</name>
         <load_address>0x17a9f</load_address>
         <run_address>0x17a9f</run_address>
         <size>0x2a7</size>
         <input_file_ref idref="fl-e2"/>
      </object_component>
      <object_component id="oc-273">
         <name>.debug_info</name>
         <load_address>0x17d46</load_address>
         <run_address>0x17d46</run_address>
         <size>0x1b8</size>
         <input_file_ref idref="fl-e2"/>
      </object_component>
      <object_component id="oc-39c">
         <name>.debug_info</name>
         <load_address>0x17efe</load_address>
         <run_address>0x17efe</run_address>
         <size>0x29a</size>
         <input_file_ref idref="fl-e3"/>
      </object_component>
      <object_component id="oc-339">
         <name>.debug_info</name>
         <load_address>0x18198</load_address>
         <run_address>0x18198</run_address>
         <size>0x262</size>
         <input_file_ref idref="fl-e3"/>
      </object_component>
      <object_component id="oc-2e0">
         <name>.debug_info</name>
         <load_address>0x183fa</load_address>
         <run_address>0x183fa</run_address>
         <size>0x28f</size>
         <input_file_ref idref="fl-e4"/>
      </object_component>
      <object_component id="oc-246">
         <name>.debug_info</name>
         <load_address>0x18689</load_address>
         <run_address>0x18689</run_address>
         <size>0x245</size>
         <input_file_ref idref="fl-e4"/>
      </object_component>
      <object_component id="oc-34c">
         <name>.debug_info</name>
         <load_address>0x188ce</load_address>
         <run_address>0x188ce</run_address>
         <size>0x289</size>
         <input_file_ref idref="fl-e5"/>
      </object_component>
      <object_component id="oc-349">
         <name>.debug_info</name>
         <load_address>0x18b57</load_address>
         <run_address>0x18b57</run_address>
         <size>0x10e</size>
         <input_file_ref idref="fl-e5"/>
      </object_component>
      <object_component id="oc-280">
         <name>.debug_info</name>
         <load_address>0x18c65</load_address>
         <run_address>0x18c65</run_address>
         <size>0x14e</size>
         <input_file_ref idref="fl-e5"/>
      </object_component>
      <object_component id="oc-347">
         <name>.debug_info</name>
         <load_address>0x18db3</load_address>
         <run_address>0x18db3</run_address>
         <size>0x28f</size>
         <input_file_ref idref="fl-e6"/>
      </object_component>
      <object_component id="oc-27a">
         <name>.debug_info</name>
         <load_address>0x19042</load_address>
         <run_address>0x19042</run_address>
         <size>0x15a</size>
         <input_file_ref idref="fl-e6"/>
      </object_component>
      <object_component id="oc-39f">
         <name>.debug_info</name>
         <load_address>0x1919c</load_address>
         <run_address>0x1919c</run_address>
         <size>0x46</size>
         <input_file_ref idref="fl-e6"/>
      </object_component>
      <object_component id="oc-342">
         <name>.debug_info</name>
         <load_address>0x191e2</load_address>
         <run_address>0x191e2</run_address>
         <size>0x39</size>
         <input_file_ref idref="fl-e6"/>
      </object_component>
      <object_component id="oc-38d">
         <name>.debug_info</name>
         <load_address>0x1921b</load_address>
         <run_address>0x1921b</run_address>
         <size>0x295</size>
         <input_file_ref idref="fl-e7"/>
      </object_component>
      <object_component id="oc-32d">
         <name>.debug_info</name>
         <load_address>0x194b0</load_address>
         <run_address>0x194b0</run_address>
         <size>0x195</size>
         <input_file_ref idref="fl-e7"/>
      </object_component>
      <object_component id="oc-3b6">
         <name>.debug_info</name>
         <load_address>0x19645</load_address>
         <run_address>0x19645</run_address>
         <size>0x39</size>
         <input_file_ref idref="fl-e7"/>
      </object_component>
      <object_component id="oc-38e">
         <name>.debug_info</name>
         <load_address>0x1967e</load_address>
         <run_address>0x1967e</run_address>
         <size>0x2c</size>
         <input_file_ref idref="fl-e7"/>
      </object_component>
      <object_component id="oc-39a">
         <name>.debug_info</name>
         <load_address>0x196aa</load_address>
         <run_address>0x196aa</run_address>
         <size>0x2f8</size>
         <input_file_ref idref="fl-e8"/>
      </object_component>
      <object_component id="oc-333">
         <name>.debug_info</name>
         <load_address>0x199a2</load_address>
         <run_address>0x199a2</run_address>
         <size>0x225</size>
         <input_file_ref idref="fl-e8"/>
      </object_component>
      <object_component id="oc-37b">
         <name>.debug_info</name>
         <load_address>0x19bc7</load_address>
         <run_address>0x19bc7</run_address>
         <size>0x115</size>
         <input_file_ref idref="fl-e9"/>
      </object_component>
      <object_component id="oc-396">
         <name>.debug_info</name>
         <load_address>0x19cdc</load_address>
         <run_address>0x19cdc</run_address>
         <size>0x161</size>
         <input_file_ref idref="fl-ea"/>
      </object_component>
      <object_component id="oc-3f6">
         <name>.debug_info</name>
         <load_address>0x19e3d</load_address>
         <run_address>0x19e3d</run_address>
         <size>0x93</size>
      </object_component>
      <object_component id="oc-214">
         <name>.debug_line</name>
         <load_address>0x0</load_address>
         <run_address>0x0</run_address>
         <size>0x7a</size>
         <input_file_ref idref="fl-2"/>
      </object_component>
      <object_component id="oc-234">
         <name>.debug_line</name>
         <load_address>0x7a</load_address>
         <run_address>0x7a</run_address>
         <size>0x33</size>
         <input_file_ref idref="fl-2"/>
      </object_component>
      <object_component id="oc-fe">
         <name>.debug_line</name>
         <load_address>0xad</load_address>
         <run_address>0xad</run_address>
         <size>0x50</size>
         <input_file_ref idref="fl-2"/>
      </object_component>
      <object_component id="oc-116">
         <name>.debug_line</name>
         <load_address>0xfd</load_address>
         <run_address>0xfd</run_address>
         <size>0x51</size>
         <input_file_ref idref="fl-2"/>
      </object_component>
      <object_component id="oc-c3">
         <name>.debug_line</name>
         <load_address>0x14e</load_address>
         <run_address>0x14e</run_address>
         <size>0x6f</size>
         <input_file_ref idref="fl-2"/>
      </object_component>
      <object_component id="oc-168">
         <name>.debug_line</name>
         <load_address>0x1bd</load_address>
         <run_address>0x1bd</run_address>
         <size>0x78</size>
         <input_file_ref idref="fl-2"/>
      </object_component>
      <object_component id="oc-163">
         <name>.debug_line</name>
         <load_address>0x235</load_address>
         <run_address>0x235</run_address>
         <size>0x7b</size>
         <input_file_ref idref="fl-2"/>
      </object_component>
      <object_component id="oc-16d">
         <name>.debug_line</name>
         <load_address>0x2b0</load_address>
         <run_address>0x2b0</run_address>
         <size>0x7d</size>
         <input_file_ref idref="fl-2"/>
      </object_component>
      <object_component id="oc-186">
         <name>.debug_line</name>
         <load_address>0x32d</load_address>
         <run_address>0x32d</run_address>
         <size>0x20</size>
         <input_file_ref idref="fl-2"/>
      </object_component>
      <object_component id="oc-181">
         <name>.debug_line</name>
         <load_address>0x34d</load_address>
         <run_address>0x34d</run_address>
         <size>0x73</size>
         <input_file_ref idref="fl-2"/>
      </object_component>
      <object_component id="oc-17c">
         <name>.debug_line</name>
         <load_address>0x3c0</load_address>
         <run_address>0x3c0</run_address>
         <size>0x6f</size>
         <input_file_ref idref="fl-2"/>
      </object_component>
      <object_component id="oc-172">
         <name>.debug_line</name>
         <load_address>0x42f</load_address>
         <run_address>0x42f</run_address>
         <size>0x70</size>
         <input_file_ref idref="fl-2"/>
      </object_component>
      <object_component id="oc-218">
         <name>.debug_line</name>
         <load_address>0x49f</load_address>
         <run_address>0x49f</run_address>
         <size>0x7a</size>
         <input_file_ref idref="fl-2"/>
      </object_component>
      <object_component id="oc-15f">
         <name>.debug_line</name>
         <load_address>0x519</load_address>
         <run_address>0x519</run_address>
         <size>0x141</size>
         <input_file_ref idref="fl-3"/>
      </object_component>
      <object_component id="oc-1f2">
         <name>.debug_line</name>
         <load_address>0x65a</load_address>
         <run_address>0x65a</run_address>
         <size>0x2d</size>
         <input_file_ref idref="fl-3"/>
      </object_component>
      <object_component id="oc-a3">
         <name>.debug_line</name>
         <load_address>0x687</load_address>
         <run_address>0x687</run_address>
         <size>0x83</size>
         <input_file_ref idref="fl-3"/>
      </object_component>
      <object_component id="oc-d9">
         <name>.debug_line</name>
         <load_address>0x70a</load_address>
         <run_address>0x70a</run_address>
         <size>0x4e</size>
         <input_file_ref idref="fl-3"/>
      </object_component>
      <object_component id="oc-e0">
         <name>.debug_line</name>
         <load_address>0x758</load_address>
         <run_address>0x758</run_address>
         <size>0x6b</size>
         <input_file_ref idref="fl-3"/>
      </object_component>
      <object_component id="oc-194">
         <name>.debug_line</name>
         <load_address>0x7c3</load_address>
         <run_address>0x7c3</run_address>
         <size>0x47</size>
         <input_file_ref idref="fl-3"/>
      </object_component>
      <object_component id="oc-f2">
         <name>.debug_line</name>
         <load_address>0x80a</load_address>
         <run_address>0x80a</run_address>
         <size>0x7f</size>
         <input_file_ref idref="fl-3"/>
      </object_component>
      <object_component id="oc-f7">
         <name>.debug_line</name>
         <load_address>0x889</load_address>
         <run_address>0x889</run_address>
         <size>0x56</size>
         <input_file_ref idref="fl-3"/>
      </object_component>
      <object_component id="oc-e6">
         <name>.debug_line</name>
         <load_address>0x8df</load_address>
         <run_address>0x8df</run_address>
         <size>0x52</size>
         <input_file_ref idref="fl-3"/>
      </object_component>
      <object_component id="oc-103">
         <name>.debug_line</name>
         <load_address>0x931</load_address>
         <run_address>0x931</run_address>
         <size>0x4e</size>
         <input_file_ref idref="fl-3"/>
      </object_component>
      <object_component id="oc-109">
         <name>.debug_line</name>
         <load_address>0x97f</load_address>
         <run_address>0x97f</run_address>
         <size>0x53</size>
         <input_file_ref idref="fl-3"/>
      </object_component>
      <object_component id="oc-78">
         <name>.debug_line</name>
         <load_address>0x9d2</load_address>
         <run_address>0x9d2</run_address>
         <size>0x47</size>
         <input_file_ref idref="fl-3"/>
      </object_component>
      <object_component id="oc-1d3">
         <name>.debug_line</name>
         <load_address>0xa19</load_address>
         <run_address>0xa19</run_address>
         <size>0x46</size>
         <input_file_ref idref="fl-3"/>
      </object_component>
      <object_component id="oc-177">
         <name>.debug_line</name>
         <load_address>0xa5f</load_address>
         <run_address>0xa5f</run_address>
         <size>0x2d</size>
         <input_file_ref idref="fl-3"/>
      </object_component>
      <object_component id="oc-35">
         <name>.debug_line</name>
         <load_address>0xa8c</load_address>
         <run_address>0xa8c</run_address>
         <size>0x20</size>
         <input_file_ref idref="fl-3"/>
      </object_component>
      <object_component id="oc-1ee">
         <name>.debug_line</name>
         <load_address>0xaac</load_address>
         <run_address>0xaac</run_address>
         <size>0x6b</size>
         <input_file_ref idref="fl-3"/>
      </object_component>
      <object_component id="oc-b6">
         <name>.debug_line</name>
         <load_address>0xb17</load_address>
         <run_address>0xb17</run_address>
         <size>0x66</size>
         <input_file_ref idref="fl-4"/>
      </object_component>
[...]
         <name>rightSpeed</name>
         <value>0x2000011f</value>
      </symbol>
      <symbol id="sm-153">
         <name>timerConfig</name>
         <value>0x200000e8</value>
      </symbol>
      <symbol id="sm-154">
         <name>pulseCount</name>
         <value>0x2000011a</value>
      </symbol>
      <symbol id="sm-155">
         <name>prevCount</name>
         <value>0x20000118</value>
      </symbol>
      <symbol id="sm-156">
         <name>rpm</name>
         <value>0x2000011c</value>
      </symbol>
      <symbol id="sm-157">
         <name>motorControl</name>
         <value>0x1525</value>
         <object_component_ref idref="oc-ed"/>
      </symbol>
      <symbol id="sm-158">
         <name>bumperSwitchesHandler</name>
         <value>0x2b69</value>
         <object_component_ref idref="oc-190"/>
      </symbol>
      <symbol id="sm-159">
         <name>configTimer</name>
         <value>0x2799</value>
         <object_component_ref idref="oc-ff"/>
      </symbol>
      <symbol id="sm-15a">
         <name>ledToggle</name>
         <value>0x2d19</value>
         <object_component_ref idref="oc-1cf"/>
      </symbol>
      <symbol id="sm-15b">
         <name>main</name>
         <value>0x11ad</value>
         <object_component_ref idref="oc-9f"/>
      </symbol>
      <symbol id="sm-15c">
         <name>config432IO</name>
         <value>0x2399</value>
         <object_component_ref idref="oc-d5"/>
      </symbol>
      <symbol id="sm-15d">
         <name>PULSE_DIVIDER</name>
         <value>0x2000012a</value>
         <object_component_ref idref="oc-11b"/>
      </symbol>
      <symbol id="sm-15e">
         <name>TimerA3Capture_Init</name>
         <value>0x2059</value>
         <object_component_ref idref="oc-105"/>
      </symbol>
      <symbol id="sm-15f">
         <name>TA3_0_IRQHandler</name>
         <value>0x2c2d</value>
         <object_component_ref idref="oc-73"/>
      </symbol>
      <symbol id="sm-160">
         <name>allLEDs</name>
         <value>0x1d85</value>
         <object_component_ref idref="oc-f3"/>
      </symbol>
      <symbol id="sm-161">
         <name>LED_DIVIDER</name>
         <value>0x20000126</value>
         <object_component_ref idref="oc-11b"/>
      </symbol>
      <symbol id="sm-162">
         <name>configRobotIO</name>
         <value>0xda5</value>
         <object_component_ref idref="oc-db"/>
      </symbol>
      <symbol id="sm-163">
         <name>PULSE_PERIOD</name>
         <value>0x20000128</value>
         <object_component_ref idref="oc-11b"/>
      </symbol>
      <symbol id="sm-164">
         <name>LED_PERIOD</name>
         <value>0x20000124</value>
         <object_component_ref idref="oc-11b"/>
      </symbol>
      <symbol id="sm-165">
         <name>configPWMTimer</name>
         <value>0x21c9</value>
         <object_component_ref idref="oc-e1"/>
      </symbol>
      <symbol id="sm-178">
         <name>SystemInit</name>
         <value>0x26b1</value>
         <object_component_ref idref="oc-b1"/>
      </symbol>
      <symbol id="sm-194">
         <name>Reset_Handler</name>
         <value>0x2e47</value>
         <object_component_ref idref="oc-67"/>
      </symbol>
      <symbol id="sm-195">
         <name>Default_Handler</name>
         <value>0xb33</value>
         <object_component_ref idref="oc-6d"/>
      </symbol>
      <symbol id="sm-196">
         <name>interruptVectors</name>
         <value>0x0</value>
         <object_component_ref idref="oc-26"/>
      </symbol>
      <symbol id="sm-1ca">
         <name>GPIO_registerInterrupt</name>
         <value>0x2cf5</value>
         <object_component_ref idref="oc-18a"/>
      </symbol>
      <symbol id="sm-1fa">
         <name>Interrupt_enableInterrupt</name>
         <value>0x2539</value>
         <object_component_ref idref="oc-220"/>
      </symbol>
      <symbol id="sm-1fb">
         <name>Interrupt_registerInterrupt</name>
         <value>0x2939</value>
         <object_component_ref idref="oc-21a"/>
      </symbol>
      <symbol id="sm-1fc">
         <name>g_pfnRAMVectors</name>
         <value>0x20000000</value>
         <object_component_ref idref="oc-2b4"/>
      </symbol>
      <symbol id="sm-260">
         <name>Timer_A_registerInterrupt</name>
         <value>0x1f85</value>
         <object_component_ref idref="oc-1c8"/>
      </symbol>
      <symbol id="sm-261">
         <name>Timer_A_startCounter</name>
         <value>0x2dd3</value>
         <object_component_ref idref="oc-e7"/>
      </symbol>
      <symbol id="sm-262">
         <name>Timer_A_stopTimer</name>
         <value>0x2dff</value>
         <object_component_ref idref="oc-1b0"/>
      </symbol>
      <symbol id="sm-263">
         <name>Timer_A_clearInterruptFlag</name>
         <value>0x2dbd</value>
         <object_component_ref idref="oc-1c2"/>
      </symbol>
      <symbol id="sm-264">
         <name>Timer_A_configureUpMode</name>
         <value>0x2805</value>
         <object_component_ref idref="oc-1b6"/>
      </symbol>
      <symbol id="sm-265">
         <name>Timer_A_enableInterrupt</name>
         <value>0x2d8d</value>
         <object_component_ref idref="oc-1bc"/>
      </symbol>
      <symbol id="sm-288">
         <name>UART_initModule</name>
         <value>0x1b59</value>
         <object_component_ref idref="oc-1a6"/>
      </symbol>
      <symbol id="sm-2b0">
         <name>sprintf</name>
         <value>0x2bad</value>
         <object_component_ref idref="oc-10b"/>
      </symbol>
      <symbol id="sm-2cb">
         <name>memcpy</name>
         <value>0x2265</value>
         <object_component_ref idref="oc-37"/>
      </symbol>
      <symbol id="sm-2cc">
         <name>__aeabi_memcpy</name>
         <value>0x2265</value>
         <object_component_ref idref="oc-37"/>
      </symbol>
      <symbol id="sm-2cd">
         <name>__aeabi_memcpy8</name>
         <value>0x2265</value>
         <object_component_ref idref="oc-37"/>
      </symbol>
      <symbol id="sm-2ce">
         <name>__aeabi_memcpy4</name>
         <value>0x2265</value>
         <object_component_ref idref="oc-37"/>
      </symbol>
      <symbol id="sm-2e7">
         <name>__TI_zero_init_nomemset</name>
         <value>0x2d39</value>
         <object_component_ref idref="oc-43"/>
      </symbol>
      <symbol id="sm-2fe">
         <name>__TI_decompress_none</name>
         <value>0x2e39</value>
         <object_component_ref idref="oc-1d"/>
      </symbol>
      <symbol id="sm-321">
         <name>__TI_decompress_lzss</name>
         <value>0x286d</value>
         <object_component_ref idref="oc-17"/>
      </symbol>
      <symbol id="sm-334">
         <name>__stack</name>
         <value>0x2000fe00</value>
         <object_component_ref idref="oc-29"/>
      </symbol>
      <symbol id="sm-335">
         <name>_c_int00_noargs</name>
         <value>0x2c61</value>
         <object_component_ref idref="oc-55"/>
      </symbol>
      <symbol id="sm-49a">
         <name>__TI_printfi</name>
         <value>0xe5</value>
         <object_component_ref idref="oc-1d7"/>
      </symbol>
      <symbol id="sm-4b1">
         <name>__aeabi_dsub</name>
         <value>0x136d</value>
         <object_component_ref idref="oc-30c"/>
      </symbol>
      <symbol id="sm-4b2">
         <name>__aeabi_dadd</name>
         <value>0x1377</value>
         <object_component_ref idref="oc-30c"/>
      </symbol>
      <symbol id="sm-4d4">
         <name>__aeabi_cdcmpeq</name>
         <value>0x242d</value>
         <object_component_ref idref="oc-254"/>
      </symbol>
      <symbol id="sm-4d5">
         <name>__aeabi_cdcmple</name>
         <value>0x242d</value>
         <object_component_ref idref="oc-254"/>
      </symbol>
      <symbol id="sm-4d6">
         <name>__aeabi_cdrcmple</name>
         <value>0x24b3</value>
         <object_component_ref idref="oc-2f7"/>
      </symbol>
      <symbol id="sm-4ea">
         <name>__aeabi_ddiv</name>
         <value>0x18fd</value>
         <object_component_ref idref="oc-2f2"/>
      </symbol>
      <symbol id="sm-4f5">
         <name>__aeabi_dmul</name>
         <value>0x1e89</value>
         <object_component_ref idref="oc-2ed"/>
      </symbol>
      <symbol id="sm-4ff">
         <name>__aeabi_d2iz</name>
         <value>0x2add</value>
         <object_component_ref idref="oc-2fc"/>
      </symbol>
      <symbol id="sm-509">
         <name>__aeabi_i2d</name>
         <value>0x2cc5</value>
         <object_component_ref idref="oc-307"/>
      </symbol>
      <symbol id="sm-518">
         <name>__aeabi_memset</name>
         <value>0x2637</value>
         <object_component_ref idref="oc-93"/>
      </symbol>
      <symbol id="sm-519">
         <name>memset</name>
         <value>0x263d</value>
         <object_component_ref idref="oc-93"/>
      </symbol>
      <symbol id="sm-51a">
         <name>__aeabi_memset8</name>
         <value>0x2637</value>
         <object_component_ref idref="oc-93"/>
      </symbol>
      <symbol id="sm-51b">
         <name>__aeabi_memset4</name>
         <value>0x2637</value>
         <object_component_ref idref="oc-93"/>
      </symbol>
      <symbol id="sm-51c">
         <name>__aeabi_memclr8</name>
         <value>0x2635</value>
         <object_component_ref idref="oc-93"/>
      </symbol>
      <symbol id="sm-51d">
         <name>__aeabi_memclr4</name>
         <value>0x2635</value>
         <object_component_ref idref="oc-93"/>
      </symbol>
      <symbol id="sm-51e">
         <name>__aeabi_memclr</name>
         <value>0x2635</value>
         <object_component_ref idref="oc-93"/>
      </symbol>
      <symbol id="sm-52b">
         <name>__aeabi_uldivmod</name>
         <value>0x2301</value>
         <object_component_ref idref="oc-2e6"/>
      </symbol>
      <symbol id="sm-553">
         <name>__TI_auto_init_nobinit_nopinit</name>
         <value>0x2b25</value>
         <object_component_ref idref="oc-12b"/>
      </symbol>
      <symbol id="sm-55d">
         <name>_system_pre_init</name>
         <value>0x2e65</value>
         <object_component_ref idref="oc-99"/>
      </symbol>
      <symbol id="sm-569">
         <name>C$$EXIT</name>
         <value>0x2e69</value>
         <object_component_ref idref="oc-11f"/>
      </symbol>
      <symbol id="sm-56a">
         <name>abort</name>
         <value>0x2e69</value>
         <object_component_ref idref="oc-11f"/>
      </symbol>
      <symbol id="sm-57a">
         <name>__TI_ltoa</name>
         <value>0x29eb</value>
         <object_component_ref idref="oc-301"/>
      </symbol>
      <symbol id="sm-591">
         <name>atoi</name>
         <value>0x2a91</value>
         <object_component_ref idref="oc-248"/>
      </symbol>
      <symbol id="sm-59c">
         <name>_ctypes_</name>
         <value>0x2e6c</value>
         <object_component_ref idref="oc-2e1"/>
      </symbol>
      <symbol id="sm-5ac">
         <name>memccpy</name>
         <value>0x2d55</value>
         <object_component_ref idref="oc-271"/>
      </symbol>
      <symbol id="sm-5bc">
         <name>strchr</name>
         <value>0x2de9</value>
         <object_component_ref idref="oc-338"/>
      </symbol>
      <symbol id="sm-5ca">
         <name>strlen</name>
         <value>0x2e13</value>
         <object_component_ref idref="oc-242"/>
      </symbol>
      <symbol id="sm-5e0">
         <name>__aeabi_errno_addr</name>
         <value>0x2e5d</value>
         <object_component_ref idref="oc-27d"/>
      </symbol>
      <symbol id="sm-5e1">
         <name>errno</name>
         <value>0x2000012c</value>
         <object_component_ref idref="oc-348"/>
      </symbol>
      <symbol id="sm-5fa">
         <name>wcslen</name>
         <value>0x2e27</value>
         <object_component_ref idref="oc-277"/>
      </symbol>
      <symbol id="sm-61a">
         <name>frexpl</name>
         <value>0x28d5</value>
         <object_component_ref idref="oc-32c"/>
      </symbol>
      <symbol id="sm-61b">
         <name>frexp</name>
         <value>0x28d5</value>
         <object_component_ref idref="oc-32c"/>
      </symbol>
      <symbol id="sm-638">
         <name>scalbn</name>
         <value>0x1c75</value>
         <object_component_ref idref="oc-332"/>
      </symbol>
      <symbol id="sm-639">
         <name>scalbnl</name>
         <value>0x1c75</value>
         <object_component_ref idref="oc-332"/>
      </symbol>
      <symbol id="sm-63a">
         <name>ldexpl</name>
         <value>0x1c75</value>
         <object_component_ref idref="oc-332"/>
      </symbol>
      <symbol id="sm-63b">
         <name>ldexp</name>
         <value>0x1c75</value>
         <object_component_ref idref="oc-332"/>
      </symbol>
      <symbol id="sm-645">
         <name>__aeabi_idiv0</name>
         <value>0x1523</value>
         <object_component_ref idref="oc-37a"/>
      </symbol>
      <symbol id="sm-646">
         <name>__aeabi_ldiv0</name>
         <value>0x1523</value>
         <object_component_ref idref="oc-37a"/>
      </symbol>
      <symbol id="sm-650">
         <name>copysign</name>
         <value>0x2d71</value>
         <object_component_ref idref="oc-393"/>
      </symbol>
      <symbol id="sm-651">
         <name>copysignl</name>
         <value>0x2d71</value>
         <object_component_ref idref="oc-393"/>
      </symbol>
      <symbol id="sm-652">
         <name>__TI_static_base__</name>
         <value>0x0</value>
      </symbol>
      <symbol id="sm-655">
         <name>__mpu_init</name>
         <value>0x0</value>
      </symbol>
      <symbol id="sm-656">
         <name>_system_post_cinit</name>
         <value>0x0</value>
      </symbol>
      <symbol id="sm-657">
         <name>NMI_Handler</name>
         <value>0xb33</value>
      </symbol>
      <symbol id="sm-658">
         <name>HardFault_Handler</name>
         <value>0xb33</value>
      </symbol>
      <symbol id="sm-659">
         <name>MemManage_Handler</name>
         <value>0xb33</value>
      </symbol>
      <symbol id="sm-65a">
         <name>BusFault_Handler</name>
         <value>0xb33</value>
      </symbol>
      <symbol id="sm-65b">
         <name>UsageFault_Handler</name>
         <value>0xb33</value>
      </symbol>
      <symbol id="sm-65c">
         <name>SVC_Handler</name>
         <value>0xb33</value>
      </symbol>
      <symbol id="sm-65d">
         <name>DebugMon_Handler</name>
         <value>0xb33</value>
      </symbol>
      <symbol id="sm-65e">
         <name>PendSV_Handler</name>
         <value>0xb33</value>
      </symbol>
      <symbol id="sm-65f">
         <name>SysTick_Handler</name>
         <value>0xb33</value>
      </symbol>
      <symbol id="sm-660">
         <name>PSS_IRQHandler</name>
         <value>0xb33</value>
      </symbol>
      <symbol id="sm-661">
         <name>CS_IRQHandler</name>
         <value>0xb33</value>
      </symbol>
      <symbol id="sm-662">
         <name>PCM_IRQHandler</name>
         <value>0xb33</value>
      </symbol>
      <symbol id="sm-663">
         <name>WDT_A_IRQHandler</name>
         <value>0xb33</value>
      </symbol>
      <symbol id="sm-664">
         <name>FPU_IRQHandler</name>
         <value>0xb33</value>
      </symbol>
      <symbol id="sm-665">
         <name>FLCTL_IRQHandler</name>
         <value>0xb33</value>
      </symbol>
      <symbol id="sm-666">
         <name>COMP_E0_IRQHandler</name>
         <value>0xb33</value>
      </symbol>
      <symbol id="sm-667">
         <name>COMP_E1_IRQHandler</name>
         <value>0xb33</value>
      </symbol>
      <symbol id="sm-668">
         <name>TA0_0_IRQHandler</name>
         <value>0xb33</value>
      </symbol>
      <symbol id="sm-669">
         <name>TA0_N_IRQHandler</name>
         <value>0xb33</value>
      </symbol>
      <symbol id="sm-66a">
         <name>TA1_0_IRQHandler</name>
         <value>0xb33</value>
      </symbol>
      <symbol id="sm-66b">
         <name>TA1_N_IRQHandler</name>
         <value>0xb33</value>
      </symbol>
      <symbol id="sm-66c">
         <name>TA2_0_IRQHandler</name>
         <value>0xb33</value>
      </symbol>
      <symbol id="sm-66d">
         <name>TA2_N_IRQHandler</name>
         <value>0xb33</value>
      </symbol>
      <symbol id="sm-66e">
         <name>TA3_0_IRQHandler</name>
         <value>0x2c2d</value>
      </symbol>
      <symbol id="sm-66f">
         <name>TA3_N_IRQHandler</name>
         <value>0xb33</value>
      </symbol>
      <symbol id="sm-670">
         <name>EUSCIA0_IRQHandler</name>
         <value>0xb33</value>
      </symbol>
      <symbol id="sm-671">
         <name>EUSCIA1_IRQHandler</name>
         <value>0xb33</value>
      </symbol>
      <symbol id="sm-672">
         <name>EUSCIA2_IRQHandler</name>
         <value>0xb33</value>
      </symbol>
      <symbol id="sm-673">
         <name>EUSCIA3_IRQHandler</name>
         <value>0xb33</value>
      </symbol>
      <symbol id="sm-674">
         <name>EUSCIB0_IRQHandler</name>
         <value>0xb33</value>
      </symbol>
      <symbol id="sm-675">
         <name>EUSCIB1_IRQHandler</name>
         <value>0xb33</value>
      </symbol>
      <symbol id="sm-676">
         <name>EUSCIB2_IRQHandler</name>
         <value>0xb33</value>
      </symbol>
      <symbol id="sm-677">
         <name>EUSCIB3_IRQHandler</name>
         <value>0xb33</value>
      </symbol>
      <symbol id="sm-678">
         <name>ADC14_IRQHandler</name>
         <value>0xb33</value>
      </symbol>
      <symbol id="sm-679">
         <name>T32_INT1_IRQHandler</name>
         <value>0xb33</value>
      </symbol>
      <symbol id="sm-67a">
         <name>T32_INT2_IRQHandler</name>
         <value>0xb33</value>
      </symbol>
      <symbol id="sm-67b">
         <name>T32_INTC_IRQHandler</name>
         <value>0xb33</value>
      </symbol>
      <symbol id="sm-67c">
         <name>AES256_IRQHandler</name>
         <value>0xb33</value>
      </symbol>
      <symbol id="sm-67d">
         <name>RTC_C_IRQHandler</name>
         <value>0xb33</value>
      </symbol>
      <symbol id="sm-67e">
         <name>DMA_ERR_IRQHandler</name>
         <value>0xb33</value>
      </symbol>
      <symbol id="sm-67f">
         <name>DMA_INT3_IRQHandler</name>
         <value>0xb33</value>
      </symbol>
      <symbol id="sm-680">
         <name>DMA_INT2_IRQHandler</name>
         <value>0xb33</value>
      </symbol>
      <symbol id="sm-681">
         <name>DMA_INT1_IRQHandler</name>
         <value>0xb33</value>
      </symbol>
      <symbol id="sm-682">
         <name>DMA_INT0_IRQHandler</name>
         <value>0xb33</value>
      </symbol>
      <symbol id="sm-683">
         <name>PORT1_IRQHandler</name>
         <value>0xb33</value>
      </symbol>
      <symbol id="sm-684">
         <name>PORT2_IRQHandler</name>
         <value>0xb33</value>
      </symbol>
      <symbol id="sm-685">
         <name>PORT3_IRQHandler</name>
         <value>0xb33</value>
      </symbol>
      <symbol id="sm-686">
         <name>PORT4_IRQHandler</name>
         <value>0xb33</value>
      </symbol>
      <symbol id="sm-687">
         <name>PORT5_IRQHandler</name>
         <value>0xb33</value>
      </symbol>
      <symbol id="sm-688">
         <name>PORT6_IRQHandler</name>
         <value>0xb33</value>
      </symbol>
   </symbol_table>
   <title>Link successful</title>
</link_info>
