******************************************************************************
                  TI ARM Linker PC v20.2.7                     
******************************************************************************
>> Linked Thu Nov  7 17:21:55 2024

OUTPUT FILE NAME:   <lab9.out>
ENTRY POINT SYMBOL: "_c_int00_noargs"  address: 00002c61


MEMORY CONFIGURATION

         name            origin    length      used     unused   attr    fill
----------------------  --------  ---------  --------  --------  ----  --------
  MAIN                  00000000   00040000  00002ffc  0003d004  R  X
  INFO                  00200000   00004000  00000000  00004000  R  X
  SRAM_CODE             01000000   00010000  0000032d  0000fcd3  RW X
  SRAM_DATA             20000000   00010000  0000032d  0000fcd3  RW  


SEGMENT ALLOCATION MAP

run origin  load origin   length   init length attrs members
----------  ----------- ---------- ----------- ----- -------
00000000    00000000    00003000   00003000    r-x
  00000000    00000000    000000e4   000000e4    r-- .intvecs
  000000e4    000000e4    00002d88   00002d88    r-x .text
  00002e6c    00002e6c    00000150   00000150    r-- .const
  00002fc0    00002fc0    00000040   00000040    r-- .cinit
20000000    20000000    00000130   00000000    rw-
  20000000    20000000    000000e8   00000000    rw- .vtable
  200000e8    200000e8    00000039   00000000    rw- .bss
  20000124    20000124    0000000c   00000000    rw- .data
2000fe00    2000fe00    00000200   00000000    rw-
  2000fe00    2000fe00    00000200   00000000    rw- .stack


SECTION ALLOCATION MAP

 output                                  attributes/
section   page    origin      length       input sections
--------  ----  ----------  ----------   ----------------
.intvecs   0    00000000    000000e4     
                  00000000    000000e4     startup_msp432p401r_ccs.obj (.intvecs:retain)

.text      0    000000e4    00002d88     
                  000000e4    00000a4e     rtsv7M4_T_le_v4SPD16_eabi.lib : _printfi.c.obj (.text:__TI_printfi)
                  00000b32    00000002     startup_msp432p401r_ccs.obj (.text:Default_Handler)
                  00000b34    00000270     rtsv7M4_T_le_v4SPD16_eabi.lib : _printfi.c.obj (.text:_pconv_a)
                  00000da4    00000238     lab9.obj (.text:configRobotIO)
                  00000fdc    000001d0     rtsv7M4_T_le_v4SPD16_eabi.lib : _printfi.c.obj (.text:_pconv_g)
                  000011ac    000001c0     lab9.obj (.text:main)
                  0000136c    000001b6     rtsv7M4_T_le_v4SPD16_eabi.lib : fd_add_t2.asm.obj (.text)
                  00001522    00000002                                   : div0.asm.obj (.text)
                  00001524    00000158     lab9.obj (.text:motorControl)
                  0000167c    00000144     msp432p4xx_driverlib.lib : timer_a.o (.text:privateTimer_AProcessClockSourceDivider)
                  000017c0    0000013c     rtsv7M4_T_le_v4SPD16_eabi.lib : _printfi.c.obj (.text:_pconv_e)
                  000018fc    00000136                                   : fd_div_t2.asm.obj (.text)
                  00001a32    00000002     --HOLE-- [fill = 0]
                  00001a34    00000124                                   : _printfi.c.obj (.text:fcvt)
                  00001b58    0000011c     msp432p4xx_driverlib.lib : uart.o (.text:UART_initModule)
                  00001c74    00000110     rtsv7M4_T_le_v4SPD16_eabi.lib : s_scalbn.c.obj (.text:scalbn)
                  00001d84    00000104     lab9.obj (.text:allLEDs)
                  00001e88    000000fc     rtsv7M4_T_le_v4SPD16_eabi.lib : fd_mul_t2.asm.obj (.text)
                  00001f84    000000d2     msp432p4xx_driverlib.lib : timer_a.o (.text:Timer_A_registerInterrupt)
                  00002056    00000002     --HOLE-- [fill = 0]
                  00002058    000000bc     lab9.obj (.text:TimerA3Capture_Init)
                  00002114    000000b1     rtsv7M4_T_le_v4SPD16_eabi.lib : _printfi.c.obj (.text:_ltostr)
                  000021c5    00000003     --HOLE-- [fill = 0]
                  000021c8    0000009c     lab9.obj (.text:configPWMTimer)
                  00002264    0000009c     rtsv7M4_T_le_v4SPD16_eabi.lib : memcpy_t2.asm.obj (.text)
                  00002300    00000096                                   : ull_div_t2.asm.obj (.text)
                  00002396    00000002     --HOLE-- [fill = 0]
                  00002398    00000094     lab9.obj (.text:config432IO)
                  0000242c    00000086     rtsv7M4_T_le_v4SPD16_eabi.lib : fd_cmp_t2.asm.obj (.text:__aeabi_cdcmple)
                  000024b2    00000086                                   : fd_cmp_t2.asm.obj (.text:__aeabi_cdrcmple)
                  00002538    00000080     msp432p4xx_driverlib.lib : interrupt.o (.text:Interrupt_enableInterrupt)
                  000025b8    0000007c     HALUART432.obj (.text:UART_init)
                  00002634    0000007a     rtsv7M4_T_le_v4SPD16_eabi.lib : memset_t2.asm.obj (.text)
                  000026ae    00000002     --HOLE-- [fill = 0]
                  000026b0    00000078     system_msp432p401r.obj (.text:SystemInit)
                  00002728    0000006e     rtsv7M4_T_le_v4SPD16_eabi.lib : _printfi.c.obj (.text:_mcpy)
                  00002796    00000002     --HOLE-- [fill = 0]
                  00002798    0000006c     lab9.obj (.text:configTimer)
                  00002804    00000068     msp432p4xx_driverlib.lib : timer_a.o (.text:Timer_A_configureUpMode)
                  0000286c    00000068     rtsv7M4_T_le_v4SPD16_eabi.lib : copy_decompress_lzss.c.obj (.text:decompress:lzss:__TI_decompress_lzss)
                  000028d4    00000064                                   : s_frexp.c.obj (.text:frexp)
                  00002938    0000005c     msp432p4xx_driverlib.lib : interrupt.o (.text:Interrupt_registerInterrupt)
                  00002994    00000056     rtsv7M4_T_le_v4SPD16_eabi.lib : _printfi.c.obj (.text:_pconv_f)
                  000029ea    00000054                                   : _ltoa.c.obj (.text:__TI_ltoa)
                  00002a3e    00000052                                   : _printfi.c.obj (.text:_ecpy)
                  00002a90    0000004c                                   : atoi.c.obj (.text:atoi)
                  00002adc    00000048                                   : fd_toi_t2.asm.obj (.text)
                  00002b24    00000044                                   : autoinit.c.obj (.text:__TI_auto_init_nobinit_nopinit:__TI_auto_init_nobinit_nopinit)
                  00002b68    00000044     lab9.obj (.text:bumperSwitchesHandler)
                  00002bac    00000040     rtsv7M4_T_le_v4SPD16_eabi.lib : sprintf.c.obj (.text:sprintf)
                  00002bec    0000003e                                   : _printfi.c.obj (.text:_fcpy)
                  00002c2a    00000002     --HOLE-- [fill = 0]
                  00002c2c    00000034     lab9.obj (.text:TA3_0_IRQHandler)
                  00002c60    00000034     rtsv7M4_T_le_v4SPD16_eabi.lib : boot_cortex_m.c.obj (.text:_c_int00_noargs:_c_int00_noargs)
                  00002c94    00000030     HALUART432.obj (.text:UART_transmitString)
                  00002cc4    0000002e     rtsv7M4_T_le_v4SPD16_eabi.lib : i_tofd_t2.asm.obj (.text)
                  00002cf2    00000002     --HOLE-- [fill = 0]
                  00002cf4    00000024     msp432p4xx_driverlib.lib : gpio.o (.text:GPIO_registerInterrupt)
                  00002d18    00000020     lab9.obj (.text:ledToggle)
                  00002d38    0000001c     rtsv7M4_T_le_v4SPD16_eabi.lib : copy_zero_init.c.obj (.text:decompress:ZI:__TI_zero_init_nomemset:__TI_zero_init_nomemset)
                  00002d54    0000001c                                   : memccpy.c.obj (.text:memccpy)
                  00002d70    0000001a                                   : s_copysign.c.obj (.text:copysign)
                  00002d8a    00000002     --HOLE-- [fill = 0]
                  00002d8c    00000018     msp432p4xx_driverlib.lib : timer_a.o (.text:Timer_A_enableInterrupt)
                  00002da4    00000018     rtsv7M4_T_le_v4SPD16_eabi.lib : sprintf.c.obj (.text:_outs)
                  00002dbc    00000016     msp432p4xx_driverlib.lib : timer_a.o (.text:Timer_A_clearInterruptFlag)
                  00002dd2    00000016                              : timer_a.o (.text:Timer_A_startCounter)
                  00002de8    00000016     rtsv7M4_T_le_v4SPD16_eabi.lib : strchr.c.obj (.text:strchr)
                  00002dfe    00000014     msp432p4xx_driverlib.lib : timer_a.o (.text:Timer_A_stopTimer)
                  00002e12    00000014     rtsv7M4_T_le_v4SPD16_eabi.lib : strlen.c.obj (.text:strlen)
                  00002e26    00000012                                   : wcslen.c.obj (.text:wcslen)
                  00002e38    0000000e                                   : copy_decompress_none.c.obj (.text:decompress:none:__TI_decompress_none)
                  00002e46    0000000c     startup_msp432p401r_ccs.obj (.text:Reset_Handler)
                  00002e52    0000000a     rtsv7M4_T_le_v4SPD16_eabi.lib : sprintf.c.obj (.text:_outc)
                  00002e5c    00000008                                   : errno.c.obj (.text:__aeabi_errno_addr)
                  00002e64    00000004                                   : pre_init.c.obj (.text:_system_pre_init)
                  00002e68    00000004                                   : exit.c.obj (.text:abort:abort)

.const     0    00002e6c    00000150     
                  00002e6c    00000101     rtsv7M4_T_le_v4SPD16_eabi.lib : ctype.c.obj (.const:.string:_ctypes_)
                  00002f6d    00000003     --HOLE-- [fill = 0]
                  00002f70    00000028     HALUART432.obj (.const:uartConfig)
                  00002f98    0000001c     msp432p4xx_driverlib.lib : gpio.o (.const:GPIO_PORT_TO_INT)
                  00002fb4    00000008                              : interrupt.o (.const:g_pulEnRegs)

.cinit     0    00002fc0    00000040     
                  00002fc0    0000000c     (.cinit..data.load) [load image, compression = lzss]
                  00002fcc    0000000c     (__TI_handler_table)
                  00002fd8    00000008     (.cinit..bss.load) [load image, compression = zero_init]
                  00002fe0    00000008     (.cinit..vtable.load) [load image, compression = zero_init]
                  00002fe8    00000018     (__TI_cinit_table)

.init_array 
*          0    00000000    00000000     UNINITIALIZED

.binit     0    00000000    00000000     

.vtable    0    20000000    000000e8     UNINITIALIZED
                  20000000    000000e8     msp432p4xx_driverlib.lib : interrupt.o (.vtable)

.bss       0    200000e8    00000039     UNINITIALIZED
                  200000e8    00000018     (.common:timerConfig)
                  20000100    00000018     (.common:timerPWMConfig)
                  20000118    00000002     (.common:prevCount)
                  2000011a    00000002     (.common:pulseCount)
                  2000011c    00000002     (.common:rpm)
                  2000011e    00000001     (.common:leftState)
                  2000011f    00000001     (.common:rightSpeed)
                  20000120    00000001     (.common:rightState)

.data      0    20000124    0000000c     UNINITIALIZED
                  20000124    00000008     lab9.obj (.data)
                  2000012c    00000004     rtsv7M4_T_le_v4SPD16_eabi.lib : errno.c.obj (.data)

.stack     0    2000fe00    00000200     UNINITIALIZED
                  2000fe00    00000004     rtsv7M4_T_le_v4SPD16_eabi.lib : boot_cortex_m.c.obj (.stack)
                  2000fe04    000001fc     --HOLE--

__llvm_prf_cnts 
*          0    20000000    00000000     UNINITIALIZED

MODULE SUMMARY

       Module                        code    ro data   rw data
       ------                        ----    -------   -------
    .\
       lab9.obj                      2372    0         130    
       HALUART432.obj                172     40        0      
       system_msp432p401r.obj        120     0         0      
    +--+-----------------------------+-------+---------+---------+
       Total:                        2664    40        130    
                                                              
    .\ccs\
       startup_msp432p401r_ccs.obj   14      228       0      
    +--+-----------------------------+-------+---------+---------+
       Total:                        14      228       0      
                                                              
    C:/ti/simplelink_msp432p4_sdk_3_40_01_02/source/ti/devices/msp432p4xx/driverlib/ccs/msp432p4xx_driverlib.lib
       timer_a.o                     726     0         0      
       interrupt.o                   220     8         464    
       uart.o                        284     0         0      
       gpio.o                        36      28        0      
    +--+-----------------------------+-------+---------+---------+
       Total:                        1266    36        464    
                                                              
    C:\ti\ccs1271\ccs\tools\compiler\ti-cgt-arm_20.2.7.LTS\lib\rtsv7M4_T_le_v4SPD16_eabi.lib
       _printfi.c.obj                4851    0         0      
       fd_add_t2.asm.obj             438     0         0      
       fd_div_t2.asm.obj             310     0         0      
       s_scalbn.c.obj                272     0         0      
       fd_cmp_t2.asm.obj             268     0         0      
       ctype.c.obj                   0       257       0      
       fd_mul_t2.asm.obj             252     0         0      
       memcpy_t2.asm.obj             156     0         0      
       ull_div_t2.asm.obj            150     0         0      
       memset_t2.asm.obj             122     0         0      
       copy_decompress_lzss.c.obj    104     0         0      
       s_frexp.c.obj                 100     0         0      
       sprintf.c.obj                 98      0         0      
       _ltoa.c.obj                   84      0         0      
       atoi.c.obj                    76      0         0      
       fd_toi_t2.asm.obj             72      0         0      
       autoinit.c.obj                68      0         0      
       boot_cortex_m.c.obj           52      0         0      
       i_tofd_t2.asm.obj             46      0         0      
       copy_zero_init.c.obj          28      0         0      
       memccpy.c.obj                 28      0         0      
       s_copysign.c.obj              26      0         0      
       strchr.c.obj                  22      0         0      
       strlen.c.obj                  20      0         0      
       wcslen.c.obj                  18      0         0      
       errno.c.obj                   8       0         8      
       copy_decompress_none.c.obj    14      0         0      
       exit.c.obj                    4       0         0      
       pre_init.c.obj                4       0         0      
       div0.asm.obj                  2       0         0      
    +--+-----------------------------+-------+---------+---------+
       Total:                        7693    257       8      
                                                              
       Stack:                        0       0         1024   
       Linker Generated:             0       64        0      
    +--+-----------------------------+-------+---------+---------+
       Grand Total:                  11637   625       1626   


LINKER GENERATED COPY TABLES

__TI_cinit_table @ 00002fe8 records: 3, size/record: 8, table size: 24
	.data: load addr=00002fc0, load size=0000000c bytes, run addr=20000124, run size=0000000c bytes, compression=lzss
	.bss: load addr=00002fd8, load size=00000008 bytes, run addr=200000e8, run size=00000039 bytes, compression=zero_init
	.vtable: load addr=00002fe0, load size=00000008 bytes, run addr=20000000, run size=000000e8 bytes, compression=zero_init


LINKER GENERATED HANDLER TABLE

__TI_handler_table @ 00002fcc records: 3, size/record: 4, table size: 12
	index: 0, handler: __TI_zero_init
	index: 1, handler: __TI_decompress_lzss
	index: 2, handler: __TI_decompress_none


GLOBAL SYMBOLS: SORTED ALPHABETICALLY BY Name 

address   name                          
-------   ----                          
00000b33  ADC14_IRQHandler              
00000b33  AES256_IRQHandler             
00000b33  BusFault_Handler              
00002e69  C$$EXIT                       
00000b33  COMP_E0_IRQHandler            
00000b33  COMP_E1_IRQHandler            
00000b33  CS_IRQHandler                 
00000b33  DMA_ERR_IRQHandler            
00000b33  DMA_INT0_IRQHandler           
00000b33  DMA_INT1_IRQHandler           
00000b33  DMA_INT2_IRQHandler           
00000b33  DMA_INT3_IRQHandler           
00000b33  DebugMon_Handler              
00000b33  Default_Handler               
00000b33  EUSCIA0_IRQHandler            
00000b33  EUSCIA1_IRQHandler            
00000b33  EUSCIA2_IRQHandler            
00000b33  EUSCIA3_IRQHandler            
00000b33  EUSCIB0_IRQHandler            
00000b33  EUSCIB1_IRQHandler            
00000b33  EUSCIB2_IRQHandler            
00000b33  EUSCIB3_IRQHandler            
00000b33  FLCTL_IRQHandler              
00000b33  FPU_IRQHandler                
00002cf5  GPIO_registerInterrupt        
00000b33  HardFault_Handler             
00002539  Interrupt_enableInterrupt     
00002939  Interrupt_registerInterrupt   
20000126  LED_DIVIDER                   
20000124  LED_PERIOD                    
00000b33  MemManage_Handler             
00000b33  NMI_Handler                   
00000b33  PCM_IRQHandler                
00000b33  PORT1_IRQHandler              
00000b33  PORT2_IRQHandler              
00000b33  PORT3_IRQHandler              
00000b33  PORT4_IRQHandler              
00000b33  PORT5_IRQHandler              
00000b33  PORT6_IRQHandler              
00000b33  PSS_IRQHandler                
2000012a  PULSE_DIVIDER                 
20000128  PULSE_PERIOD                  
00000b33  PendSV_Handler                
00000b33  RTC_C_IRQHandler              
00002e47  Reset_Handler                 
00000b33  SVC_Handler                   
00000b33  SysTick_Handler               
000026b1  SystemInit                    
00000b33  T32_INT1_IRQHandler           
00000b33  T32_INT2_IRQHandler           
00000b33  T32_INTC_IRQHandler           
00000b33  TA0_0_IRQHandler              
00000b33  TA0_N_IRQHandler              
00000b33  TA1_0_IRQHandler              
00000b33  TA1_N_IRQHandler              
00000b33  TA2_0_IRQHandler              
00000b33  TA2_N_IRQHandler              
00002c2d  TA3_0_IRQHandler              
00002c2d  TA3_0_IRQHandler              
00000b33  TA3_N_IRQHandler              
00002059  TimerA3Capture_Init           
00002dbd  Timer_A_clearInterruptFlag    
00002805  Timer_A_configureUpMode       
00002d8d  Timer_A_enableInterrupt       
00001f85  Timer_A_registerInterrupt     
00002dd3  Timer_A_startCounter          
00002dff  Timer_A_stopTimer             
000025b9  UART_init                     
00001b59  UART_initModule               
00002c95  UART_transmitString           
00000b33  UsageFault_Handler            
4000480c  WDTCTL_SYM                    
00000b33  WDT_A_IRQHandler              
20010000  __STACK_END                   
00000200  __STACK_SIZE                  
00002fe8  __TI_CINIT_Base               
00003000  __TI_CINIT_Limit              
00002fcc  __TI_Handler_Table_Base       
00002fd8  __TI_Handler_Table_Limit      
00002b25  __TI_auto_init_nobinit_nopinit
0000286d  __TI_decompress_lzss          
00002e39  __TI_decompress_none          
000029eb  __TI_ltoa                     
ffffffff  __TI_pprof_out_hndl           
000000e5  __TI_printfi                  
ffffffff  __TI_prof_data_size           
ffffffff  __TI_prof_data_start          
00000000  __TI_static_base__            
00002d39  __TI_zero_init_nomemset       
0000242d  __aeabi_cdcmpeq               
0000242d  __aeabi_cdcmple               
000024b3  __aeabi_cdrcmple              
00002add  __aeabi_d2iz                  
00001377  __aeabi_dadd                  
000018fd  __aeabi_ddiv                  
00001e89  __aeabi_dmul                  
0000136d  __aeabi_dsub                  
00002e5d  __aeabi_errno_addr            
00002cc5  __aeabi_i2d                   
00001523  __aeabi_idiv0                 
00001523  __aeabi_ldiv0                 
00002635  __aeabi_memclr                
00002635  __aeabi_memclr4               
00002635  __aeabi_memclr8               
00002265  __aeabi_memcpy                
00002265  __aeabi_memcpy4               
00002265  __aeabi_memcpy8               
00002637  __aeabi_memset                
00002637  __aeabi_memset4               
00002637  __aeabi_memset8               
00002301  __aeabi_uldivmod              
ffffffff  __binit__                     
ffffffff  __c_args__                    
UNDEFED   __mpu_init                    
2000fe00  __stack                       
20000000  __start___llvm_prf_cnts       
20000000  __stop___llvm_prf_cnts        
00002c61  _c_int00_noargs               
00002e6c  _ctypes_                      
UNDEFED   _system_post_cinit            
00002e65  _system_pre_init              
00002e69  abort                         
00001d85  allLEDs                       
00002a91  atoi                          
ffffffff  binit                         
00002b69  bumperSwitchesHandler         
00002399  config432IO                   
000021c9  configPWMTimer                
00000da5  configRobotIO                 
00002799  configTimer                   
00002d71  copysign                      
00002d71  copysignl                     
2000012c  errno                         
000028d5  frexp                         
000028d5  frexpl                        
20000000  g_pfnRAMVectors               
00000000  interruptVectors              
00001c75  ldexp                         
00001c75  ldexpl                        
00002d19  ledToggle                     
2000011e  leftState                     
000011ad  main                          
00002d55  memccpy                       
00002265  memcpy                        
0000263d  memset                        
00001525  motorControl                  
20000118  prevCount                     
2000011a  pulseCount                    
2000011f  rightSpeed                    
20000120  rightState                    
2000011c  rpm                           
00001c75  scalbn                        
00001c75  scalbnl                       
00002bad  sprintf                       
00002de9  strchr                        
00002e13  strlen                        
200000e8  timerConfig                   
20000100  timerPWMConfig                
00002f70  uartConfig                    
00002e27  wcslen                        


GLOBAL SYMBOLS: SORTED BY Symbol Address 

address   name                          
-------   ----                          
00000000  __TI_static_base__            
00000000  interruptVectors              
000000e5  __TI_printfi                  
00000200  __STACK_SIZE                  
00000b33  ADC14_IRQHandler              
00000b33  AES256_IRQHandler             
00000b33  BusFault_Handler              
00000b33  COMP_E0_IRQHandler            
00000b33  COMP_E1_IRQHandler            
00000b33  CS_IRQHandler                 
00000b33  DMA_ERR_IRQHandler            
00000b33  DMA_INT0_IRQHandler           
00000b33  DMA_INT1_IRQHandler           
00000b33  DMA_INT2_IRQHandler           
00000b33  DMA_INT3_IRQHandler           
00000b33  DebugMon_Handler              
00000b33  Default_Handler               
00000b33  EUSCIA0_IRQHandler            
00000b33  EUSCIA1_IRQHandler            
00000b33  EUSCIA2_IRQHandler            
00000b33  EUSCIA3_IRQHandler            
00000b33  EUSCIB0_IRQHandler            
00000b33  EUSCIB1_IRQHandler            
00000b33  EUSCIB2_IRQHandler            
00000b33  EUSCIB3_IRQHandler            
00000b33  FLCTL_IRQHandler              
00000b33  FPU_IRQHandler                
00000b33  HardFault_Handler             
00000b33  MemManage_Handler             
00000b33  NMI_Handler                   
00000b33  PCM_IRQHandler                
00000b33  PORT1_IRQHandler              
00000b33  PORT2_IRQHandler              
00000b33  PORT3_IRQHandler              
00000b33  PORT4_IRQHandler              
00000b33  PORT5_IRQHandler              
00000b33  PORT6_IRQHandler              
00000b33  PSS_IRQHandler                
00000b33  PendSV_Handler                
00000b33  RTC_C_IRQHandler              
00000b33  SVC_Handler                   
00000b33  SysTick_Handler               
00000b33  T32_INT1_IRQHandler           
00000b33  T32_INT2_IRQHandler           
00000b33  T32_INTC_IRQHandler           
00000b33  TA0_0_IRQHandler              
00000b33  TA0_N_IRQHandler              
00000b33  TA1_0_IRQHandler              
00000b33  TA1_N_IRQHandler              
00000b33  TA2_0_IRQHandler              
00000b33  TA2_N_IRQHandler              
00000b33  TA3_N_IRQHandler              
00000b33  UsageFault_Handler            
00000b33  WDT_A_IRQHandler              
00000da5  configRobotIO                 
000011ad  main                          
0000136d  __aeabi_dsub                  
00001377  __aeabi_dadd                  
00001523  __aeabi_idiv0                 
00001523  __aeabi_ldiv0                 
00001525  motorControl                  
000018fd  __aeabi_ddiv                  
00001b59  UART_initModule               
00001c75  ldexp                         
00001c75  ldexpl                        
00001c75  scalbn                        
00001c75  scalbnl                       
00001d85  allLEDs                       
00001e89  __aeabi_dmul                  
00001f85  Timer_A_registerInterrupt     
00002059  TimerA3Capture_Init           
000021c9  configPWMTimer                
00002265  __aeabi_memcpy                
00002265  __aeabi_memcpy4               
00002265  __aeabi_memcpy8               
00002265  memcpy                        
00002301  __aeabi_uldivmod              
00002399  config432IO                   
0000242d  __aeabi_cdcmpeq               
0000242d  __aeabi_cdcmple               
000024b3  __aeabi_cdrcmple              
00002539  Interrupt_enableInterrupt     
000025b9  UART_init                     
00002635  __aeabi_memclr                
00002635  __aeabi_memclr4               
00002635  __aeabi_memclr8               
00002637  __aeabi_memset                
00002637  __aeabi_memset4               
00002637  __aeabi_memset8               
0000263d  memset                        
000026b1  SystemInit                    
00002799  configTimer                   
00002805  Timer_A_configureUpMode       
0000286d  __TI_decompress_lzss          
000028d5  frexp                         
000028d5  frexpl                        
00002939  Interrupt_registerInterrupt   
000029eb  __TI_ltoa                     
00002a91  atoi                          
00002add  __aeabi_d2iz                  
00002b25  __TI_auto_init_nobinit_nopinit
00002b69  bumperSwitchesHandler         
00002bad  sprintf                       
00002c2d  TA3_0_IRQHandler              
00002c2d  TA3_0_IRQHandler              
00002c61  _c_int00_noargs               
00002c95  UART_transmitString           
00002cc5  __aeabi_i2d                   
00002cf5  GPIO_registerInterrupt        
00002d19  ledToggle                     
00002d39  __TI_zero_init_nomemset       
00002d55  memccpy                       
00002d71  copysign                      
00002d71  copysignl                     
00002d8d  Timer_A_enableInterrupt       
00002dbd  Timer_A_clearInterruptFlag    
00002dd3  Timer_A_startCounter          
00002de9  strchr                        
00002dff  Timer_A_stopTimer             
00002e13  strlen                        
00002e27  wcslen                        
00002e39  __TI_decompress_none          
00002e47  Reset_Handler                 
00002e5d  __aeabi_errno_addr            
00002e65  _system_pre_init              
00002e69  C$$EXIT                       
00002e69  abort                         
00002e6c  _ctypes_                      
00002f70  uartConfig                    
00002fcc  __TI_Handler_Table_Base       
00002fd8  __TI_Handler_Table_Limit      
00002fe8  __TI_CINIT_Base               
00003000  __TI_CINIT_Limit              
20000000  __start___llvm_prf_cnts       
20000000  __stop___llvm_prf_cnts        
20000000  g_pfnRAMVectors               
200000e8  timerConfig                   
20000100  timerPWMConfig                
20000118  prevCount                     
2000011a  pulseCount                    
2000011c  rpm                           
2000011e  leftState                     
2000011f  rightSpeed                    
20000120  rightState                    
20000124  LED_PERIOD                    
20000126  LED_DIVIDER                   
20000128  PULSE_PERIOD                  
2000012a  PULSE_DIVIDER                 
2000012c  errno                         
2000fe00  __stack                       
20010000  __STACK_END                   
4000480c  WDTCTL_SYM                    
ffffffff  __TI_pprof_out_hndl           
ffffffff  __TI_prof_data_size           
ffffffff  __TI_prof_data_start          
ffffffff  __binit__                     
ffffffff  __c_args__                    
ffffffff  binit                         
UNDEFED   __mpu_init                    
UNDEFED   _system_post_cinit            

[160 symbols]
